Archive member included to satisfy reference by file (symbol)

/usr/lib/gcc/arm-none-eabi/10.3.1/thumb/v7-m/nofp/libgcc.a(_aeabi_ldivmod.o)
                              build//home/kj/FreeRTOS/FreeRTOS-Plus/Source/FreeRTOS-Plus-TCP/source/FreeRTOS_TCP_IP.o (__aeabi_ldivmod)
/usr/lib/gcc/arm-none-eabi/10.3.1/thumb/v7-m/nofp/libgcc.a(_aeabi_uldivmod.o)
                              build//home/kj/FreeRTOS/FreeRTOS-Plus/Source/FreeRTOS-Plus-TCP/source/FreeRTOS_TCP_IP.o (__aeabi_uldivmod)
/usr/lib/gcc/arm-none-eabi/10.3.1/thumb/v7-m/nofp/libgcc.a(_udivmoddi4.o)
                              /usr/lib/gcc/arm-none-eabi/10.3.1/thumb/v7-m/nofp/libgcc.a(_aeabi_ldivmod.o) (__udivmoddi4)
/usr/lib/gcc/arm-none-eabi/10.3.1/thumb/v7-m/nofp/libgcc.a(_dvmd_tls.o)
                              /usr/lib/gcc/arm-none-eabi/10.3.1/thumb/v7-m/nofp/libgcc.a(_aeabi_ldivmod.o) (__aeabi_ldiv0)
/usr/lib/gcc/arm-none-eabi/10.3.1/../../../arm-none-eabi/lib/thumb/v7-m/nofp/libc_nano.a(lib_a-malloc.o)
                              build//home/kj/FreeRTOS/FreeRTOS/Source/portable/MemMang/heap_3.o (malloc)
/usr/lib/gcc/arm-none-eabi/10.3.1/../../../arm-none-eabi/lib/thumb/v7-m/nofp/libc_nano.a(lib_a-memcmp.o)
                              build//home/kj/FreeRTOS/FreeRTOS-Plus/Source/FreeRTOS-Plus-TCP/source/FreeRTOS_ARP.o (memcmp)
/usr/lib/gcc/arm-none-eabi/10.3.1/../../../arm-none-eabi/lib/thumb/v7-m/nofp/libc_nano.a(lib_a-memcpy.o)
                              build//home/kj/FreeRTOS/FreeRTOS/Source/queue.o (memcpy)
/usr/lib/gcc/arm-none-eabi/10.3.1/../../../arm-none-eabi/lib/thumb/v7-m/nofp/libc_nano.a(lib_a-memmove.o)
                              build//home/kj/FreeRTOS/FreeRTOS-Plus/Source/FreeRTOS-Plus-TCP/source/FreeRTOS_IPv4.o (memmove)
/usr/lib/gcc/arm-none-eabi/10.3.1/../../../arm-none-eabi/lib/thumb/v7-m/nofp/libc_nano.a(lib_a-memset.o)
                              build/app/demos/demo_echo_server.o (memset)
/usr/lib/gcc/arm-none-eabi/10.3.1/../../../arm-none-eabi/lib/thumb/v7-m/nofp/libc_nano.a(lib_a-nano-freer.o)
                              /usr/lib/gcc/arm-none-eabi/10.3.1/../../../arm-none-eabi/lib/thumb/v7-m/nofp/libc_nano.a(lib_a-malloc.o) (_free_r)
/usr/lib/gcc/arm-none-eabi/10.3.1/../../../arm-none-eabi/lib/thumb/v7-m/nofp/libc_nano.a(lib_a-nano-mallocr.o)
                              /usr/lib/gcc/arm-none-eabi/10.3.1/../../../arm-none-eabi/lib/thumb/v7-m/nofp/libc_nano.a(lib_a-malloc.o) (_malloc_r)
/usr/lib/gcc/arm-none-eabi/10.3.1/../../../arm-none-eabi/lib/thumb/v7-m/nofp/libc_nano.a(lib_a-printf.o)
                              build/platform/main_networking.o (printf)
/usr/lib/gcc/arm-none-eabi/10.3.1/../../../arm-none-eabi/lib/thumb/v7-m/nofp/libc_nano.a(lib_a-puts.o)
                              build/TCPEchoClient_SingleTasks.o (puts)
/usr/lib/gcc/arm-none-eabi/10.3.1/../../../arm-none-eabi/lib/thumb/v7-m/nofp/libc_nano.a(lib_a-sbrkr.o)
                              /usr/lib/gcc/arm-none-eabi/10.3.1/../../../arm-none-eabi/lib/thumb/v7-m/nofp/libc_nano.a(lib_a-nano-mallocr.o) (_sbrk_r)
/usr/lib/gcc/arm-none-eabi/10.3.1/../../../arm-none-eabi/lib/thumb/v7-m/nofp/libc_nano.a(lib_a-snprintf.o)
                              build/tcp_heartbeat_demo.o (snprintf)
/usr/lib/gcc/arm-none-eabi/10.3.1/../../../arm-none-eabi/lib/thumb/v7-m/nofp/libc_nano.a(lib_a-sprintf.o)
                              build/TCPEchoClient_SingleTasks.o (sprintf)
/usr/lib/gcc/arm-none-eabi/10.3.1/../../../arm-none-eabi/lib/thumb/v7-m/nofp/libc_nano.a(lib_a-strchr.o)
                              build//home/kj/FreeRTOS/FreeRTOS-Plus/Source/FreeRTOS-Plus-TCP/source/FreeRTOS_DNS.o (strchr)
/usr/lib/gcc/arm-none-eabi/10.3.1/../../../arm-none-eabi/lib/thumb/v7-m/nofp/libc_nano.a(lib_a-strcmp.o)
                              build//home/kj/FreeRTOS/FreeRTOS-Plus/Source/FreeRTOS-Plus-TCP/source/FreeRTOS_DNS.o (strcmp)
/usr/lib/gcc/arm-none-eabi/10.3.1/../../../arm-none-eabi/lib/thumb/v7-m/nofp/libc_nano.a(lib_a-strlen-stub.o)
                              build//home/kj/FreeRTOS/FreeRTOS-Plus/Source/FreeRTOS-Plus-TCP/source/FreeRTOS_DNS.o (strlen)
/usr/lib/gcc/arm-none-eabi/10.3.1/../../../arm-none-eabi/lib/thumb/v7-m/nofp/libc_nano.a(lib_a-strncmp.o)
                              build/TCPEchoClient_SingleTasks.o (strncmp)
/usr/lib/gcc/arm-none-eabi/10.3.1/../../../arm-none-eabi/lib/thumb/v7-m/nofp/libc_nano.a(lib_a-strncpy.o)
                              build//home/kj/FreeRTOS/FreeRTOS-Plus/Source/FreeRTOS-Plus-TCP/source/FreeRTOS_DNS.o (strncpy)
/usr/lib/gcc/arm-none-eabi/10.3.1/../../../arm-none-eabi/lib/thumb/v7-m/nofp/libc_nano.a(lib_a-time.o)
                              build/platform/main_networking.o (time)
/usr/lib/gcc/arm-none-eabi/10.3.1/../../../arm-none-eabi/lib/thumb/v7-m/nofp/libc_nano.a(lib_a-vprintf.o)
                              build/platform/main.o (vprintf)
/usr/lib/gcc/arm-none-eabi/10.3.1/../../../arm-none-eabi/lib/thumb/v7-m/nofp/libc_nano.a(lib_a-wbuf.o)
[...]
Memory Configuration

Name             Origin             Length             Attributes
FLASH            0x0000000000000000 0x0000000000400000 xr
RAM              0x0000000020000000 0x0000000000400000 xrw
*default*        0x0000000000000000 0xffffffffffffffff

Linker script and memory map

LOAD build/startup.o
LOAD build/syscalls.o
LOAD build/platform/main.o
LOAD build/platform/main_networking.o
LOAD build/app/app_main.o
LOAD build/app/network_role.o
LOAD build/app/demo_selector.o
LOAD build/app/demos/demo_echo.o
LOAD build/app/demos/demo_echo_server.o
LOAD build/app/demos/demo_heartbeat.o
LOAD build/TCPEchoClient_SingleTasks.o
LOAD build/tcp_heartbeat_demo.o
LOAD build//home/kj/FreeRTOS/FreeRTOS/Source/tasks.o
LOAD build//home/kj/FreeRTOS/FreeRTOS/Source/list.o
LOAD build//home/kj/FreeRTOS/FreeRTOS/Source/queue.o
LOAD build//home/kj/FreeRTOS/FreeRTOS/Source/event_groups.o
LOAD build//home/kj/FreeRTOS/FreeRTOS/Source/portable/GCC/ARM_CM3/port.o
LOAD build//home/kj/FreeRTOS/FreeRTOS/Source/portable/MemMang/heap_3.o
LOAD build//home/kj/FreeRTOS/FreeRTOS-Plus/Source/FreeRTOS-Plus-TCP/source/FreeRTOS_ARP.o
LOAD build//home/kj/FreeRTOS/FreeRTOS-Plus/Source/FreeRTOS-Plus-TCP/source/FreeRTOS_BitConfig.o
LOAD build//home/kj/FreeRTOS/FreeRTOS-Plus/Source/FreeRTOS-Plus-TCP/source/FreeRTOS_DHCP.o
LOAD build//home/kj/FreeRTOS/FreeRTOS-Plus/Source/FreeRTOS-Plus-TCP/source/FreeRTOS_DHCPv6.o
LOAD build//home/kj/FreeRTOS/FreeRTOS-Plus/Source/FreeRTOS-Plus-TCP/source/FreeRTOS_DNS.o
LOAD build//home/kj/FreeRTOS/FreeRTOS-Plus/Source/FreeRTOS-Plus-TCP/source/FreeRTOS_DNS_Cache.o
LOAD build//home/kj/FreeRTOS/FreeRTOS-Plus/Source/FreeRTOS-Plus-TCP/source/FreeRTOS_DNS_Callback.o
LOAD build//home/kj/FreeRTOS/FreeRTOS-Plus/Source/FreeRTOS-Plus-TCP/source/FreeRTOS_DNS_Networking.o
LOAD build//home/kj/FreeRTOS/FreeRTOS-Plus/Source/FreeRTOS-Plus-TCP/source/FreeRTOS_DNS_Parser.o
LOAD build//home/kj/FreeRTOS/FreeRTOS-Plus/Source/FreeRTOS-Plus-TCP/source/FreeRTOS_ICMP.o
LOAD build//home/kj/FreeRTOS/FreeRTOS-Plus/Source/FreeRTOS-Plus-TCP/source/FreeRTOS_IP.o
LOAD build//home/kj/FreeRTOS/FreeRTOS-Plus/Source/FreeRTOS-Plus-TCP/source/FreeRTOS_IP_Timers.o
LOAD build//home/kj/FreeRTOS/FreeRTOS-Plus/Source/FreeRTOS-Plus-TCP/source/FreeRTOS_IP_Utils.o
LOAD build//home/kj/FreeRTOS/FreeRTOS-Plus/Source/FreeRTOS-Plus-TCP/source/FreeRTOS_IPv4.o
LOAD build//home/kj/FreeRTOS/FreeRTOS-Plus/Source/FreeRTOS-Plus-TCP/source/FreeRTOS_IPv4_Sockets.o
LOAD build//home/kj/FreeRTOS/FreeRTOS-Plus/Source/FreeRTOS-Plus-TCP/source/FreeRTOS_IPv4_Utils.o
LOAD build//home/kj/FreeRTOS/FreeRTOS-Plus/Source/FreeRTOS-Plus-TCP/source/FreeRTOS_IPv6.o
LOAD build//home/kj/FreeRTOS/FreeRTOS-Plus/Source/FreeRTOS-Plus-TCP/source/FreeRTOS_IPv6_Sockets.o
LOAD build//home/kj/FreeRTOS/FreeRTOS-Plus/Source/FreeRTOS-Plus-TCP/source/FreeRTOS_IPv6_Utils.o
LOAD build//home/kj/FreeRTOS/FreeRTOS-Plus/Source/FreeRTOS-Plus-TCP/source/FreeRTOS_ND.o
LOAD build//home/kj/FreeRTOS/FreeRTOS-Plus/Source/FreeRTOS-Plus-TCP/source/FreeRTOS_RA.o
LOAD build//home/kj/FreeRTOS/FreeRTOS-Plus/Source/FreeRTOS-Plus-TCP/source/FreeRTOS_Routing.o
LOAD build//home/kj/FreeRTOS/FreeRTOS-Plus/Source/FreeRTOS-Plus-TCP/source/FreeRTOS_Sockets.o
LOAD build//home/kj/FreeRTOS/FreeRTOS-Plus/Source/FreeRTOS-Plus-TCP/source/FreeRTOS_Stream_Buffer.o
LOAD build//home/kj/FreeRTOS/FreeRTOS-Plus/Source/FreeRTOS-Plus-TCP/source/FreeRTOS_TCP_IP.o
LOAD build//home/kj/FreeRTOS/FreeRTOS-Plus/Source/FreeRTOS-Plus-TCP/source/FreeRTOS_TCP_IP_IPv4.o
LOAD build//home/kj/FreeRTOS/FreeRTOS-Plus/Source/FreeRTOS-Plus-TCP/source/FreeRTOS_TCP_IP_IPv6.o
LOAD build//home/kj/FreeRTOS/FreeRTOS-Plus/Source/FreeRTOS-Plus-TCP/source/FreeRTOS_TCP_Reception.o
LOAD build//home/kj/FreeRTOS/FreeRTOS-Plus/Source/FreeRTOS-Plus-TCP/source/FreeRTOS_TCP_State_Handling.o
LOAD build//home/kj/FreeRTOS/FreeRTOS-Plus/Source/FreeRTOS-Plus-TCP/source/FreeRTOS_TCP_State_Handling_IPv4.o
LOAD build//home/kj/FreeRTOS/FreeRTOS-Plus/Source/FreeRTOS-Plus-TCP/source/FreeRTOS_TCP_State_Handling_IPv6.o
LOAD build//home/kj/FreeRTOS/FreeRTOS-Plus/Source/FreeRTOS-Plus-TCP/source/FreeRTOS_TCP_Transmission.o
LOAD build//home/kj/FreeRTOS/FreeRTOS-Plus/Source/FreeRTOS-Plus-TCP/source/FreeRTOS_TCP_Transmission_IPv4.o
LOAD build//home/kj/FreeRTOS/FreeRTOS-Plus/Source/FreeRTOS-Plus-TCP/source/FreeRTOS_TCP_Transmission_IPv6.o
LOAD build//home/kj/FreeRTOS/FreeRTOS-Plus/Source/FreeRTOS-Plus-TCP/source/FreeRTOS_TCP_Utils.o
LOAD build//home/kj/FreeRTOS/FreeRTOS-Plus/Source/FreeRTOS-Plus-TCP/source/FreeRTOS_TCP_Utils_IPv4.o
LOAD build//home/kj/FreeRTOS/FreeRTOS-Plus/Source/FreeRTOS-Plus-TCP/source/FreeRTOS_TCP_Utils_IPv6.o
LOAD build//home/kj/FreeRTOS/FreeRTOS-Plus/Source/FreeRTOS-Plus-TCP/source/FreeRTOS_TCP_WIN.o
LOAD build//home/kj/FreeRTOS/FreeRTOS-Plus/Source/FreeRTOS-Plus-TCP/source/FreeRTOS_Tiny_TCP.o
LOAD build//home/kj/FreeRTOS/FreeRTOS-Plus/Source/FreeRTOS-Plus-TCP/source/FreeRTOS_UDP_IP.o
LOAD build//home/kj/FreeRTOS/FreeRTOS-Plus/Source/FreeRTOS-Plus-TCP/source/FreeRTOS_UDP_IPv4.o
LOAD build//home/kj/FreeRTOS/FreeRTOS-Plus/Source/FreeRTOS-Plus-TCP/source/FreeRTOS_UDP_IPv6.o
LOAD build//home/kj/FreeRTOS/FreeRTOS-Plus/Source/FreeRTOS-Plus-TCP/source/portable/BufferManagement/BufferAllocation_2.o
LOAD build//home/kj/FreeRTOS/FreeRTOS-Plus/Source/FreeRTOS-Plus-TCP/source/portable/NetworkInterface/MPS2_AN385/NetworkInterface.o
LOAD build//home/kj/FreeRTOS/FreeRTOS-Plus/Source/FreeRTOS-Plus-TCP/source/portable/NetworkInterface/MPS2_AN385/ether_lan9118/smsc9220_eth_drv.o
START GROUP
LOAD /usr/lib/gcc/arm-none-eabi/10.3.1/thumb/v7-m/nofp/libgcc.a
LOAD /usr/lib/gcc/arm-none-eabi/10.3.1/../../../arm-none-eabi/lib/thumb/v7-m/nofp/libc_nano.a
END GROUP
START GROUP
LOAD /usr/lib/gcc/arm-none-eabi/10.3.1/thumb/v7-m/nofp/libgcc.a
LOAD /usr/lib/gcc/arm-none-eabi/10.3.1/../../../arm-none-eabi/lib/thumb/v7-m/nofp/libc_nano.a
LOAD /usr/lib/gcc/arm-none-eabi/10.3.1/../../../arm-none-eabi/lib/thumb/v7-m/nofp/librdimon_nano.a
LOAD /usr/lib/gcc/arm-none-eabi/10.3.1/../../../arm-none-eabi/lib/thumb/v7-m/nofp/libnosys.a
END GROUP
START GROUP
LOAD /usr/lib/gcc/arm-none-eabi/10.3.1/thumb/v7-m/nofp/libgcc.a
LOAD /usr/lib/gcc/arm-none-eabi/10.3.1/../../../arm-none-eabi/lib/thumb/v7-m/nofp/libc_nano.a
LOAD /usr/lib/gcc/arm-none-eabi/10.3.1/../../../arm-none-eabi/lib/thumb/v7-m/nofp/libnosys.a
END GROUP
START GROUP
LOAD /usr/lib/gcc/arm-none-eabi/10.3.1/thumb/v7-m/nofp/libgcc.a
LOAD /usr/lib/gcc/arm-none-eabi/10.3.1/../../../arm-none-eabi/lib/thumb/v7-m/nofp/libc_nano.a
LOAD /usr/lib/gcc/arm-none-eabi/10.3.1/../../../arm-none-eabi/lib/thumb/v7-m/nofp/librdimon_nano.a
END GROUP
                0x0000000000040000                _Min_Heap_Size = 0x40000
                0x0000000000004000                _Min_Stack_Size = 0x4000
                0x0000000000000100                M_VECTOR_RAM_SIZE = 0x100
                0x0000000020400000                _estack = (ORIGIN (RAM) + LENGTH (RAM))

.isr_vector     0x0000000000000000       0x78
                0x0000000000000000                __vector_table = .
 *(.isr_vector)
 .isr_vector    0x0000000000000000       0x78 build/startup.o
                0x0000000000000000                isr_vector
                0x0000000000000078                . = ALIGN (0x4)

.text           0x0000000000000078     0xb60c
                0x0000000000000078                . = ALIGN (0x4)
 *(.text*)
 .text.Reset_Handler
                0x0000000000000078       0x4c build/startup.o
                0x0000000000000078                Reset_Handler
 .text.Default_Handler
                0x00000000000000c4        0xc build/startup.o
 .text.Default_Handler2
                0x00000000000000d0       0x18 build/startup.o
 .text.Default_Handler3
                0x00000000000000e8        0x2 build/startup.o
 .text.Default_Handler4
                0x00000000000000ea        0x2 build/startup.o
 .text.Default_Handler5
                0x00000000000000ec        0x2 build/startup.o
 .text.Default_Handler6
                0x00000000000000ee        0x2 build/startup.o
 .text.prvGetRegistersFromStack
                0x00000000000000f0       0x24 build/startup.o
 .text.exit     0x0000000000000114       0x14 build/startup.o
                0x0000000000000114                exit
 .text._start   0x0000000000000128       0x10 build/startup.o
                0x0000000000000128                _start
 .text.uart_init
                0x0000000000000138        0xe build/syscalls.o
                0x0000000000000138                uart_init
 .text._fstat   0x0000000000000146        0x4 build/syscalls.o
                0x0000000000000146                _fstat
 .text._read    0x000000000000014a        0x6 build/syscalls.o
                0x000000000000014a                _read
 .text._write   0x0000000000000150       0x1a build/syscalls.o
                0x0000000000000150                _write
 *fill*         0x000000000000016a        0x2 
 .text._sbrk    0x000000000000016c       0x20 build/syscalls.o
                0x000000000000016c                _sbrk
 .text.startup.main
                0x000000000000018c        0x8 build/platform/main.o
                0x000000000000018c                main
 .text.vApplicationMallocFailedHook
                0x0000000000000194       0x12 build/platform/main.o
                0x0000000000000194                vApplicationMallocFailedHook
 .text.vAssertCalled
                0x00000000000001a6       0x1a build/platform/main.o
                0x00000000000001a6                vAssertCalled
 .text.vLoggingPrintf
                0x00000000000001c0       0x1a build/platform/main.o
                0x00000000000001c0                vLoggingPrintf
 *fill*         0x00000000000001da        0x2 
 .text.main_tcp_network_init
                0x00000000000001dc       0x6c build/platform/main_networking.o
                0x00000000000001dc                main_tcp_network_init
 .text.vApplicationIPNetworkEventHook_Multi
                0x0000000000000248       0x78 build/platform/main_networking.o
                0x0000000000000248                vApplicationIPNetworkEventHook_Multi
 .text.xApplicationDNSQueryHook_Multi
                0x00000000000002c0        0x4 build/platform/main_networking.o
                0x00000000000002c0                xApplicationDNSQueryHook_Multi
 .text.ulApplicationGetNextSequenceNumber
                0x00000000000002c4       0x1c build/platform/main_networking.o
                0x00000000000002c4                ulApplicationGetNextSequenceNumber
 .text.xApplicationGetRandomNumber
                0x00000000000002e0       0x20 build/platform/main_networking.o
                0x00000000000002e0                xApplicationGetRandomNumber
 .text.vApplicationStart
                0x0000000000000300        0x4 build/app/app_main.o
                0x0000000000000300                vApplicationStart
 .text.vStartEchoDemo
                0x0000000000000304       0x2c build/app/demos/demo_echo.o
                0x0000000000000304                vStartEchoDemo
 .text.prvEchoServerTask
                0x0000000000000330      0x134 build/app/demos/demo_echo_server.o
 .text.vStartEchoServer
                0x0000000000000464       0x48 build/app/demos/demo_echo_server.o
                0x0000000000000464                vStartEchoServer
 .text.prvIdleTask
                0x00000000000004ac        0x2 build//home/kj/FreeRTOS/FreeRTOS/Source/tasks.o
 *fill*         0x00000000000004ae        0x2 
 .text.prvResetNextTaskUnblockTime
                0x00000000000004b0       0x24 build//home/kj/FreeRTOS/FreeRTOS/Source/tasks.o
 .text.prvAddCurrentTaskToDelayedList.constprop.0
                0x00000000000004d4       0x78 build//home/kj/FreeRTOS/FreeRTOS/Source/tasks.o
 .text.xTaskCreate
                0x000000000000054c      0x1b4 build//home/kj/FreeRTOS/FreeRTOS/Source/tasks.o
                0x000000000000054c                xTaskCreate
 .text.vTaskStartScheduler
                0x0000000000000700       0x88 build//home/kj/FreeRTOS/FreeRTOS/Source/tasks.o
                0x0000000000000700                vTaskStartScheduler
 .text.vTaskSuspendAll
                0x0000000000000788       0x10 build//home/kj/FreeRTOS/FreeRTOS/Source/tasks.o
                0x0000000000000788                vTaskSuspendAll
 .text.xTaskGetTickCount
                0x0000000000000798        0xc build//home/kj/FreeRTOS/FreeRTOS/Source/tasks.o
                0x0000000000000798                xTaskGetTickCount
 .text.xTaskIncrementTick
                0x00000000000007a4      0x17c build//home/kj/FreeRTOS/FreeRTOS/Source/tasks.o
                0x00000000000007a4                xTaskIncrementTick
 .text.xTaskResumeAll
                0x0000000000000920      0x154 build//home/kj/FreeRTOS/FreeRTOS/Source/tasks.o
                0x0000000000000920                xTaskResumeAll
 .text.vTaskDelay
                0x0000000000000a74       0x40 build//home/kj/FreeRTOS/FreeRTOS/Source/tasks.o
                0x0000000000000a74                vTaskDelay
 .text.vTaskSwitchContext
                0x0000000000000ab4       0x6c build//home/kj/FreeRTOS/FreeRTOS/Source/tasks.o
                0x0000000000000ab4                vTaskSwitchContext
 .text.vTaskPlaceOnEventList
                0x0000000000000b20       0x28 build//home/kj/FreeRTOS/FreeRTOS/Source/tasks.o
                0x0000000000000b20                vTaskPlaceOnEventList
 .text.vTaskPlaceOnUnorderedEventList
                0x0000000000000b48       0x58 build//home/kj/FreeRTOS/FreeRTOS/Source/tasks.o
                0x0000000000000b48                vTaskPlaceOnUnorderedEventList
 .text.xTaskRemoveFromEventList
                0x0000000000000ba0       0xc4 build//home/kj/FreeRTOS/FreeRTOS/Source/tasks.o
                0x0000000000000ba0                xTaskRemoveFromEventList
 .text.vTaskRemoveFromUnorderedEventList
                0x0000000000000c64       0xb0 build//home/kj/FreeRTOS/FreeRTOS/Source/tasks.o
                0x0000000000000c64                vTaskRemoveFromUnorderedEventList
 .text.vTaskSetTimeOutState
                0x0000000000000d14       0x2c build//home/kj/FreeRTOS/FreeRTOS/Source/tasks.o
                0x0000000000000d14                vTaskSetTimeOutState
 .text.vTaskInternalSetTimeOutState
                0x0000000000000d40       0x18 build//home/kj/FreeRTOS/FreeRTOS/Source/tasks.o
                0x0000000000000d40                vTaskInternalSetTimeOutState
 .text.xTaskCheckForTimeOut
                0x0000000000000d58       0x58 build//home/kj/FreeRTOS/FreeRTOS/Source/tasks.o
                0x0000000000000d58                xTaskCheckForTimeOut
 .text.vTaskMissedYield
                0x0000000000000db0        0xc build//home/kj/FreeRTOS/FreeRTOS/Source/tasks.o
                0x0000000000000db0                vTaskMissedYield
 .text.xTaskGetCurrentTaskHandle
                0x0000000000000dbc        0xc build//home/kj/FreeRTOS/FreeRTOS/Source/tasks.o
                0x0000000000000dbc                xTaskGetCurrentTaskHandle
 .text.xTaskPriorityInherit
                0x0000000000000dc8       0xa4 build//home/kj/FreeRTOS/FreeRTOS/Source/tasks.o
                0x0000000000000dc8                xTaskPriorityInherit
 .text.xTaskPriorityDisinherit
                0x0000000000000e6c       0x8c build//home/kj/FreeRTOS/FreeRTOS/Source/tasks.o
                0x0000000000000e6c                xTaskPriorityDisinherit
 .text.vTaskPriorityDisinheritAfterTimeout
                0x0000000000000ef8       0xa0 build//home/kj/FreeRTOS/FreeRTOS/Source/tasks.o
                0x0000000000000ef8                vTaskPriorityDisinheritAfterTimeout
 .text.uxTaskResetEventItemValue
                0x0000000000000f98       0x18 build//home/kj/FreeRTOS/FreeRTOS/Source/tasks.o
                0x0000000000000f98                uxTaskResetEventItemValue
 .text.pvTaskIncrementMutexHeldCount
                0x0000000000000fb0       0x14 build//home/kj/FreeRTOS/FreeRTOS/Source/tasks.o
                0x0000000000000fb0                pvTaskIncrementMutexHeldCount
 .text.ulTaskGenericNotifyTake
                0x0000000000000fc4       0xa0 build//home/kj/FreeRTOS/FreeRTOS/Source/tasks.o
                0x0000000000000fc4                ulTaskGenericNotifyTake
 .text.vTaskGenericNotifyGiveFromISR
                0x0000000000001064       0xfc build//home/kj/FreeRTOS/FreeRTOS/Source/tasks.o
                0x0000000000001064                vTaskGenericNotifyGiveFromISR
 .text.vListInitialise
                0x0000000000001160       0x16 build//home/kj/FreeRTOS/FreeRTOS/Source/list.o
                0x0000000000001160                vListInitialise
 .text.vListInitialiseItem
                0x0000000000001176        0x6 build//home/kj/FreeRTOS/FreeRTOS/Source/list.o
                0x0000000000001176                vListInitialiseItem
 .text.vListInsertEnd
                0x000000000000117c       0x18 build//home/kj/FreeRTOS/FreeRTOS/Source/list.o
                0x000000000000117c                vListInsertEnd
 .text.vListInsert
                0x0000000000001194       0x2e build//home/kj/FreeRTOS/FreeRTOS/Source/list.o
                0x0000000000001194                vListInsert
 .text.uxListRemove
                0x00000000000011c2       0x1e build//home/kj/FreeRTOS/FreeRTOS/Source/list.o
                0x00000000000011c2                uxListRemove
 .text.prvIsQueueEmpty
                0x00000000000011e0       0x16 build//home/kj/FreeRTOS/FreeRTOS/Source/queue.o
 .text.prvCopyDataToQueue
                0x00000000000011f6       0x6a build//home/kj/FreeRTOS/FreeRTOS/Source/queue.o
 .text.prvCopyDataFromQueue
                0x0000000000001260       0x28 build//home/kj/FreeRTOS/FreeRTOS/Source/queue.o
 .text.prvUnlockQueue
                0x0000000000001288       0x70 build//home/kj/FreeRTOS/FreeRTOS/Source/queue.o
 .text.xQueueGenericReset
                0x00000000000012f8       0x88 build//home/kj/FreeRTOS/FreeRTOS/Source/queue.o
                0x00000000000012f8                xQueueGenericReset
 .text.xQueueGenericCreate
                0x0000000000001380       0x44 build//home/kj/FreeRTOS/FreeRTOS/Source/queue.o
                0x0000000000001380                xQueueGenericCreate
 .text.xQueueCreateCountingSemaphore
                0x00000000000013c4       0x20 build//home/kj/FreeRTOS/FreeRTOS/Source/queue.o
                0x00000000000013c4                xQueueCreateCountingSemaphore
 .text.xQueueGenericSend
                0x00000000000013e4      0x122 build//home/kj/FreeRTOS/FreeRTOS/Source/queue.o
                0x00000000000013e4                xQueueGenericSend
 .text.xQueueReceive
                0x0000000000001506       0xfe build//home/kj/FreeRTOS/FreeRTOS/Source/queue.o
                0x0000000000001506                xQueueReceive
 .text.xQueueSemaphoreTake
                0x0000000000001604      0x134 build//home/kj/FreeRTOS/FreeRTOS/Source/queue.o
                0x0000000000001604                xQueueSemaphoreTake
 .text.uxQueueMessagesWaiting
                0x0000000000001738       0x18 build//home/kj/FreeRTOS/FreeRTOS/Source/queue.o
                0x0000000000001738                uxQueueMessagesWaiting
 .text.vQueueDelete
                0x0000000000001750       0x14 build//home/kj/FreeRTOS/FreeRTOS/Source/queue.o
                0x0000000000001750                vQueueDelete
 .text.xEventGroupCreate
                0x0000000000001764       0x1a build//home/kj/FreeRTOS/FreeRTOS/Source/event_groups.o
                0x0000000000001764                xEventGroupCreate
 .text.xEventGroupWaitBits
                0x000000000000177e       0xce build//home/kj/FreeRTOS/FreeRTOS/Source/event_groups.o
                0x000000000000177e                xEventGroupWaitBits
 .text.xEventGroupClearBits
                0x000000000000184c       0x2a build//home/kj/FreeRTOS/FreeRTOS/Source/event_groups.o
                0x000000000000184c                xEventGroupClearBits
 .text.xEventGroupSetBits
                0x0000000000001876       0x6c build//home/kj/FreeRTOS/FreeRTOS/Source/event_groups.o
                0x0000000000001876                xEventGroupSetBits
 .text.vEventGroupDelete
                0x00000000000018e2       0x3a build//home/kj/FreeRTOS/FreeRTOS/Source/event_groups.o
                0x00000000000018e2                vEventGroupDelete
 .text.vPortSVCHandler
                0x000000000000191c       0x24 build//home/kj/FreeRTOS/FreeRTOS/Source/portable/GCC/ARM_CM3/port.o
                0x000000000000191c                vPortSVCHandler
 .text.prvPortStartFirstTask
                0x0000000000001940       0x20 build//home/kj/FreeRTOS/FreeRTOS/Source/portable/GCC/ARM_CM3/port.o
 .text.xPortPendSVHandler
                0x0000000000001960       0x44 build//home/kj/FreeRTOS/FreeRTOS/Source/portable/GCC/ARM_CM3/port.o
                0x0000000000001960                xPortPendSVHandler
 .text.prvTaskExitError
                0x00000000000019a4       0x34 build//home/kj/FreeRTOS/FreeRTOS/Source/portable/GCC/ARM_CM3/port.o
 .text.pxPortInitialiseStack
                0x00000000000019d8       0x24 build//home/kj/FreeRTOS/FreeRTOS/Source/portable/GCC/ARM_CM3/port.o
                0x00000000000019d8                pxPortInitialiseStack
 .text.vPortEnterCritical
                0x00000000000019fc       0x34 build//home/kj/FreeRTOS/FreeRTOS/Source/portable/GCC/ARM_CM3/port.o
                0x00000000000019fc                vPortEnterCritical
 .text.vPortExitCritical
                0x0000000000001a30       0x20 build//home/kj/FreeRTOS/FreeRTOS/Source/portable/GCC/ARM_CM3/port.o
                0x0000000000001a30                vPortExitCritical
 .text.xPortSysTickHandler
                0x0000000000001a50       0x2c build//home/kj/FreeRTOS/FreeRTOS/Source/portable/GCC/ARM_CM3/port.o
                0x0000000000001a50                xPortSysTickHandler
 .text.vPortSetupTimerInterrupt
                0x0000000000001a7c       0x16 build//home/kj/FreeRTOS/FreeRTOS/Source/portable/GCC/ARM_CM3/port.o
                0x0000000000001a7c                vPortSetupTimerInterrupt
 *fill*         0x0000000000001a92        0x2 
 .text.xPortStartScheduler
                0x0000000000001a94       0xf0 build//home/kj/FreeRTOS/FreeRTOS/Source/portable/GCC/ARM_CM3/port.o
                0x0000000000001a94                xPortStartScheduler
 .text.vPortValidateInterruptPriority
                0x0000000000001b84       0x44 build//home/kj/FreeRTOS/FreeRTOS/Source/portable/GCC/ARM_CM3/port.o
                0x0000000000001b84                vPortValidateInterruptPriority
 .text.pvPortMalloc
                0x0000000000001bc8       0x1e build//home/kj/FreeRTOS/FreeRTOS/Source/portable/MemMang/heap_3.o
                0x0000000000001bc8                pvPortMalloc
 .text.vPortFree
                0x0000000000001be6       0x1a build//home/kj/FreeRTOS/FreeRTOS/Source/portable/MemMang/heap_3.o
                0x0000000000001be6                vPortFree
 .text.xIsIPInARPCache
                0x0000000000001c00       0x28 build//home/kj/FreeRTOS/FreeRTOS-Plus/Source/FreeRTOS-Plus-TCP/source/FreeRTOS_ARP.o
                0x0000000000001c00                xIsIPInARPCache
 .text.vARPRefreshCacheEntryAge
                0x0000000000001c28       0x40 build//home/kj/FreeRTOS/FreeRTOS-Plus/Source/FreeRTOS-Plus-TCP/source/FreeRTOS_ARP.o
                0x0000000000001c28                vARPRefreshCacheEntryAge
 .text.vARPRefreshCacheEntry
                0x0000000000001c68       0xe8 build//home/kj/FreeRTOS/FreeRTOS-Plus/Source/FreeRTOS-Plus-TCP/source/FreeRTOS_ARP.o
                0x0000000000001c68                vARPRefreshCacheEntry
 .text.eARPGetCacheEntry
                0x0000000000001d50      0x100 build//home/kj/FreeRTOS/FreeRTOS-Plus/Source/FreeRTOS-Plus-TCP/source/FreeRTOS_ARP.o
                0x0000000000001d50                eARPGetCacheEntry
 .text.vARPGenerateRequestPacket
                0x0000000000001e50       0x64 build//home/kj/FreeRTOS/FreeRTOS-Plus/Source/FreeRTOS-Plus-TCP/source/FreeRTOS_ARP.o
                0x0000000000001e50                vARPGenerateRequestPacket
 .text.FreeRTOS_OutputARPRequest_Multi
                0x0000000000001eb4       0x60 build//home/kj/FreeRTOS/FreeRTOS-Plus/Source/FreeRTOS-Plus-TCP/source/FreeRTOS_ARP.o
                0x0000000000001eb4                FreeRTOS_OutputARPRequest_Multi
 .text.eARPProcessPacket
                0x0000000000001f14      0x1f8 build//home/kj/FreeRTOS/FreeRTOS-Plus/Source/FreeRTOS-Plus-TCP/source/FreeRTOS_ARP.o
                0x0000000000001f14                eARPProcessPacket
 .text.xCheckRequiresARPResolution
                0x000000000000210c       0x42 build//home/kj/FreeRTOS/FreeRTOS-Plus/Source/FreeRTOS-Plus-TCP/source/FreeRTOS_ARP.o
                0x000000000000210c                xCheckRequiresARPResolution
 .text.FreeRTOS_OutputARPRequest
                0x000000000000214e       0x16 build//home/kj/FreeRTOS/FreeRTOS-Plus/Source/FreeRTOS-Plus-TCP/source/FreeRTOS_ARP.o
                0x000000000000214e                FreeRTOS_OutputARPRequest
 .text.vARPAgeCache
                0x0000000000002164       0x74 build//home/kj/FreeRTOS/FreeRTOS-Plus/Source/FreeRTOS-Plus-TCP/source/FreeRTOS_ARP.o
                0x0000000000002164                vARPAgeCache
 .text.FreeRTOS_ClearARP
                0x00000000000021d8       0x38 build//home/kj/FreeRTOS/FreeRTOS-Plus/Source/FreeRTOS-Plus-TCP/source/FreeRTOS_ARP.o
                0x00000000000021d8                FreeRTOS_ClearARP
 .text.pxNew_AddrInfo
                0x0000000000002210       0x52 build//home/kj/FreeRTOS/FreeRTOS-Plus/Source/FreeRTOS-Plus-TCP/source/FreeRTOS_DNS.o
                0x0000000000002210                pxNew_AddrInfo
 .text.FreeRTOS_freeaddrinfo
                0x0000000000002262       0x12 build//home/kj/FreeRTOS/FreeRTOS-Plus/Source/FreeRTOS-Plus-TCP/source/FreeRTOS_DNS.o
                0x0000000000002262                FreeRTOS_freeaddrinfo
 .text.ulDNSHandlePacket
                0x0000000000002274       0x3e build//home/kj/FreeRTOS/FreeRTOS-Plus/Source/FreeRTOS-Plus-TCP/source/FreeRTOS_DNS.o
                0x0000000000002274                ulDNSHandlePacket
 .text.ulNBNSHandlePacket
                0x00000000000022b2       0x18 build//home/kj/FreeRTOS/FreeRTOS-Plus/Source/FreeRTOS-Plus-TCP/source/FreeRTOS_DNS.o
                0x00000000000022b2                ulNBNSHandlePacket
 *fill*         0x00000000000022ca        0x2 
 .text.FreeRTOS_dnsclear
                0x00000000000022cc       0x1c build//home/kj/FreeRTOS/FreeRTOS-Plus/Source/FreeRTOS-Plus-TCP/source/FreeRTOS_DNS_Cache.o
                0x00000000000022cc                FreeRTOS_dnsclear
 .text.FreeRTOS_ProcessDNSCache
                0x00000000000022e8      0x164 build//home/kj/FreeRTOS/FreeRTOS-Plus/Source/FreeRTOS-Plus-TCP/source/FreeRTOS_DNS_Cache.o
                0x00000000000022e8                FreeRTOS_ProcessDNSCache
 .text.FreeRTOS_dns_update
                0x000000000000244c       0x14 build//home/kj/FreeRTOS/FreeRTOS-Plus/Source/FreeRTOS-Plus-TCP/source/FreeRTOS_DNS_Cache.o
                0x000000000000244c                FreeRTOS_dns_update
 .text.DNS_ReadNameField
                0x0000000000002460       0x7a build//home/kj/FreeRTOS/FreeRTOS-Plus/Source/FreeRTOS-Plus-TCP/source/FreeRTOS_DNS_Parser.o
                0x0000000000002460                DNS_ReadNameField
 .text.DNS_SkipNameField
                0x00000000000024da       0x42 build//home/kj/FreeRTOS/FreeRTOS-Plus/Source/FreeRTOS-Plus-TCP/source/FreeRTOS_DNS_Parser.o
                0x00000000000024da                DNS_SkipNameField
 .text.parseDNSAnswer
                0x000000000000251c      0x200 build//home/kj/FreeRTOS/FreeRTOS-Plus/Source/FreeRTOS-Plus-TCP/source/FreeRTOS_DNS_Parser.o
                0x000000000000251c                parseDNSAnswer
 .text.prepareReplyDNSMessage
                0x000000000000271c       0xa8 build//home/kj/FreeRTOS/FreeRTOS-Plus/Source/FreeRTOS-Plus-TCP/source/FreeRTOS_DNS_Parser.o
                0x000000000000271c                prepareReplyDNSMessage
 .text.DNS_ParseDNSReply
                0x00000000000027c4      0x254 build//home/kj/FreeRTOS/FreeRTOS-Plus/Source/FreeRTOS-Plus-TCP/source/FreeRTOS_DNS_Parser.o
                0x00000000000027c4                DNS_ParseDNSReply
 .text.DNS_TreatNBNS
                0x0000000000002a18      0x174 build//home/kj/FreeRTOS/FreeRTOS-Plus/Source/FreeRTOS-Plus-TCP/source/FreeRTOS_DNS_Parser.o
                0x0000000000002a18                DNS_TreatNBNS
 .text.ProcessICMPPacket
                0x0000000000002b8c       0x6a build//home/kj/FreeRTOS/FreeRTOS-Plus/Source/FreeRTOS-Plus-TCP/source/FreeRTOS_ICMP.o
                0x0000000000002b8c                ProcessICMPPacket
 *fill*         0x0000000000002bf6        0x2 
 .text.FreeRTOS_GetIPTaskHandle
                0x0000000000002bf8        0xc build//home/kj/FreeRTOS/FreeRTOS-Plus/Source/FreeRTOS-Plus-TCP/source/FreeRTOS_IP.o
                0x0000000000002bf8                FreeRTOS_GetIPTaskHandle
 .text.vIPNetworkUpCalls
                0x0000000000002c04       0x2e build//home/kj/FreeRTOS/FreeRTOS-Plus/Source/FreeRTOS-Plus-TCP/source/FreeRTOS_IP.o
                0x0000000000002c04                vIPNetworkUpCalls
 *fill*         0x0000000000002c32        0x2 
 .text.FreeRTOS_IPInit_Multi
                0x0000000000002c34       0x70 build//home/kj/FreeRTOS/FreeRTOS-Plus/Source/FreeRTOS-Plus-TCP/source/FreeRTOS_IP.o
                0x0000000000002c34                FreeRTOS_IPInit_Multi
 .text.FreeRTOS_GetEndPointConfiguration
                0x0000000000002ca4       0x28 build//home/kj/FreeRTOS/FreeRTOS-Plus/Source/FreeRTOS-Plus-TCP/source/FreeRTOS_IP.o
                0x0000000000002ca4                FreeRTOS_GetEndPointConfiguration
 .text.xSendEventStructToIPTask
                0x0000000000002ccc       0x54 build//home/kj/FreeRTOS/FreeRTOS-Plus/Source/FreeRTOS-Plus-TCP/source/FreeRTOS_IP.o
                0x0000000000002ccc                xSendEventStructToIPTask
 .text.FreeRTOS_NetworkDown
                0x0000000000002d20       0x40 build//home/kj/FreeRTOS/FreeRTOS-Plus/Source/FreeRTOS-Plus-TCP/source/FreeRTOS_IP.o
                0x0000000000002d20                FreeRTOS_NetworkDown
 .text.xSendEventToIPTask
                0x0000000000002d60       0x16 build//home/kj/FreeRTOS/FreeRTOS-Plus/Source/FreeRTOS-Plus-TCP/source/FreeRTOS_IP.o
                0x0000000000002d60                xSendEventToIPTask
 *fill*         0x0000000000002d76        0x2 
 .text.vReturnEthernetFrame
                0x0000000000002d78       0xd8 build//home/kj/FreeRTOS/FreeRTOS-Plus/Source/FreeRTOS-Plus-TCP/source/FreeRTOS_IP.o
                0x0000000000002d78                vReturnEthernetFrame
 .text.xIPIsNetworkTaskReady
                0x0000000000002e50        0xc build//home/kj/FreeRTOS/FreeRTOS-Plus/Source/FreeRTOS-Plus-TCP/source/FreeRTOS_IP.o
                0x0000000000002e50                xIPIsNetworkTaskReady
 .text.uxIPHeaderSizePacket
                0x0000000000002e5c       0x12 build//home/kj/FreeRTOS/FreeRTOS-Plus/Source/FreeRTOS-Plus-TCP/source/FreeRTOS_IP.o
                0x0000000000002e5c                uxIPHeaderSizePacket
 *fill*         0x0000000000002e6e        0x2 
 .text.prvIPTask
                0x0000000000002e70      0x348 build//home/kj/FreeRTOS/FreeRTOS-Plus/Source/FreeRTOS-Plus-TCP/source/FreeRTOS_IP.o
 .text.uxIPHeaderSizeSocket
                0x00000000000031b8       0x14 build//home/kj/FreeRTOS/FreeRTOS-Plus/Source/FreeRTOS-Plus-TCP/source/FreeRTOS_IP.o
                0x00000000000031b8                uxIPHeaderSizeSocket
 .text.prvIPTimerStart
                0x00000000000031cc       0x26 build//home/kj/FreeRTOS/FreeRTOS-Plus/Source/FreeRTOS-Plus-TCP/source/FreeRTOS_IP_Timers.o
 .text.prvIPTimerCheck
                0x00000000000031f2       0x3a build//home/kj/FreeRTOS/FreeRTOS-Plus/Source/FreeRTOS-Plus-TCP/source/FreeRTOS_IP_Timers.o
 .text.xCalculateSleepTime
                0x000000000000322c       0x58 build//home/kj/FreeRTOS/FreeRTOS-Plus/Source/FreeRTOS-Plus-TCP/source/FreeRTOS_IP_Timers.o
                0x000000000000322c                xCalculateSleepTime
 .text.vCheckNetworkTimers
                0x0000000000003284       0xc8 build//home/kj/FreeRTOS/FreeRTOS-Plus/Source/FreeRTOS-Plus-TCP/source/FreeRTOS_IP_Timers.o
                0x0000000000003284                vCheckNetworkTimers
 .text.vIPTimerStartARPResolution
                0x000000000000334c        0xc build//home/kj/FreeRTOS/FreeRTOS-Plus/Source/FreeRTOS-Plus-TCP/source/FreeRTOS_IP_Timers.o
                0x000000000000334c                vIPTimerStartARPResolution
 .text.vTCPTimerReload
                0x0000000000003358       0x10 build//home/kj/FreeRTOS/FreeRTOS-Plus/Source/FreeRTOS-Plus-TCP/source/FreeRTOS_IP_Timers.o
                0x0000000000003358                vTCPTimerReload
 .text.vARPTimerReload
                0x0000000000003368       0x10 build//home/kj/FreeRTOS/FreeRTOS-Plus/Source/FreeRTOS-Plus-TCP/source/FreeRTOS_IP_Timers.o
                0x0000000000003368                vARPTimerReload
 .text.vNetworkTimerReload
                0x0000000000003378       0x10 build//home/kj/FreeRTOS/FreeRTOS-Plus/Source/FreeRTOS-Plus-TCP/source/FreeRTOS_IP_Timers.o
                0x0000000000003378                vNetworkTimerReload
 .text.vIPSetTCPTimerExpiredState
                0x0000000000003388       0x20 build//home/kj/FreeRTOS/FreeRTOS-Plus/Source/FreeRTOS-Plus-TCP/source/FreeRTOS_IP_Timers.o
                0x0000000000003388                vIPSetTCPTimerExpiredState
 .text.vIPSetARPTimerEnableState
                0x00000000000033a8       0x18 build//home/kj/FreeRTOS/FreeRTOS-Plus/Source/FreeRTOS-Plus-TCP/source/FreeRTOS_IP_Timers.o
                0x00000000000033a8                vIPSetARPTimerEnableState
 .text.vIPSetARPResolutionTimerEnableState
                0x00000000000033c0       0x18 build//home/kj/FreeRTOS/FreeRTOS-Plus/Source/FreeRTOS-Plus-TCP/source/FreeRTOS_IP_Timers.o
                0x00000000000033c0                vIPSetARPResolutionTimerEnableState
 .text.vSetAllNetworksUp
                0x00000000000033d8        0xc build//home/kj/FreeRTOS/FreeRTOS-Plus/Source/FreeRTOS-Plus-TCP/source/FreeRTOS_IP_Timers.o
                0x00000000000033d8                vSetAllNetworksUp
 .text.prvSetChecksumInPacket
                0x00000000000033e4       0x2c build//home/kj/FreeRTOS/FreeRTOS-Plus/Source/FreeRTOS-Plus-TCP/source/FreeRTOS_IP_Utils.o
 .text.pxDuplicateNetworkBufferWithDescriptor
                0x0000000000003410       0x44 build//home/kj/FreeRTOS/FreeRTOS-Plus/Source/FreeRTOS-Plus-TCP/source/FreeRTOS_IP_Utils.o
                0x0000000000003410                pxDuplicateNetworkBufferWithDescriptor
 .text.pxUDPPayloadBuffer_to_NetworkBuffer
                0x0000000000003454       0x24 build//home/kj/FreeRTOS/FreeRTOS-Plus/Source/FreeRTOS-Plus-TCP/source/FreeRTOS_IP_Utils.o
                0x0000000000003454                pxUDPPayloadBuffer_to_NetworkBuffer
 .text.xIsCallingFromIPTask
                0x0000000000003478       0x14 build//home/kj/FreeRTOS/FreeRTOS-Plus/Source/FreeRTOS-Plus-TCP/source/FreeRTOS_IP_Utils.o
                0x0000000000003478                xIsCallingFromIPTask
 .text.prvProcessNetworkDownEvent
                0x000000000000348c       0xac build//home/kj/FreeRTOS/FreeRTOS-Plus/Source/FreeRTOS-Plus-TCP/source/FreeRTOS_IP_Utils.o
                0x000000000000348c                prvProcessNetworkDownEvent
 .text.vPreCheckConfigs
                0x0000000000003538       0x2c build//home/kj/FreeRTOS/FreeRTOS-Plus/Source/FreeRTOS-Plus-TCP/source/FreeRTOS_IP_Utils.o
                0x0000000000003538                vPreCheckConfigs
 .text.usGenerateChecksum
                0x0000000000003564       0xea build//home/kj/FreeRTOS/FreeRTOS-Plus/Source/FreeRTOS-Plus-TCP/source/FreeRTOS_IP_Utils.o
                0x0000000000003564                usGenerateChecksum
 *fill*         0x000000000000364e        0x2 
 .text.usGenerateProtocolChecksum
                0x0000000000003650      0x1d8 build//home/kj/FreeRTOS/FreeRTOS-Plus/Source/FreeRTOS-Plus-TCP/source/FreeRTOS_IP_Utils.o
                0x0000000000003650                usGenerateProtocolChecksum
 .text.FreeRTOS_max_size_t
                0x0000000000003828        0x8 build//home/kj/FreeRTOS/FreeRTOS-Plus/Source/FreeRTOS-Plus-TCP/source/FreeRTOS_IP_Utils.o
                0x0000000000003828                FreeRTOS_max_size_t
 .text.FreeRTOS_min_int32
                0x0000000000003830        0x8 build//home/kj/FreeRTOS/FreeRTOS-Plus/Source/FreeRTOS-Plus-TCP/source/FreeRTOS_IP_Utils.o
                0x0000000000003830                FreeRTOS_min_int32
 .text.FreeRTOS_min_uint32
                0x0000000000003838        0x8 build//home/kj/FreeRTOS/FreeRTOS-Plus/Source/FreeRTOS-Plus-TCP/source/FreeRTOS_IP_Utils.o
                0x0000000000003838                FreeRTOS_min_uint32
 .text.FreeRTOS_min_size_t
                0x0000000000003840        0x8 build//home/kj/FreeRTOS/FreeRTOS-Plus/Source/FreeRTOS-Plus-TCP/source/FreeRTOS_IP_Utils.o
                0x0000000000003840                FreeRTOS_min_size_t
 .text.FreeRTOS_add_int32
                0x0000000000003848       0x24 build//home/kj/FreeRTOS/FreeRTOS-Plus/Source/FreeRTOS-Plus-TCP/source/FreeRTOS_IP_Utils.o
                0x0000000000003848                FreeRTOS_add_int32
 .text.FreeRTOS_multiply_int32
                0x000000000000386c       0x4c build//home/kj/FreeRTOS/FreeRTOS-Plus/Source/FreeRTOS-Plus-TCP/source/FreeRTOS_IP_Utils.o
                0x000000000000386c                FreeRTOS_multiply_int32
 .text.FreeRTOS_round_up
                0x00000000000038b8       0x1a build//home/kj/FreeRTOS/FreeRTOS-Plus/Source/FreeRTOS-Plus-TCP/source/FreeRTOS_IP_Utils.o
                0x00000000000038b8                FreeRTOS_round_up
 .text.ulChar2u32
                0x00000000000038d2        0x6 build//home/kj/FreeRTOS/FreeRTOS-Plus/Source/FreeRTOS-Plus-TCP/source/FreeRTOS_IP_Utils.o
                0x00000000000038d2                ulChar2u32
 .text.usChar2u16
                0x00000000000038d8        0x8 build//home/kj/FreeRTOS/FreeRTOS-Plus/Source/FreeRTOS-Plus-TCP/source/FreeRTOS_IP_Utils.o
                0x00000000000038d8                usChar2u16
 .text.xIsIPv4Multicast
                0x00000000000038e0       0x12 build//home/kj/FreeRTOS/FreeRTOS-Plus/Source/FreeRTOS-Plus-TCP/source/FreeRTOS_IPv4.o
                0x00000000000038e0                xIsIPv4Multicast
 .text.xIsIPv4Loopback
                0x00000000000038f2       0x12 build//home/kj/FreeRTOS/FreeRTOS-Plus/Source/FreeRTOS-Plus-TCP/source/FreeRTOS_IPv4.o
                0x00000000000038f2                xIsIPv4Loopback
 .text.xBadIPv4Loopback
                0x0000000000003904       0x24 build//home/kj/FreeRTOS/FreeRTOS-Plus/Source/FreeRTOS-Plus-TCP/source/FreeRTOS_IPv4.o
                0x0000000000003904                xBadIPv4Loopback
 .text.prvAllowIPPacketIPv4
                0x0000000000003928      0x180 build//home/kj/FreeRTOS/FreeRTOS-Plus/Source/FreeRTOS-Plus-TCP/source/FreeRTOS_IPv4.o
                0x0000000000003928                prvAllowIPPacketIPv4
 .text.prvCheckIP4HeaderOptions
                0x0000000000003aa8       0x48 build//home/kj/FreeRTOS/FreeRTOS-Plus/Source/FreeRTOS-Plus-TCP/source/FreeRTOS_IPv4.o
                0x0000000000003aa8                prvCheckIP4HeaderOptions
 .text.FreeRTOS_inet_ntop4
                0x0000000000003af0       0x16 build//home/kj/FreeRTOS/FreeRTOS-Plus/Source/FreeRTOS-Plus-TCP/source/FreeRTOS_IPv4_Sockets.o
                0x0000000000003af0                FreeRTOS_inet_ntop4
 .text.vSetMultiCastIPv4MacAddress
                0x0000000000003b06       0x1c build//home/kj/FreeRTOS/FreeRTOS-Plus/Source/FreeRTOS-Plus-TCP/source/FreeRTOS_IPv4_Utils.o
                0x0000000000003b06                vSetMultiCastIPv4MacAddress
 .text.prvChecksumIPv4Checks
                0x0000000000003b22       0x6a build//home/kj/FreeRTOS/FreeRTOS-Plus/Source/FreeRTOS-Plus-TCP/source/FreeRTOS_IPv4_Utils.o
                0x0000000000003b22                prvChecksumIPv4Checks
 .text.FreeRTOS_FillEndPoint
                0x0000000000003b8c       0xec build//home/kj/FreeRTOS/FreeRTOS-Plus/Source/FreeRTOS-Plus-TCP/source/FreeRTOS_Routing.o
                0x0000000000003b8c                FreeRTOS_FillEndPoint
 .text.FreeRTOS_AddNetworkInterface
                0x0000000000003c78       0x24 build//home/kj/FreeRTOS/FreeRTOS-Plus/Source/FreeRTOS-Plus-TCP/source/FreeRTOS_Routing.o
                0x0000000000003c78                FreeRTOS_AddNetworkInterface
 .text.FreeRTOS_FirstNetworkInterface
                0x0000000000003c9c        0xc build//home/kj/FreeRTOS/FreeRTOS-Plus/Source/FreeRTOS-Plus-TCP/source/FreeRTOS_Routing.o
                0x0000000000003c9c                FreeRTOS_FirstNetworkInterface
 .text.FreeRTOS_NextNetworkInterface
                0x0000000000003ca8        0x6 build//home/kj/FreeRTOS/FreeRTOS-Plus/Source/FreeRTOS-Plus-TCP/source/FreeRTOS_Routing.o
                0x0000000000003ca8                FreeRTOS_NextNetworkInterface
 *fill*         0x0000000000003cae        0x2 
 .text.FreeRTOS_FirstEndPoint
                0x0000000000003cb0       0x1c build//home/kj/FreeRTOS/FreeRTOS-Plus/Source/FreeRTOS-Plus-TCP/source/FreeRTOS_Routing.o
                0x0000000000003cb0                FreeRTOS_FirstEndPoint
 .text.FreeRTOS_NextEndPoint
                0x0000000000003ccc       0x1c build//home/kj/FreeRTOS/FreeRTOS-Plus/Source/FreeRTOS-Plus-TCP/source/FreeRTOS_Routing.o
                0x0000000000003ccc                FreeRTOS_NextEndPoint
 .text.FreeRTOS_FindEndPointOnIP_IPv4
                0x0000000000003ce8       0x1c build//home/kj/FreeRTOS/FreeRTOS-Plus/Source/FreeRTOS-Plus-TCP/source/FreeRTOS_Routing.o
                0x0000000000003ce8                FreeRTOS_FindEndPointOnIP_IPv4
 .text.FreeRTOS_InterfaceEndPointOnNetMask
                0x0000000000003d04       0x2c build//home/kj/FreeRTOS/FreeRTOS-Plus/Source/FreeRTOS-Plus-TCP/source/FreeRTOS_Routing.o
                0x0000000000003d04                FreeRTOS_InterfaceEndPointOnNetMask
 .text.FreeRTOS_FindEndPointOnNetMask
                0x0000000000003d30        0x8 build//home/kj/FreeRTOS/FreeRTOS-Plus/Source/FreeRTOS-Plus-TCP/source/FreeRTOS_Routing.o
                0x0000000000003d30                FreeRTOS_FindEndPointOnNetMask
 .text.pxEasyFit
                0x0000000000003d38       0x9e build//home/kj/FreeRTOS/FreeRTOS-Plus/Source/FreeRTOS-Plus-TCP/source/FreeRTOS_Routing.o
                0x0000000000003d38                pxEasyFit
 .text.FreeRTOS_MatchingEndpoint
                0x0000000000003dd6       0x8e build//home/kj/FreeRTOS/FreeRTOS-Plus/Source/FreeRTOS-Plus-TCP/source/FreeRTOS_Routing.o
                0x0000000000003dd6                FreeRTOS_MatchingEndpoint
 .text.FreeRTOS_FindGateWay
                0x0000000000003e64       0x18 build//home/kj/FreeRTOS/FreeRTOS-Plus/Source/FreeRTOS-Plus-TCP/source/FreeRTOS_Routing.o
                0x0000000000003e64                FreeRTOS_FindGateWay
 .text.xCheckRequiresResolution
                0x0000000000003e7c       0x1a build//home/kj/FreeRTOS/FreeRTOS-Plus/Source/FreeRTOS-Plus-TCP/source/FreeRTOS_Routing.o
                0x0000000000003e7c                xCheckRequiresResolution
 *fill*         0x0000000000003e96        0x2 
 .text.prvTCPCreateStream
                0x0000000000003e98       0xa0 build//home/kj/FreeRTOS/FreeRTOS-Plus/Source/FreeRTOS-Plus-TCP/source/FreeRTOS_Sockets.o
 .text.pxListFindListItemWithValue
                0x0000000000003f38       0x24 build//home/kj/FreeRTOS/FreeRTOS-Plus/Source/FreeRTOS-Plus-TCP/source/FreeRTOS_Sockets.o
 .text.prvValidSocket
                0x0000000000003f5c       0x20 build//home/kj/FreeRTOS/FreeRTOS-Plus/Source/FreeRTOS-Plus-TCP/source/FreeRTOS_Sockets.o
 .text.prvTCPSendCheck
                0x0000000000003f7c       0x5e build//home/kj/FreeRTOS/FreeRTOS-Plus/Source/FreeRTOS-Plus-TCP/source/FreeRTOS_Sockets.o
 *fill*         0x0000000000003fda        0x2 
 .text.vNetworkSocketsInit
                0x0000000000003fdc       0x1c build//home/kj/FreeRTOS/FreeRTOS-Plus/Source/FreeRTOS-Plus-TCP/source/FreeRTOS_Sockets.o
                0x0000000000003fdc                vNetworkSocketsInit
 .text.FreeRTOS_socket
                0x0000000000003ff8      0x130 build//home/kj/FreeRTOS/FreeRTOS-Plus/Source/FreeRTOS-Plus-TCP/source/FreeRTOS_Sockets.o
                0x0000000000003ff8                FreeRTOS_socket
 .text.FreeRTOS_bind
                0x0000000000004128       0x8c build//home/kj/FreeRTOS/FreeRTOS-Plus/Source/FreeRTOS-Plus-TCP/source/FreeRTOS_Sockets.o
                0x0000000000004128                FreeRTOS_bind
 .text.vSocketBind
                0x00000000000041b4       0xf0 build//home/kj/FreeRTOS/FreeRTOS-Plus/Source/FreeRTOS-Plus-TCP/source/FreeRTOS_Sockets.o
                0x00000000000041b4                vSocketBind
 .text.FreeRTOS_closesocket
                0x00000000000042a4       0x2e build//home/kj/FreeRTOS/FreeRTOS-Plus/Source/FreeRTOS-Plus-TCP/source/FreeRTOS_Sockets.o
                0x00000000000042a4                FreeRTOS_closesocket
 *fill*         0x00000000000042d2        0x2 
 .text.vSocketClose
                0x00000000000042d4       0xd8 build//home/kj/FreeRTOS/FreeRTOS-Plus/Source/FreeRTOS-Plus-TCP/source/FreeRTOS_Sockets.o
                0x00000000000042d4                vSocketClose
 .text.pxUDPSocketLookup
                0x00000000000043ac       0x20 build//home/kj/FreeRTOS/FreeRTOS-Plus/Source/FreeRTOS-Plus-TCP/source/FreeRTOS_Sockets.o
                0x00000000000043ac                pxUDPSocketLookup
 .text.FreeRTOS_inet_ntoa
                0x00000000000043cc       0x8a build//home/kj/FreeRTOS/FreeRTOS-Plus/Source/FreeRTOS-Plus-TCP/source/FreeRTOS_Sockets.o
                0x00000000000043cc                FreeRTOS_inet_ntoa
 .text.FreeRTOS_inet_ntop
                0x0000000000004456       0x1a build//home/kj/FreeRTOS/FreeRTOS-Plus/Source/FreeRTOS-Plus-TCP/source/FreeRTOS_Sockets.o
                0x0000000000004456                FreeRTOS_inet_ntop
 .text.FreeRTOS_GetLocalAddress
                0x0000000000004470       0x1c build//home/kj/FreeRTOS/FreeRTOS-Plus/Source/FreeRTOS-Plus-TCP/source/FreeRTOS_Sockets.o
                0x0000000000004470                FreeRTOS_GetLocalAddress
 .text.vSocketWakeUpUser
                0x000000000000448c       0x38 build//home/kj/FreeRTOS/FreeRTOS-Plus/Source/FreeRTOS-Plus-TCP/source/FreeRTOS_Sockets.o
                0x000000000000448c                vSocketWakeUpUser
 .text.FreeRTOS_accept
                0x00000000000044c4      0x120 build//home/kj/FreeRTOS/FreeRTOS-Plus/Source/FreeRTOS-Plus-TCP/source/FreeRTOS_Sockets.o
                0x00000000000044c4                FreeRTOS_accept
 .text.FreeRTOS_recv
                0x00000000000045e4      0x112 build//home/kj/FreeRTOS/FreeRTOS-Plus/Source/FreeRTOS-Plus-TCP/source/FreeRTOS_Sockets.o
                0x00000000000045e4                FreeRTOS_recv
 .text.FreeRTOS_send
                0x00000000000046f6      0x108 build//home/kj/FreeRTOS/FreeRTOS-Plus/Source/FreeRTOS-Plus-TCP/source/FreeRTOS_Sockets.o
                0x00000000000046f6                FreeRTOS_send
 .text.FreeRTOS_listen
                0x00000000000047fe       0x7e build//home/kj/FreeRTOS/FreeRTOS-Plus/Source/FreeRTOS-Plus-TCP/source/FreeRTOS_Sockets.o
                0x00000000000047fe                FreeRTOS_listen
 .text.xTCPTimerCheck
                0x000000000000487c       0x88 build//home/kj/FreeRTOS/FreeRTOS-Plus/Source/FreeRTOS-Plus-TCP/source/FreeRTOS_Sockets.o
                0x000000000000487c                xTCPTimerCheck
 .text.pxTCPSocketLookup
                0x0000000000004904       0x54 build//home/kj/FreeRTOS/FreeRTOS-Plus/Source/FreeRTOS-Plus-TCP/source/FreeRTOS_Sockets.o
                0x0000000000004904                pxTCPSocketLookup
 .text.lTCPAddRxdata
                0x0000000000004958       0x80 build//home/kj/FreeRTOS/FreeRTOS-Plus/Source/FreeRTOS-Plus-TCP/source/FreeRTOS_Sockets.o
                0x0000000000004958                lTCPAddRxdata
 .text.FreeRTOS_tx_space
                0x00000000000049d8       0x20 build//home/kj/FreeRTOS/FreeRTOS-Plus/Source/FreeRTOS-Plus-TCP/source/FreeRTOS_Sockets.o
                0x00000000000049d8                FreeRTOS_tx_space
 .text.FreeRTOS_tx_size
                0x00000000000049f8       0x18 build//home/kj/FreeRTOS/FreeRTOS-Plus/Source/FreeRTOS-Plus-TCP/source/FreeRTOS_Sockets.o
                0x00000000000049f8                FreeRTOS_tx_size
 .text.FreeRTOS_issocketconnected
                0x0000000000004a10       0x1e build//home/kj/FreeRTOS/FreeRTOS-Plus/Source/FreeRTOS-Plus-TCP/source/FreeRTOS_Sockets.o
                0x0000000000004a10                FreeRTOS_issocketconnected
 *fill*         0x0000000000004a2e        0x2 
 .text.prvSockopt_so_buffer
                0x0000000000004a30       0xc4 build//home/kj/FreeRTOS/FreeRTOS-Plus/Source/FreeRTOS-Plus-TCP/source/FreeRTOS_Sockets.o
 .text.FreeRTOS_setsockopt
                0x0000000000004af4      0x192 build//home/kj/FreeRTOS/FreeRTOS-Plus/Source/FreeRTOS-Plus-TCP/source/FreeRTOS_Sockets.o
                0x0000000000004af4                FreeRTOS_setsockopt
 .text.FreeRTOS_rx_size
                0x0000000000004c86       0x18 build//home/kj/FreeRTOS/FreeRTOS-Plus/Source/FreeRTOS-Plus-TCP/source/FreeRTOS_Sockets.o
                0x0000000000004c86                FreeRTOS_rx_size
 *fill*         0x0000000000004c9e        0x2 
 .text.vTCPNetStat
                0x0000000000004ca0      0x1b8 build//home/kj/FreeRTOS/FreeRTOS-Plus/Source/FreeRTOS-Plus-TCP/source/FreeRTOS_Sockets.o
                0x0000000000004ca0                vTCPNetStat
 .text.vSocketSelect
                0x0000000000004e58      0x110 build//home/kj/FreeRTOS/FreeRTOS-Plus/Source/FreeRTOS-Plus-TCP/source/FreeRTOS_Sockets.o
                0x0000000000004e58                vSocketSelect
 .text.uxStreamBufferSpace
                0x0000000000004f68       0x10 build//home/kj/FreeRTOS/FreeRTOS-Plus/Source/FreeRTOS-Plus-TCP/source/FreeRTOS_Stream_Buffer.o
                0x0000000000004f68                uxStreamBufferSpace
 .text.uxStreamBufferDistance
                0x0000000000004f78        0xe build//home/kj/FreeRTOS/FreeRTOS-Plus/Source/FreeRTOS-Plus-TCP/source/FreeRTOS_Stream_Buffer.o
                0x0000000000004f78                uxStreamBufferDistance
 .text.uxStreamBufferGetSpace
                0x0000000000004f86        0x8 build//home/kj/FreeRTOS/FreeRTOS-Plus/Source/FreeRTOS-Plus-TCP/source/FreeRTOS_Stream_Buffer.o
                0x0000000000004f86                uxStreamBufferGetSpace
 .text.uxStreamBufferFrontSpace
                0x0000000000004f8e        0x8 build//home/kj/FreeRTOS/FreeRTOS-Plus/Source/FreeRTOS-Plus-TCP/source/FreeRTOS_Stream_Buffer.o
                0x0000000000004f8e                uxStreamBufferFrontSpace
 .text.uxStreamBufferGetSize
                0x0000000000004f96        0x8 build//home/kj/FreeRTOS/FreeRTOS-Plus/Source/FreeRTOS-Plus-TCP/source/FreeRTOS_Stream_Buffer.o
                0x0000000000004f96                uxStreamBufferGetSize
 .text.uxStreamBufferMidSpace
                0x0000000000004f9e        0x8 build//home/kj/FreeRTOS/FreeRTOS-Plus/Source/FreeRTOS-Plus-TCP/source/FreeRTOS_Stream_Buffer.o
                0x0000000000004f9e                uxStreamBufferMidSpace
 .text.vStreamBufferClear
                0x0000000000004fa6        0xc build//home/kj/FreeRTOS/FreeRTOS-Plus/Source/FreeRTOS-Plus-TCP/source/FreeRTOS_Stream_Buffer.o
                0x0000000000004fa6                vStreamBufferClear
 .text.vStreamBufferMoveMid
                0x0000000000004fb2       0x20 build//home/kj/FreeRTOS/FreeRTOS-Plus/Source/FreeRTOS-Plus-TCP/source/FreeRTOS_Stream_Buffer.o
                0x0000000000004fb2                vStreamBufferMoveMid
 .text.uxStreamBufferGetPtr
                0x0000000000004fd2       0x20 build//home/kj/FreeRTOS/FreeRTOS-Plus/Source/FreeRTOS-Plus-TCP/source/FreeRTOS_Stream_Buffer.o
                0x0000000000004fd2                uxStreamBufferGetPtr
 .text.uxStreamBufferAdd
                0x0000000000004ff2       0x94 build//home/kj/FreeRTOS/FreeRTOS-Plus/Source/FreeRTOS-Plus-TCP/source/FreeRTOS_Stream_Buffer.o
                0x0000000000004ff2                uxStreamBufferAdd
 .text.uxStreamBufferGet
                0x0000000000005086       0x82 build//home/kj/FreeRTOS/FreeRTOS-Plus/Source/FreeRTOS-Plus-TCP/source/FreeRTOS_Stream_Buffer.o
                0x0000000000005086                uxStreamBufferGet
 .text.vSocketCloseNextTime
                0x0000000000005108       0x1c build//home/kj/FreeRTOS/FreeRTOS-Plus/Source/FreeRTOS-Plus-TCP/source/FreeRTOS_TCP_IP.o
                0x0000000000005108                vSocketCloseNextTime
 .text.vSocketListenNextTime
                0x0000000000005124       0x20 build//home/kj/FreeRTOS/FreeRTOS-Plus/Source/FreeRTOS-Plus-TCP/source/FreeRTOS_TCP_IP.o
                0x0000000000005124                vSocketListenNextTime
 .text.prvTCPTouchSocket
                0x0000000000005144       0x28 build//home/kj/FreeRTOS/FreeRTOS-Plus/Source/FreeRTOS-Plus-TCP/source/FreeRTOS_TCP_IP.o
                0x0000000000005144                prvTCPTouchSocket
 .text.vTCPStateChange
                0x000000000000516c      0x234 build//home/kj/FreeRTOS/FreeRTOS-Plus/Source/FreeRTOS-Plus-TCP/source/FreeRTOS_TCP_IP.o
                0x000000000000516c                vTCPStateChange
 .text.prvTCPNextTimeout
                0x00000000000053a0       0x8a build//home/kj/FreeRTOS/FreeRTOS-Plus/Source/FreeRTOS-Plus-TCP/source/FreeRTOS_TCP_IP.o
                0x00000000000053a0                prvTCPNextTimeout
 .text.xTCPSocketCheck
                0x000000000000542a       0x8e build//home/kj/FreeRTOS/FreeRTOS-Plus/Source/FreeRTOS-Plus-TCP/source/FreeRTOS_TCP_IP.o
                0x000000000000542a                xTCPSocketCheck
 .text.xProcessReceivedTCPPacket
                0x00000000000054b8      0x1f6 build//home/kj/FreeRTOS/FreeRTOS-Plus/Source/FreeRTOS-Plus-TCP/source/FreeRTOS_TCP_IP.o
                0x00000000000054b8                xProcessReceivedTCPPacket
 *fill*         0x00000000000056ae        0x2 
 .text.xTCPCheckNewClient
                0x00000000000056b0       0x3c build//home/kj/FreeRTOS/FreeRTOS-Plus/Source/FreeRTOS-Plus-TCP/source/FreeRTOS_TCP_IP.o
                0x00000000000056b0                xTCPCheckNewClient
 .text.prvCheckOptions
                0x00000000000056ec      0x17c build//home/kj/FreeRTOS/FreeRTOS-Plus/Source/FreeRTOS-Plus-TCP/source/FreeRTOS_TCP_Reception.o
                0x00000000000056ec                prvCheckOptions
 .text.prvCheckRxData
                0x0000000000005868       0x78 build//home/kj/FreeRTOS/FreeRTOS-Plus/Source/FreeRTOS-Plus-TCP/source/FreeRTOS_TCP_Reception.o
                0x0000000000005868                prvCheckRxData
 .text.prvStoreRxData
                0x00000000000058e0       0x9c build//home/kj/FreeRTOS/FreeRTOS-Plus/Source/FreeRTOS-Plus-TCP/source/FreeRTOS_TCP_Reception.o
                0x00000000000058e0                prvStoreRxData
 .text.prvTCPHandleFin
                0x000000000000597c       0xbc build//home/kj/FreeRTOS/FreeRTOS-Plus/Source/FreeRTOS-Plus-TCP/source/FreeRTOS_TCP_State_Handling.o
 .text.prvTCPSocketIsActive
                0x0000000000005a38       0x1a build//home/kj/FreeRTOS/FreeRTOS-Plus/Source/FreeRTOS-Plus-TCP/source/FreeRTOS_TCP_State_Handling.o
                0x0000000000005a38                prvTCPSocketIsActive
 .text.prvTCPStatusAgeCheck
                0x0000000000005a52       0x48 build//home/kj/FreeRTOS/FreeRTOS-Plus/Source/FreeRTOS-Plus-TCP/source/FreeRTOS_TCP_State_Handling.o
                0x0000000000005a52                prvTCPStatusAgeCheck
 .text.prvTCPHandleState
                0x0000000000005a9a      0x3b6 build//home/kj/FreeRTOS/FreeRTOS-Plus/Source/FreeRTOS-Plus-TCP/source/FreeRTOS_TCP_State_Handling.o
                0x0000000000005a9a                prvTCPHandleState
 .text.prvHandleListen
                0x0000000000005e50       0x20 build//home/kj/FreeRTOS/FreeRTOS-Plus/Source/FreeRTOS-Plus-TCP/source/FreeRTOS_TCP_State_Handling.o
                0x0000000000005e50                prvHandleListen
 .text.prvTCPSocketCopy
                0x0000000000005e70       0x9a build//home/kj/FreeRTOS/FreeRTOS-Plus/Source/FreeRTOS-Plus-TCP/source/FreeRTOS_TCP_State_Handling.o
                0x0000000000005e70                prvTCPSocketCopy
 *fill*         0x0000000000005f0a        0x2 
 .text.FreeRTOS_GetTCPStateName
                0x0000000000005f0c       0x14 build//home/kj/FreeRTOS/FreeRTOS-Plus/Source/FreeRTOS-Plus-TCP/source/FreeRTOS_TCP_State_Handling.o
                0x0000000000005f0c                FreeRTOS_GetTCPStateName
 .text.prvHandleListen_IPV4
                0x0000000000005f20      0x140 build//home/kj/FreeRTOS/FreeRTOS-Plus/Source/FreeRTOS-Plus-TCP/source/FreeRTOS_TCP_State_Handling_IPv4.o
                0x0000000000005f20                prvHandleListen_IPV4
 .text.prvTCPReturnPacket
                0x0000000000006060       0x24 build//home/kj/FreeRTOS/FreeRTOS-Plus/Source/FreeRTOS-Plus-TCP/source/FreeRTOS_TCP_Transmission.o
                0x0000000000006060                prvTCPReturnPacket
 .text.prvTCPReturn_CheckTCPWindow
                0x0000000000006084       0x70 build//home/kj/FreeRTOS/FreeRTOS-Plus/Source/FreeRTOS-Plus-TCP/source/FreeRTOS_TCP_Transmission.o
                0x0000000000006084                prvTCPReturn_CheckTCPWindow
 .text.prvTCPReturn_SetSequenceNumber
                0x00000000000060f4       0x5e build//home/kj/FreeRTOS/FreeRTOS-Plus/Source/FreeRTOS-Plus-TCP/source/FreeRTOS_TCP_Transmission.o
                0x00000000000060f4                prvTCPReturn_SetSequenceNumber
 .text.prvTCPCreateWindow
                0x0000000000006152       0x2e build//home/kj/FreeRTOS/FreeRTOS-Plus/Source/FreeRTOS-Plus-TCP/source/FreeRTOS_TCP_Transmission.o
                0x0000000000006152                prvTCPCreateWindow
 .text.prvSetSynAckOptions
                0x0000000000006180       0x4c build//home/kj/FreeRTOS/FreeRTOS-Plus/Source/FreeRTOS-Plus-TCP/source/FreeRTOS_TCP_Transmission.o
                0x0000000000006180                prvSetSynAckOptions
 .text.prvTCPBufferResize
                0x00000000000061cc       0x7c build//home/kj/FreeRTOS/FreeRTOS-Plus/Source/FreeRTOS-Plus-TCP/source/FreeRTOS_TCP_Transmission.o
                0x00000000000061cc                prvTCPBufferResize
 .text.prvTCPReturn_SetEndPoint
                0x0000000000006248       0xa4 build//home/kj/FreeRTOS/FreeRTOS-Plus/Source/FreeRTOS-Plus-TCP/source/FreeRTOS_TCP_Transmission.o
                0x0000000000006248                prvTCPReturn_SetEndPoint
 .text.prvTCPPrepareSend
                0x00000000000062ec      0x1da build//home/kj/FreeRTOS/FreeRTOS-Plus/Source/FreeRTOS-Plus-TCP/source/FreeRTOS_TCP_Transmission.o
                0x00000000000062ec                prvTCPPrepareSend
 .text.prvTCPSendRepeated
                0x00000000000064c6       0x36 build//home/kj/FreeRTOS/FreeRTOS-Plus/Source/FreeRTOS-Plus-TCP/source/FreeRTOS_TCP_Transmission.o
                0x00000000000064c6                prvTCPSendRepeated
 .text.prvTCPSendPacket
                0x00000000000064fc       0x90 build//home/kj/FreeRTOS/FreeRTOS-Plus/Source/FreeRTOS-Plus-TCP/source/FreeRTOS_TCP_Transmission.o
                0x00000000000064fc                prvTCPSendPacket
 .text.prvTCPAddTxData
                0x000000000000658c       0x32 build//home/kj/FreeRTOS/FreeRTOS-Plus/Source/FreeRTOS-Plus-TCP/source/FreeRTOS_TCP_Transmission.o
                0x000000000000658c                prvTCPAddTxData
 .text.prvSetOptions
                0x00000000000065be       0x5e build//home/kj/FreeRTOS/FreeRTOS-Plus/Source/FreeRTOS-Plus-TCP/source/FreeRTOS_TCP_Transmission.o
                0x00000000000065be                prvSetOptions
 .text.prvSendData
                0x000000000000661c       0xa4 build//home/kj/FreeRTOS/FreeRTOS-Plus/Source/FreeRTOS-Plus-TCP/source/FreeRTOS_TCP_Transmission.o
                0x000000000000661c                prvSendData
 .text.prvTCPSendSpecialPacketHelper
                0x00000000000066c0       0x1e build//home/kj/FreeRTOS/FreeRTOS-Plus/Source/FreeRTOS-Plus-TCP/source/FreeRTOS_TCP_Transmission.o
                0x00000000000066c0                prvTCPSendSpecialPacketHelper
 .text.prvTCPSendChallengeAck
                0x00000000000066de        0x6 build//home/kj/FreeRTOS/FreeRTOS-Plus/Source/FreeRTOS-Plus-TCP/source/FreeRTOS_TCP_Transmission.o
                0x00000000000066de                prvTCPSendChallengeAck
 .text.prvTCPSendReset
                0x00000000000066e4        0x6 build//home/kj/FreeRTOS/FreeRTOS-Plus/Source/FreeRTOS-Plus-TCP/source/FreeRTOS_TCP_Transmission.o
                0x00000000000066e4                prvTCPSendReset
 *fill*         0x00000000000066ea        0x2 
 .text.prvTCPReturnPacket_IPV4
                0x00000000000066ec      0x16c build//home/kj/FreeRTOS/FreeRTOS-Plus/Source/FreeRTOS-Plus-TCP/source/FreeRTOS_TCP_Transmission_IPv4.o
                0x00000000000066ec                prvTCPReturnPacket_IPV4
 .text.prvTCPPrepareConnect_IPV4
                0x0000000000006858       0xde build//home/kj/FreeRTOS/FreeRTOS-Plus/Source/FreeRTOS-Plus-TCP/source/FreeRTOS_TCP_Transmission_IPv4.o
                0x0000000000006858                prvTCPPrepareConnect_IPV4
 .text.prvTCPSendSpecialPktHelper_IPV4
                0x0000000000006936       0x34 build//home/kj/FreeRTOS/FreeRTOS-Plus/Source/FreeRTOS-Plus-TCP/source/FreeRTOS_TCP_Transmission_IPv4.o
                0x0000000000006936                prvTCPSendSpecialPktHelper_IPV4
 .text.prvSocketSetMSS
                0x000000000000696a        0xc build//home/kj/FreeRTOS/FreeRTOS-Plus/Source/FreeRTOS-Plus-TCP/source/FreeRTOS_TCP_Utils.o
                0x000000000000696a                prvSocketSetMSS
 .text.prvSocketSetMSS_IPV4
                0x0000000000006976       0x2e build//home/kj/FreeRTOS/FreeRTOS-Plus/Source/FreeRTOS-Plus-TCP/source/FreeRTOS_TCP_Utils_IPv4.o
                0x0000000000006976                prvSocketSetMSS_IPV4
 .text.vListInsertFifo
                0x00000000000069a4       0x18 build//home/kj/FreeRTOS/FreeRTOS-Plus/Source/FreeRTOS-Plus-TCP/source/FreeRTOS_TCP_WIN.o
 .text.xTCPWindowRxFind
                0x00000000000069bc       0x1e build//home/kj/FreeRTOS/FreeRTOS-Plus/Source/FreeRTOS-Plus-TCP/source/FreeRTOS_TCP_WIN.o
 *fill*         0x00000000000069da        0x2 
 .text.vTCPWindowFree
                0x00000000000069dc       0x34 build//home/kj/FreeRTOS/FreeRTOS-Plus/Source/FreeRTOS-Plus-TCP/source/FreeRTOS_TCP_WIN.o
 .text.prvTCPWindowTxHasSpace
                0x0000000000006a10       0x3e build//home/kj/FreeRTOS/FreeRTOS-Plus/Source/FreeRTOS-Plus-TCP/source/FreeRTOS_TCP_WIN.o
 .text.prvTCPWindowTxCheckAck
                0x0000000000006a4e       0xf8 build//home/kj/FreeRTOS/FreeRTOS-Plus/Source/FreeRTOS-Plus-TCP/source/FreeRTOS_TCP_WIN.o
 .text.xSequenceLessThan
                0x0000000000006b46        0x6 build//home/kj/FreeRTOS/FreeRTOS-Plus/Source/FreeRTOS-Plus-TCP/source/FreeRTOS_TCP_WIN.o
                0x0000000000006b46                xSequenceLessThan
 .text.xSequenceGreaterThan
                0x0000000000006b4c        0x6 build//home/kj/FreeRTOS/FreeRTOS-Plus/Source/FreeRTOS-Plus-TCP/source/FreeRTOS_TCP_WIN.o
                0x0000000000006b4c                xSequenceGreaterThan
 .text.xTCPWindowRxEmpty
                0x0000000000006b52       0x18 build//home/kj/FreeRTOS/FreeRTOS-Plus/Source/FreeRTOS-Plus-TCP/source/FreeRTOS_TCP_WIN.o
                0x0000000000006b52                xTCPWindowRxEmpty
 .text.vTCPWindowDestroy
                0x0000000000006b6a       0x3a build//home/kj/FreeRTOS/FreeRTOS-Plus/Source/FreeRTOS-Plus-TCP/source/FreeRTOS_TCP_WIN.o
                0x0000000000006b6a                vTCPWindowDestroy
 .text.vTCPWindowInit
                0x0000000000006ba4       0x42 build//home/kj/FreeRTOS/FreeRTOS-Plus/Source/FreeRTOS-Plus-TCP/source/FreeRTOS_TCP_WIN.o
                0x0000000000006ba4                vTCPWindowInit
 *fill*         0x0000000000006be6        0x2 
 .text.xTCPWindowCreate
                0x0000000000006be8       0x9c build//home/kj/FreeRTOS/FreeRTOS-Plus/Source/FreeRTOS-Plus-TCP/source/FreeRTOS_TCP_WIN.o
                0x0000000000006be8                xTCPWindowCreate
 .text.lTCPWindowRxCheck
                0x0000000000006c84      0x140 build//home/kj/FreeRTOS/FreeRTOS-Plus/Source/FreeRTOS-Plus-TCP/source/FreeRTOS_TCP_WIN.o
                0x0000000000006c84                lTCPWindowRxCheck
 .text.lTCPWindowTxAdd
                0x0000000000006dc4       0xf4 build//home/kj/FreeRTOS/FreeRTOS-Plus/Source/FreeRTOS-Plus-TCP/source/FreeRTOS_TCP_WIN.o
                0x0000000000006dc4                lTCPWindowTxAdd
 .text.xTCPWindowTxDone
                0x0000000000006eb8        0xc build//home/kj/FreeRTOS/FreeRTOS-Plus/Source/FreeRTOS-Plus-TCP/source/FreeRTOS_TCP_WIN.o
                0x0000000000006eb8                xTCPWindowTxDone
 .text.xTCPWindowTxHasData
                0x0000000000006ec4       0x60 build//home/kj/FreeRTOS/FreeRTOS-Plus/Source/FreeRTOS-Plus-TCP/source/FreeRTOS_TCP_WIN.o
                0x0000000000006ec4                xTCPWindowTxHasData
 .text.ulTCPWindowTxGet
                0x0000000000006f24       0xf4 build//home/kj/FreeRTOS/FreeRTOS-Plus/Source/FreeRTOS-Plus-TCP/source/FreeRTOS_TCP_WIN.o
                0x0000000000006f24                ulTCPWindowTxGet
 .text.ulTCPWindowTxAck
                0x0000000000007018       0x12 build//home/kj/FreeRTOS/FreeRTOS-Plus/Source/FreeRTOS-Plus-TCP/source/FreeRTOS_TCP_WIN.o
                0x0000000000007018                ulTCPWindowTxAck
 .text.ulTCPWindowTxSack
                0x000000000000702a       0x56 build//home/kj/FreeRTOS/FreeRTOS-Plus/Source/FreeRTOS-Plus-TCP/source/FreeRTOS_TCP_WIN.o
                0x000000000000702a                ulTCPWindowTxSack
 .text.vProcessGeneratedUDPPacket
                0x0000000000007080       0x10 build//home/kj/FreeRTOS/FreeRTOS-Plus/Source/FreeRTOS-Plus-TCP/source/FreeRTOS_UDP_IP.o
                0x0000000000007080                vProcessGeneratedUDPPacket
 .text.xProcessReceivedUDPPacket
                0x0000000000007090       0x30 build//home/kj/FreeRTOS/FreeRTOS-Plus/Source/FreeRTOS-Plus-TCP/source/FreeRTOS_UDP_IP.o
                0x0000000000007090                xProcessReceivedUDPPacket
 .text.vProcessGeneratedUDPPacket_IPv4
                0x00000000000070c0      0x118 build//home/kj/FreeRTOS/FreeRTOS-Plus/Source/FreeRTOS-Plus-TCP/source/FreeRTOS_UDP_IPv4.o
                0x00000000000070c0                vProcessGeneratedUDPPacket_IPv4
 .text.xProcessReceivedUDPPacket_IPv4
                0x00000000000071d8       0xd2 build//home/kj/FreeRTOS/FreeRTOS-Plus/Source/FreeRTOS-Plus-TCP/source/FreeRTOS_UDP_IPv4.o
                0x00000000000071d8                xProcessReceivedUDPPacket_IPv4
 *fill*         0x00000000000072aa        0x2 
 .text.xNetworkBuffersInitialise
                0x00000000000072ac       0x70 build//home/kj/FreeRTOS/FreeRTOS-Plus/Source/FreeRTOS-Plus-TCP/source/portable/BufferManagement/BufferAllocation_2.o
                0x00000000000072ac                xNetworkBuffersInitialise
 .text.pucGetNetworkBuffer
                0x000000000000731c       0x44 build//home/kj/FreeRTOS/FreeRTOS-Plus/Source/FreeRTOS-Plus-TCP/source/portable/BufferManagement/BufferAllocation_2.o
                0x000000000000731c                pucGetNetworkBuffer
 .text.vReleaseNetworkBuffer
                0x0000000000007360        0xa build//home/kj/FreeRTOS/FreeRTOS-Plus/Source/FreeRTOS-Plus-TCP/source/portable/BufferManagement/BufferAllocation_2.o
                0x0000000000007360                vReleaseNetworkBuffer
 *fill*         0x000000000000736a        0x2 
 .text.vReleaseNetworkBufferAndDescriptor
                0x000000000000736c       0x48 build//home/kj/FreeRTOS/FreeRTOS-Plus/Source/FreeRTOS-Plus-TCP/source/portable/BufferManagement/BufferAllocation_2.o
                0x000000000000736c                vReleaseNetworkBufferAndDescriptor
 .text.pxGetNetworkBufferWithDescriptor
                0x00000000000073b4       0xac build//home/kj/FreeRTOS/FreeRTOS-Plus/Source/FreeRTOS-Plus-TCP/source/portable/BufferManagement/BufferAllocation_2.o
                0x00000000000073b4                pxGetNetworkBufferWithDescriptor
 .text.uxGetNumberOfFreeNetworkBuffers
                0x0000000000007460        0xc build//home/kj/FreeRTOS/FreeRTOS-Plus/Source/FreeRTOS-Plus-TCP/source/portable/BufferManagement/BufferAllocation_2.o
                0x0000000000007460                uxGetNumberOfFreeNetworkBuffers
 .text.uxGetMinimumFreeNetworkBuffers
                0x000000000000746c        0xc build//home/kj/FreeRTOS/FreeRTOS-Plus/Source/FreeRTOS-Plus-TCP/source/portable/BufferManagement/BufferAllocation_2.o
                0x000000000000746c                uxGetMinimumFreeNetworkBuffers
 .text.pxResizeNetworkBufferWithDescriptor
                0x0000000000007478       0x46 build//home/kj/FreeRTOS/FreeRTOS-Plus/Source/FreeRTOS-Plus-TCP/source/portable/BufferManagement/BufferAllocation_2.o
                0x0000000000007478                pxResizeNetworkBufferWithDescriptor
 *fill*         0x00000000000074be        0x2 
 .text.xMPS2_GetPhyLinkStatus
                0x00000000000074c0       0x1c build//home/kj/FreeRTOS/FreeRTOS-Plus/Source/FreeRTOS-Plus-TCP/source/portable/NetworkInterface/MPS2_AN385/NetworkInterface.o
 .text.xMPS2_NetworkInterfaceOutput
                0x00000000000074dc       0x48 build//home/kj/FreeRTOS/FreeRTOS-Plus/Source/FreeRTOS-Plus-TCP/source/portable/NetworkInterface/MPS2_AN385/NetworkInterface.o
 .text.prvWait_ms
                0x0000000000007524       0x1c build//home/kj/FreeRTOS/FreeRTOS-Plus/Source/FreeRTOS-Plus-TCP/source/portable/NetworkInterface/MPS2_AN385/NetworkInterface.o
 .text.prvRxTask
                0x0000000000007540       0xa8 build//home/kj/FreeRTOS/FreeRTOS-Plus/Source/FreeRTOS-Plus-TCP/source/portable/NetworkInterface/MPS2_AN385/NetworkInterface.o
 .text.xMPS2_NetworkInterfaceInitialise
                0x00000000000075e8      0x170 build//home/kj/FreeRTOS/FreeRTOS-Plus/Source/FreeRTOS-Plus-TCP/source/portable/NetworkInterface/MPS2_AN385/NetworkInterface.o
 .text.EthernetISR
                0x0000000000007758       0x60 build//home/kj/FreeRTOS/FreeRTOS-Plus/Source/FreeRTOS-Plus-TCP/source/portable/NetworkInterface/MPS2_AN385/NetworkInterface.o
                0x0000000000007758                EthernetISR
 .text.pxMPS2_FillInterfaceDescriptor
                0x00000000000077b8       0x54 build//home/kj/FreeRTOS/FreeRTOS-Plus/Source/FreeRTOS-Plus-TCP/source/portable/NetworkInterface/MPS2_AN385/NetworkInterface.o
                0x00000000000077b8                pxMPS2_FillInterfaceDescriptor
 .text.smsc9220_mac_regread
                0x000000000000780c       0x50 build//home/kj/FreeRTOS/FreeRTOS-Plus/Source/FreeRTOS-Plus-TCP/source/portable/NetworkInterface/MPS2_AN385/ether_lan9118/smsc9220_eth_drv.o
                0x000000000000780c                smsc9220_mac_regread
 .text.smsc9220_mac_regwrite
                0x000000000000785c       0x54 build//home/kj/FreeRTOS/FreeRTOS-Plus/Source/FreeRTOS-Plus-TCP/source/portable/NetworkInterface/MPS2_AN385/ether_lan9118/smsc9220_eth_drv.o
                0x000000000000785c                smsc9220_mac_regwrite
 .text.smsc9220_phy_regread
                0x00000000000078b0       0x72 build//home/kj/FreeRTOS/FreeRTOS-Plus/Source/FreeRTOS-Plus-TCP/source/portable/NetworkInterface/MPS2_AN385/ether_lan9118/smsc9220_eth_drv.o
                0x00000000000078b0                smsc9220_phy_regread
 .text.smsc9220_phy_regwrite
                0x0000000000007922       0x78 build//home/kj/FreeRTOS/FreeRTOS-Plus/Source/FreeRTOS-Plus-TCP/source/portable/NetworkInterface/MPS2_AN385/ether_lan9118/smsc9220_eth_drv.o
                0x0000000000007922                smsc9220_phy_regwrite
 .text.smsc9220_soft_reset
                0x000000000000799a       0x2e build//home/kj/FreeRTOS/FreeRTOS-Plus/Source/FreeRTOS-Plus-TCP/source/portable/NetworkInterface/MPS2_AN385/ether_lan9118/smsc9220_eth_drv.o
                0x000000000000799a                smsc9220_soft_reset
 .text.smsc9220_set_fifo_level_irq
                0x00000000000079c8       0x26 build//home/kj/FreeRTOS/FreeRTOS-Plus/Source/FreeRTOS-Plus-TCP/source/portable/NetworkInterface/MPS2_AN385/ether_lan9118/smsc9220_eth_drv.o
                0x00000000000079c8                smsc9220_set_fifo_level_irq
 .text.smsc9220_wait_eeprom
                0x00000000000079ee       0x28 build//home/kj/FreeRTOS/FreeRTOS-Plus/Source/FreeRTOS-Plus-TCP/source/portable/NetworkInterface/MPS2_AN385/ether_lan9118/smsc9220_eth_drv.o
                0x00000000000079ee                smsc9220_wait_eeprom
 .text.smsc9220_check_phy
                0x0000000000007a16       0x40 build//home/kj/FreeRTOS/FreeRTOS-Plus/Source/FreeRTOS-Plus-TCP/source/portable/NetworkInterface/MPS2_AN385/ether_lan9118/smsc9220_eth_drv.o
                0x0000000000007a16                smsc9220_check_phy
 .text.smsc9220_reset_phy
                0x0000000000007a56       0x28 build//home/kj/FreeRTOS/FreeRTOS-Plus/Source/FreeRTOS-Plus-TCP/source/portable/NetworkInterface/MPS2_AN385/ether_lan9118/smsc9220_eth_drv.o
                0x0000000000007a56                smsc9220_reset_phy
 .text.smsc9220_advertise_cap
                0x0000000000007a7e       0x24 build//home/kj/FreeRTOS/FreeRTOS-Plus/Source/FreeRTOS-Plus-TCP/source/portable/NetworkInterface/MPS2_AN385/ether_lan9118/smsc9220_eth_drv.o
                0x0000000000007a7e                smsc9220_advertise_cap
 .text.smsc9220_enable_xmit
                0x0000000000007aa2        0xe build//home/kj/FreeRTOS/FreeRTOS-Plus/Source/FreeRTOS-Plus-TCP/source/portable/NetworkInterface/MPS2_AN385/ether_lan9118/smsc9220_eth_drv.o
                0x0000000000007aa2                smsc9220_enable_xmit
 .text.smsc9220_enable_mac_xmit
                0x0000000000007ab0       0x24 build//home/kj/FreeRTOS/FreeRTOS-Plus/Source/FreeRTOS-Plus-TCP/source/portable/NetworkInterface/MPS2_AN385/ether_lan9118/smsc9220_eth_drv.o
                0x0000000000007ab0                smsc9220_enable_mac_xmit
 .text.smsc9220_enable_mac_recv
                0x0000000000007ad4       0x24 build//home/kj/FreeRTOS/FreeRTOS-Plus/Source/FreeRTOS-Plus-TCP/source/portable/NetworkInterface/MPS2_AN385/ether_lan9118/smsc9220_eth_drv.o
                0x0000000000007ad4                smsc9220_enable_mac_recv
 .text.smsc9220_check_id
                0x0000000000007af8       0x12 build//home/kj/FreeRTOS/FreeRTOS-Plus/Source/FreeRTOS-Plus-TCP/source/portable/NetworkInterface/MPS2_AN385/ether_lan9118/smsc9220_eth_drv.o
                0x0000000000007af8                smsc9220_check_id
 .text.smsc9220_enable_interrupt
                0x0000000000007b0a       0x10 build//home/kj/FreeRTOS/FreeRTOS-Plus/Source/FreeRTOS-Plus-TCP/source/portable/NetworkInterface/MPS2_AN385/ether_lan9118/smsc9220_eth_drv.o
                0x0000000000007b0a                smsc9220_enable_interrupt
 .text.smsc9220_disable_interrupt
                0x0000000000007b1a       0x12 build//home/kj/FreeRTOS/FreeRTOS-Plus/Source/FreeRTOS-Plus-TCP/source/portable/NetworkInterface/MPS2_AN385/ether_lan9118/smsc9220_eth_drv.o
                0x0000000000007b1a                smsc9220_disable_interrupt
 .text.smsc9220_disable_all_interrupts
                0x0000000000007b2c        0xa build//home/kj/FreeRTOS/FreeRTOS-Plus/Source/FreeRTOS-Plus-TCP/source/portable/NetworkInterface/MPS2_AN385/ether_lan9118/smsc9220_eth_drv.o
                0x0000000000007b2c                smsc9220_disable_all_interrupts
 .text.smsc9220_clear_interrupt
                0x0000000000007b36       0x10 build//home/kj/FreeRTOS/FreeRTOS-Plus/Source/FreeRTOS-Plus-TCP/source/portable/NetworkInterface/MPS2_AN385/ether_lan9118/smsc9220_eth_drv.o
                0x0000000000007b36                smsc9220_clear_interrupt
 .text.get_irq_status
                0x0000000000007b46        0x8 build//home/kj/FreeRTOS/FreeRTOS-Plus/Source/FreeRTOS-Plus-TCP/source/portable/NetworkInterface/MPS2_AN385/ether_lan9118/smsc9220_eth_drv.o
                0x0000000000007b46                get_irq_status
 .text.smsc9220_clear_all_interrupts
                0x0000000000007b4e        0xc build//home/kj/FreeRTOS/FreeRTOS-Plus/Source/FreeRTOS-Plus-TCP/source/portable/NetworkInterface/MPS2_AN385/ether_lan9118/smsc9220_eth_drv.o
                0x0000000000007b4e                smsc9220_clear_all_interrupts
 .text.smsc9220_init_irqs
                0x0000000000007b5a       0x30 build//home/kj/FreeRTOS/FreeRTOS-Plus/Source/FreeRTOS-Plus-TCP/source/portable/NetworkInterface/MPS2_AN385/ether_lan9118/smsc9220_eth_drv.o
                0x0000000000007b5a                smsc9220_init_irqs
 .text.smsc9220_establish_link
                0x0000000000007b8a       0x30 build//home/kj/FreeRTOS/FreeRTOS-Plus/Source/FreeRTOS-Plus-TCP/source/portable/NetworkInterface/MPS2_AN385/ether_lan9118/smsc9220_eth_drv.o
                0x0000000000007b8a                smsc9220_establish_link
 .text.smsc9220_init
                0x0000000000007bba      0x124 build//home/kj/FreeRTOS/FreeRTOS-Plus/Source/FreeRTOS-Plus-TCP/source/portable/NetworkInterface/MPS2_AN385/ether_lan9118/smsc9220_eth_drv.o
                0x0000000000007bba                smsc9220_init
 .text.smsc9220_send_by_chunks
                0x0000000000007cde       0xe8 build//home/kj/FreeRTOS/FreeRTOS-Plus/Source/FreeRTOS-Plus-TCP/source/portable/NetworkInterface/MPS2_AN385/ether_lan9118/smsc9220_eth_drv.o
                0x0000000000007cde                smsc9220_send_by_chunks
 .text.smsc9220_get_rxfifo_data_used_space
                0x0000000000007dc6        0xa build//home/kj/FreeRTOS/FreeRTOS-Plus/Source/FreeRTOS-Plus-TCP/source/portable/NetworkInterface/MPS2_AN385/ether_lan9118/smsc9220_eth_drv.o
                0x0000000000007dc6                smsc9220_get_rxfifo_data_used_space
 .text.smsc9220_receive_by_chunks
                0x0000000000007dd0       0x56 build//home/kj/FreeRTOS/FreeRTOS-Plus/Source/FreeRTOS-Plus-TCP/source/portable/NetworkInterface/MPS2_AN385/ether_lan9118/smsc9220_eth_drv.o
                0x0000000000007dd0                smsc9220_receive_by_chunks
 .text.smsc9220_peek_next_packet_size
                0x0000000000007e26       0x2c build//home/kj/FreeRTOS/FreeRTOS-Plus/Source/FreeRTOS-Plus-TCP/source/portable/NetworkInterface/MPS2_AN385/ether_lan9118/smsc9220_eth_drv.o
                0x0000000000007e26                smsc9220_peek_next_packet_size
 *fill*         0x0000000000007e52        0x2 
 .text          0x0000000000007e54       0x30 /usr/lib/gcc/arm-none-eabi/10.3.1/thumb/v7-m/nofp/libgcc.a(_aeabi_uldivmod.o)
                0x0000000000007e54                __aeabi_uldivmod
 .text          0x0000000000007e84      0x2d4 /usr/lib/gcc/arm-none-eabi/10.3.1/thumb/v7-m/nofp/libgcc.a(_udivmoddi4.o)
                0x0000000000007e84                __udivmoddi4
 .text          0x0000000000008158        0x4 /usr/lib/gcc/arm-none-eabi/10.3.1/thumb/v7-m/nofp/libgcc.a(_dvmd_tls.o)
                0x0000000000008158                __aeabi_ldiv0
                0x0000000000008158                __aeabi_idiv0
 .text          0x000000000000815c       0x20 /usr/lib/gcc/arm-none-eabi/10.3.1/../../../arm-none-eabi/lib/thumb/v7-m/nofp/libc_nano.a(lib_a-malloc.o)
                0x000000000000815c                malloc
                0x000000000000816c                free
 .text          0x000000000000817c       0x68 /usr/lib/gcc/arm-none-eabi/10.3.1/../../../arm-none-eabi/lib/thumb/v7-m/nofp/libc_nano.a(lib_a-memcmp.o)
                0x000000000000817c                memcmp
 .text          0x00000000000081e4       0xec /usr/lib/gcc/arm-none-eabi/10.3.1/../../../arm-none-eabi/lib/thumb/v7-m/nofp/libc_nano.a(lib_a-memcpy.o)
                0x00000000000081e4                memcpy
 .text          0x00000000000082d0       0xf8 /usr/lib/gcc/arm-none-eabi/10.3.1/../../../arm-none-eabi/lib/thumb/v7-m/nofp/libc_nano.a(lib_a-memmove.o)
                0x00000000000082d0                memmove
 .text          0x00000000000083c8       0xa4 /usr/lib/gcc/arm-none-eabi/10.3.1/../../../arm-none-eabi/lib/thumb/v7-m/nofp/libc_nano.a(lib_a-memset.o)
                0x00000000000083c8                memset
 .text          0x000000000000846c       0xcc /usr/lib/gcc/arm-none-eabi/10.3.1/../../../arm-none-eabi/lib/thumb/v7-m/nofp/libc_nano.a(lib_a-nano-freer.o)
                0x000000000000846c                _free_r
 .text          0x0000000000008538       0xb8 /usr/lib/gcc/arm-none-eabi/10.3.1/../../../arm-none-eabi/lib/thumb/v7-m/nofp/libc_nano.a(lib_a-nano-mallocr.o)
                0x0000000000008538                _malloc_r
 .text          0x00000000000085f0       0x60 /usr/lib/gcc/arm-none-eabi/10.3.1/../../../arm-none-eabi/lib/thumb/v7-m/nofp/libc_nano.a(lib_a-printf.o)
                0x00000000000085f0                _printf_r
                0x00000000000085f0                _iprintf_r
                0x000000000000861c                printf
                0x000000000000861c                iprintf
 .text          0x0000000000008650       0x24 /usr/lib/gcc/arm-none-eabi/10.3.1/../../../arm-none-eabi/lib/thumb/v7-m/nofp/libc_nano.a(lib_a-sbrkr.o)
                0x0000000000008650                _sbrk_r
 .text          0x0000000000008674      0x100 /usr/lib/gcc/arm-none-eabi/10.3.1/../../../arm-none-eabi/lib/thumb/v7-m/nofp/libc_nano.a(lib_a-snprintf.o)
                0x0000000000008674                _sniprintf_r
                0x0000000000008674                _snprintf_r
                0x00000000000086f0                snprintf
                0x00000000000086f0                sniprintf
 .text          0x0000000000008774      0x1bc /usr/lib/gcc/arm-none-eabi/10.3.1/../../../arm-none-eabi/lib/thumb/v7-m/nofp/libc_nano.a(lib_a-strcmp.o)
                0x0000000000008774                strcmp
 .text          0x0000000000008930       0x5c /usr/lib/gcc/arm-none-eabi/10.3.1/../../../arm-none-eabi/lib/thumb/v7-m/nofp/libc_nano.a(lib_a-strlen-stub.o)
                0x0000000000008930                strlen
 .text          0x000000000000898c       0x68 /usr/lib/gcc/arm-none-eabi/10.3.1/../../../arm-none-eabi/lib/thumb/v7-m/nofp/libc_nano.a(lib_a-strncpy.o)
                0x000000000000898c                strncpy
 .text          0x00000000000089f4       0x34 /usr/lib/gcc/arm-none-eabi/10.3.1/../../../arm-none-eabi/lib/thumb/v7-m/nofp/libc_nano.a(lib_a-time.o)
                0x00000000000089f4                time
 .text          0x0000000000008a28       0x50 /usr/lib/gcc/arm-none-eabi/10.3.1/../../../arm-none-eabi/lib/thumb/v7-m/nofp/libc_nano.a(lib_a-vprintf.o)
                0x0000000000008a28                vprintf
                0x0000000000008a28                viprintf
                0x0000000000008a54                _viprintf_r
                0x0000000000008a54                _vprintf_r
 .text          0x0000000000008a78       0xc4 /usr/lib/gcc/arm-none-eabi/10.3.1/../../../arm-none-eabi/lib/thumb/v7-m/nofp/libc_nano.a(lib_a-wbuf.o)
                0x0000000000008a78                __swbuf_r
                0x0000000000008b28                __swbuf
 .text          0x0000000000008b3c      0x104 /usr/lib/gcc/arm-none-eabi/10.3.1/../../../arm-none-eabi/lib/thumb/v7-m/nofp/libc_nano.a(lib_a-wsetup.o)
                0x0000000000008b3c                __swsetup_r
 .text          0x0000000000008c40      0x1dc /usr/lib/gcc/arm-none-eabi/10.3.1/../../../arm-none-eabi/lib/thumb/v7-m/nofp/libc_nano.a(lib_a-fflush.o)
                0x0000000000008c40                __sflush_r
                0x0000000000008d48                _fflush_r
                0x0000000000008d9c                fflush
 .text          0x0000000000008e1c      0x230 /usr/lib/gcc/arm-none-eabi/10.3.1/../../../arm-none-eabi/lib/thumb/v7-m/nofp/libc_nano.a(lib_a-findfp.o)
                0x0000000000008e20                _cleanup_r
                0x0000000000008e30                __sfmoreglue
                0x0000000000008e60                __sfp
                0x0000000000008ff8                _cleanup
                0x000000000000900c                __sinit
                0x0000000000009014                __sfp_lock_acquire
                0x0000000000009018                __sfp_lock_release
                0x000000000000901c                __sinit_lock_acquire
                0x0000000000009020                __sinit_lock_release
                0x0000000000009024                __fp_lock_all
                0x0000000000009038                __fp_unlock_all
 .text          0x000000000000904c       0x88 /usr/lib/gcc/arm-none-eabi/10.3.1/../../../arm-none-eabi/lib/thumb/v7-m/nofp/libc_nano.a(lib_a-fwalk.o)
                0x000000000000904c                _fwalk
                0x000000000000908c                _fwalk_reent
 .text          0x00000000000090d4       0x28 /usr/lib/gcc/arm-none-eabi/10.3.1/../../../arm-none-eabi/lib/thumb/v7-m/nofp/libc_nano.a(lib_a-gettimeofdayr.o)
                0x00000000000090d4                _gettimeofday_r
 .text          0x00000000000090fc      0x11c /usr/lib/gcc/arm-none-eabi/10.3.1/../../../arm-none-eabi/lib/thumb/v7-m/nofp/libc_nano.a(lib_a-makebuf.o)
                0x00000000000090fc                __smakebuf_r
                0x00000000000091bc                __swhatbuf_r
 .text          0x0000000000009218        0x8 /usr/lib/gcc/arm-none-eabi/10.3.1/../../../arm-none-eabi/lib/thumb/v7-m/nofp/libc_nano.a(lib_a-mlock.o)
                0x0000000000009218                __malloc_lock
                0x000000000000921c                __malloc_unlock
 .text          0x0000000000009220      0x3f4 /usr/lib/gcc/arm-none-eabi/10.3.1/../../../arm-none-eabi/lib/thumb/v7-m/nofp/libc_nano.a(lib_a-nano-svfprintf.o)
                0x0000000000009220                __ssputs_r
                0x00000000000092e4                __ssprint_r
                0x00000000000093e0                _svfprintf_r
                0x00000000000093e0                _svfiprintf_r
 .text          0x0000000000009614      0x320 /usr/lib/gcc/arm-none-eabi/10.3.1/../../../arm-none-eabi/lib/thumb/v7-m/nofp/libc_nano.a(lib_a-nano-vfprintf.o)
                0x000000000000963c                __sfputs_r
                0x000000000000966c                __sprint_r
                0x0000000000009688                _vfiprintf_r
                0x0000000000009688                _vfprintf_r
                0x0000000000009918                vfiprintf
                0x0000000000009918                vfprintf
 .text          0x0000000000009934      0x3d8 /usr/lib/gcc/arm-none-eabi/10.3.1/../../../arm-none-eabi/lib/thumb/v7-m/nofp/libc_nano.a(lib_a-nano-vfprintf_i.o)
                0x0000000000009934                _printf_common
                0x0000000000009a60                _printf_i
 .text          0x0000000000009d0c       0x90 /usr/lib/gcc/arm-none-eabi/10.3.1/../../../arm-none-eabi/lib/thumb/v7-m/nofp/libc_nano.a(lib_a-stdio.o)
                0x0000000000009d0c                __sread
                0x0000000000009d30                __seofread
                0x0000000000009d34                __swrite
                0x0000000000009d74                __sseek
                0x0000000000009d94                __sclose
 .text          0x0000000000009d9c       0x2c /usr/lib/gcc/arm-none-eabi/10.3.1/../../../arm-none-eabi/lib/thumb/v7-m/nofp/libc_nano.a(lib_a-writer.o)
                0x0000000000009d9c                _write_r
 .text          0x0000000000009dc8       0x24 /usr/lib/gcc/arm-none-eabi/10.3.1/../../../arm-none-eabi/lib/thumb/v7-m/nofp/libc_nano.a(lib_a-closer.o)
                0x0000000000009dc8                _close_r
 .text          0x0000000000009dec       0x28 /usr/lib/gcc/arm-none-eabi/10.3.1/../../../arm-none-eabi/lib/thumb/v7-m/nofp/libc_nano.a(lib_a-fstatr.o)
                0x0000000000009dec                _fstat_r
 .text          0x0000000000009e14      0x2f0 /usr/lib/gcc/arm-none-eabi/10.3.1/../../../arm-none-eabi/lib/thumb/v7-m/nofp/libc_nano.a(lib_a-fvwrite.o)
                0x0000000000009e14                __sfvwrite_r
 .text          0x000000000000a104       0x24 /usr/lib/gcc/arm-none-eabi/10.3.1/../../../arm-none-eabi/lib/thumb/v7-m/nofp/libc_nano.a(lib_a-isattyr.o)
                0x000000000000a104                _isatty_r
 .text          0x000000000000a128       0x2c /usr/lib/gcc/arm-none-eabi/10.3.1/../../../arm-none-eabi/lib/thumb/v7-m/nofp/libc_nano.a(lib_a-lseekr.o)
                0x000000000000a128                _lseek_r
 .text          0x000000000000a154       0x90 /usr/lib/gcc/arm-none-eabi/10.3.1/../../../arm-none-eabi/lib/thumb/v7-m/nofp/libc_nano.a(lib_a-memchr-stub.o)
                0x000000000000a154                memchr
 .text          0x000000000000a1e4       0x50 /usr/lib/gcc/arm-none-eabi/10.3.1/../../../arm-none-eabi/lib/thumb/v7-m/nofp/libc_nano.a(lib_a-nano-reallocr.o)
                0x000000000000a1e4                _realloc_r
 .text          0x000000000000a234       0x2c /usr/lib/gcc/arm-none-eabi/10.3.1/../../../arm-none-eabi/lib/thumb/v7-m/nofp/libc_nano.a(lib_a-readr.o)
                0x000000000000a234                _read_r
 .text          0x000000000000a260       0x14 /usr/lib/gcc/arm-none-eabi/10.3.1/../../../arm-none-eabi/lib/thumb/v7-m/nofp/libc_nano.a(lib_a-nano-msizer.o)
                0x000000000000a260                _malloc_usable_size_r
 .text          0x000000000000a274      0xa10 /usr/lib/gcc/arm-none-eabi/10.3.1/../../../arm-none-eabi/lib/thumb/v7-m/nofp/librdimon_nano.a(rdimon-syscalls.o)
                0x000000000000a274                _swiread
                0x000000000000a340                _swilseek
                0x000000000000a424                _lseek
                0x000000000000a428                _swiwrite
                0x000000000000a520                _swiclose
                0x000000000000a558                _close
                0x000000000000a5f0                _getpid
                0x000000000000a648                _swistat
                0x000000000000a6e4                _stat
                0x000000000000a720                _swiopen
                0x000000000000a7ec                _open
                0x000000000000a800                _get_semihosting_exts
                0x000000000000a910                _has_ext_exit_extended
                0x000000000000a950                _has_ext_stdout_stderr
                0x000000000000a990                initialise_monitor_handles
                0x000000000000aabc                _link
                0x000000000000aad0                _unlink
                0x000000000000ab10                _gettimeofday
                0x000000000000ab38                _clock
                0x000000000000ab4c                _times
                0x000000000000ab6c                _isatty
                0x000000000000abd4                _system
                0x000000000000ac30                _rename
 .text          0x000000000000ac84        0xc /usr/lib/gcc/arm-none-eabi/10.3.1/../../../arm-none-eabi/lib/thumb/v7-m/nofp/libc_nano.a(lib_a-errno.o)
                0x000000000000ac84                __errno
 *(.init)
 *(.fini)
 *(.eh_frame)
 *(.rodata*)
 .rodata.vApplicationIPNetworkEventHook_Multi.str1.1
                0x000000000000ac90       0x38 build/platform/main_networking.o
 .rodata.__FUNCTION__.0
                0x000000000000acc8       0x25 build/platform/main_networking.o
 .rodata.ucDNSServerAddress
                0x000000000000aced        0x4 build/platform/main_networking.o
 .rodata.ucGatewayAddress
                0x000000000000acf1        0x4 build/platform/main_networking.o
 .rodata.ucIPAddress
                0x000000000000acf5        0x4 build/platform/main_networking.o
 .rodata.ucMACAddress
                0x000000000000acf9        0x6 build/platform/main_networking.o
                0x000000000000acf9                ucMACAddress
 .rodata.ucNetMask
                0x000000000000acff        0x4 build/platform/main_networking.o
 .rodata.vStartEchoDemo.str1.1
                0x000000000000ad03       0x21 build/app/demos/demo_echo.o
                                         0x2d (size before relaxing)
 .rodata.__FUNCTION__.0
                0x000000000000ad24        0xf build/app/demos/demo_echo.o
 .rodata.prvEchoServerTask.str1.1
                0x000000000000ad33       0xa7 build/app/demos/demo_echo_server.o
                                         0xb3 (size before relaxing)
 .rodata.vStartEchoServer.str1.1
                0x000000000000adda       0x30 build/app/demos/demo_echo_server.o
 .rodata.__FUNCTION__.0
                0x000000000000ae0a       0x12 build/app/demos/demo_echo_server.o
 .rodata.__FUNCTION__.1
                0x000000000000ae1c       0x11 build/app/demos/demo_echo_server.o
 .rodata.vTaskStartScheduler.str1.1
                0x000000000000ae2d        0x5 build//home/kj/FreeRTOS/FreeRTOS/Source/tasks.o
 .rodata        0x000000000000ae32       0x2c build//home/kj/FreeRTOS/FreeRTOS-Plus/Source/FreeRTOS-Plus-TCP/source/FreeRTOS_ARP.o
 .rodata.parseDNSAnswer.str1.1
                0x000000000000ae5e       0x5f build//home/kj/FreeRTOS/FreeRTOS-Plus/Source/FreeRTOS-Plus-TCP/source/FreeRTOS_DNS_Parser.o
                                         0x6c (size before relaxing)
 .rodata.DNS_ParseDNSReply.str1.1
                0x000000000000aebd       0x34 build//home/kj/FreeRTOS/FreeRTOS-Plus/Source/FreeRTOS-Plus-TCP/source/FreeRTOS_DNS_Parser.o
 .rodata.__FUNCTION__.0
                0x000000000000aef1        0xf build//home/kj/FreeRTOS/FreeRTOS-Plus/Source/FreeRTOS-Plus-TCP/source/FreeRTOS_DNS_Parser.o
 .rodata.__FUNCTION__.1
                0x000000000000af00       0x12 build//home/kj/FreeRTOS/FreeRTOS-Plus/Source/FreeRTOS-Plus-TCP/source/FreeRTOS_DNS_Parser.o
 .rodata.FreeRTOS_IPInit_Multi.str1.1
                0x000000000000af12        0x8 build//home/kj/FreeRTOS/FreeRTOS-Plus/Source/FreeRTOS-Plus-TCP/source/FreeRTOS_IP.o
 .rodata.vReturnEthernetFrame.str1.1
                0x000000000000af1a       0x34 build//home/kj/FreeRTOS/FreeRTOS-Plus/Source/FreeRTOS-Plus-TCP/source/FreeRTOS_IP.o
                                         0x40 (size before relaxing)
 .rodata.__FUNCTION__.0
                0x000000000000af4e       0x15 build//home/kj/FreeRTOS/FreeRTOS-Plus/Source/FreeRTOS-Plus-TCP/source/FreeRTOS_IP.o
 .rodata.xBroadcastMACAddress