Archive member included to satisfy reference by file (symbol)

/usr/lib/gcc/arm-none-eabi/10.3.1/thumb/v7-m/nofp/libgcc.a(_aeabi_ldivmod.o)
                              build//home/kj/FreeRTOS/FreeRTOS-Plus/Source/FreeRTOS-Plus-TCP/source/FreeRTOS_TCP_IP.o (__aeabi_ldivmod)
/usr/lib/gcc/arm-none-eabi/10.3.1/thumb/v7-m/nofp/libgcc.a(_aeabi_uldivmod.o)
                              build//home/kj/FreeRTOS/FreeRTOS-Plus/Source/FreeRTOS-Plus-TCP/source/FreeRTOS_TCP_IP.o (__aeabi_uldivmod)
/usr/lib/gcc/arm-none-eabi/10.3.1/thumb/v7-m/nofp/libgcc.a(_udivmoddi4.o)
                              /usr/lib/gcc/arm-none-eabi/10.3.1/thumb/v7-m/nofp/libgcc.a(_aeabi_ldivmod.o) (__udivmoddi4)
/usr/lib/gcc/arm-none-eabi/10.3.1/thumb/v7-m/nofp/libgcc.a(_dvmd_tls.o)
                              /usr/lib/gcc/arm-none-eabi/10.3.1/thumb/v7-m/nofp/libgcc.a(_aeabi_ldivmod.o) (__aeabi_ldiv0)
/usr/lib/gcc/arm-none-eabi/10.3.1/../../../arm-none-eabi/lib/thumb/v7-m/nofp/libc_nano.a(lib_a-malloc.o)
                              build//home/kj/FreeRTOS/FreeRTOS/Source/portable/MemMang/heap_3.o (malloc)
/usr/lib/gcc/arm-none-eabi/10.3.1/../../../arm-none-eabi/lib/thumb/v7-m/nofp/libc_nano.a(lib_a-memcmp.o)
                              build//home/kj/FreeRTOS/FreeRTOS-Plus/Source/FreeRTOS-Plus-TCP/source/FreeRTOS_ARP.o (memcmp)
/usr/lib/gcc/arm-none-eabi/10.3.1/../../../arm-none-eabi/lib/thumb/v7-m/nofp/libc_nano.a(lib_a-memcpy.o)
                              build//home/kj/FreeRTOS/FreeRTOS/Source/queue.o (memcpy)
/usr/lib/gcc/arm-none-eabi/10.3.1/../../../arm-none-eabi/lib/thumb/v7-m/nofp/libc_nano.a(lib_a-memmove.o)
                              build//home/kj/FreeRTOS/FreeRTOS-Plus/Source/FreeRTOS-Plus-TCP/source/FreeRTOS_IPv4.o (memmove)
/usr/lib/gcc/arm-none-eabi/10.3.1/../../../arm-none-eabi/lib/thumb/v7-m/nofp/libc_nano.a(lib_a-memset.o)
                              build/TCPEchoClient_SingleTasks.o (memset)
/usr/lib/gcc/arm-none-eabi/10.3.1/../../../arm-none-eabi/lib/thumb/v7-m/nofp/libc_nano.a(lib_a-nano-freer.o)
                              /usr/lib/gcc/arm-none-eabi/10.3.1/../../../arm-none-eabi/lib/thumb/v7-m/nofp/libc_nano.a(lib_a-malloc.o) (_free_r)
/usr/lib/gcc/arm-none-eabi/10.3.1/../../../arm-none-eabi/lib/thumb/v7-m/nofp/libc_nano.a(lib_a-nano-mallocr.o)
                              /usr/lib/gcc/arm-none-eabi/10.3.1/../../../arm-none-eabi/lib/thumb/v7-m/nofp/libc_nano.a(lib_a-malloc.o) (_malloc_r)
/usr/lib/gcc/arm-none-eabi/10.3.1/../../../arm-none-eabi/lib/thumb/v7-m/nofp/libc_nano.a(lib_a-printf.o)
                              build/main_networking.o (printf)
/usr/lib/gcc/arm-none-eabi/10.3.1/../../../arm-none-eabi/lib/thumb/v7-m/nofp/libc_nano.a(lib_a-puts.o)
                              build/TCPEchoClient_SingleTasks.o (puts)
/usr/lib/gcc/arm-none-eabi/10.3.1/../../../arm-none-eabi/lib/thumb/v7-m/nofp/libc_nano.a(lib_a-sbrkr.o)
                              /usr/lib/gcc/arm-none-eabi/10.3.1/../../../arm-none-eabi/lib/thumb/v7-m/nofp/libc_nano.a(lib_a-nano-mallocr.o) (_sbrk_r)
/usr/lib/gcc/arm-none-eabi/10.3.1/../../../arm-none-eabi/lib/thumb/v7-m/nofp/libc_nano.a(lib_a-snprintf.o)
                              build/tcp_heartbeat_demo.o (snprintf)
/usr/lib/gcc/arm-none-eabi/10.3.1/../../../arm-none-eabi/lib/thumb/v7-m/nofp/libc_nano.a(lib_a-sprintf.o)
                              build/TCPEchoClient_SingleTasks.o (sprintf)
/usr/lib/gcc/arm-none-eabi/10.3.1/../../../arm-none-eabi/lib/thumb/v7-m/nofp/libc_nano.a(lib_a-strchr.o)
                              build//home/kj/FreeRTOS/FreeRTOS-Plus/Source/FreeRTOS-Plus-TCP/source/FreeRTOS_DNS.o (strchr)
/usr/lib/gcc/arm-none-eabi/10.3.1/../../../arm-none-eabi/lib/thumb/v7-m/nofp/libc_nano.a(lib_a-strcmp.o)
                              build//home/kj/FreeRTOS/FreeRTOS-Plus/Source/FreeRTOS-Plus-TCP/source/FreeRTOS_DNS.o (strcmp)
/usr/lib/gcc/arm-none-eabi/10.3.1/../../../arm-none-eabi/lib/thumb/v7-m/nofp/libc_nano.a(lib_a-strlen-stub.o)
                              build//home/kj/FreeRTOS/FreeRTOS-Plus/Source/FreeRTOS-Plus-TCP/source/FreeRTOS_DNS.o (strlen)
/usr/lib/gcc/arm-none-eabi/10.3.1/../../../arm-none-eabi/lib/thumb/v7-m/nofp/libc_nano.a(lib_a-strncmp.o)
                              build/TCPEchoClient_SingleTasks.o (strncmp)
/usr/lib/gcc/arm-none-eabi/10.3.1/../../../arm-none-eabi/lib/thumb/v7-m/nofp/libc_nano.a(lib_a-strncpy.o)
                              build//home/kj/FreeRTOS/FreeRTOS-Plus/Source/FreeRTOS-Plus-TCP/source/FreeRTOS_DNS.o (strncpy)
/usr/lib/gcc/arm-none-eabi/10.3.1/../../../arm-none-eabi/lib/thumb/v7-m/nofp/libc_nano.a(lib_a-time.o)
                              build/main_networking.o (time)
/usr/lib/gcc/arm-none-eabi/10.3.1/../../../arm-none-eabi/lib/thumb/v7-m/nofp/libc_nano.a(lib_a-vprintf.o)
                              build/main.o (vprintf)
/usr/lib/gcc/arm-none-eabi/10.3.1/../../../arm-none-eabi/lib/thumb/v7-m/nofp/libc_nano.a(lib_a-wbuf.o)
[...]
Memory Configuration

Name             Origin             Length             Attributes
FLASH            0x0000000000000000 0x0000000000400000 xr
RAM              0x0000000020000000 0x0000000000400000 xrw
*default*        0x0000000000000000 0xffffffffffffffff

Linker script and memory map

LOAD build/startup.o
LOAD build/syscalls.o
LOAD build/main.o
LOAD build/main_networking.o
LOAD build/TCPEchoClient_SingleTasks.o
LOAD build/tcp_heartbeat_demo.o
LOAD build/app_main.o
LOAD build/network_role.o
LOAD build/demo_selector.o
LOAD build/demo_echo.o
LOAD build/demo_heartbeat.o
LOAD build/demo_echo_server.o
LOAD build//home/kj/FreeRTOS/FreeRTOS/Source/tasks.o
LOAD build//home/kj/FreeRTOS/FreeRTOS/Source/list.o
LOAD build//home/kj/FreeRTOS/FreeRTOS/Source/queue.o
LOAD build//home/kj/FreeRTOS/FreeRTOS/Source/event_groups.o
LOAD build//home/kj/FreeRTOS/FreeRTOS/Source/portable/GCC/ARM_CM3/port.o
LOAD build//home/kj/FreeRTOS/FreeRTOS/Source/portable/MemMang/heap_3.o
LOAD build//home/kj/FreeRTOS/FreeRTOS-Plus/Source/FreeRTOS-Plus-TCP/source/FreeRTOS_ARP.o
LOAD build//home/kj/FreeRTOS/FreeRTOS-Plus/Source/FreeRTOS-Plus-TCP/source/FreeRTOS_BitConfig.o
LOAD build//home/kj/FreeRTOS/FreeRTOS-Plus/Source/FreeRTOS-Plus-TCP/source/FreeRTOS_DHCP.o
LOAD build//home/kj/FreeRTOS/FreeRTOS-Plus/Source/FreeRTOS-Plus-TCP/source/FreeRTOS_DHCPv6.o
LOAD build//home/kj/FreeRTOS/FreeRTOS-Plus/Source/FreeRTOS-Plus-TCP/source/FreeRTOS_DNS.o
LOAD build//home/kj/FreeRTOS/FreeRTOS-Plus/Source/FreeRTOS-Plus-TCP/source/FreeRTOS_DNS_Cache.o
LOAD build//home/kj/FreeRTOS/FreeRTOS-Plus/Source/FreeRTOS-Plus-TCP/source/FreeRTOS_DNS_Callback.o
LOAD build//home/kj/FreeRTOS/FreeRTOS-Plus/Source/FreeRTOS-Plus-TCP/source/FreeRTOS_DNS_Networking.o
LOAD build//home/kj/FreeRTOS/FreeRTOS-Plus/Source/FreeRTOS-Plus-TCP/source/FreeRTOS_DNS_Parser.o
LOAD build//home/kj/FreeRTOS/FreeRTOS-Plus/Source/FreeRTOS-Plus-TCP/source/FreeRTOS_ICMP.o
LOAD build//home/kj/FreeRTOS/FreeRTOS-Plus/Source/FreeRTOS-Plus-TCP/source/FreeRTOS_IP.o
LOAD build//home/kj/FreeRTOS/FreeRTOS-Plus/Source/FreeRTOS-Plus-TCP/source/FreeRTOS_IP_Timers.o
LOAD build//home/kj/FreeRTOS/FreeRTOS-Plus/Source/FreeRTOS-Plus-TCP/source/FreeRTOS_IP_Utils.o
LOAD build//home/kj/FreeRTOS/FreeRTOS-Plus/Source/FreeRTOS-Plus-TCP/source/FreeRTOS_IPv4.o
LOAD build//home/kj/FreeRTOS/FreeRTOS-Plus/Source/FreeRTOS-Plus-TCP/source/FreeRTOS_IPv4_Sockets.o
LOAD build//home/kj/FreeRTOS/FreeRTOS-Plus/Source/FreeRTOS-Plus-TCP/source/FreeRTOS_IPv4_Utils.o
LOAD build//home/kj/FreeRTOS/FreeRTOS-Plus/Source/FreeRTOS-Plus-TCP/source/FreeRTOS_IPv6.o
LOAD build//home/kj/FreeRTOS/FreeRTOS-Plus/Source/FreeRTOS-Plus-TCP/source/FreeRTOS_IPv6_Sockets.o
LOAD build//home/kj/FreeRTOS/FreeRTOS-Plus/Source/FreeRTOS-Plus-TCP/source/FreeRTOS_IPv6_Utils.o
LOAD build//home/kj/FreeRTOS/FreeRTOS-Plus/Source/FreeRTOS-Plus-TCP/source/FreeRTOS_ND.o
LOAD build//home/kj/FreeRTOS/FreeRTOS-Plus/Source/FreeRTOS-Plus-TCP/source/FreeRTOS_RA.o
LOAD build//home/kj/FreeRTOS/FreeRTOS-Plus/Source/FreeRTOS-Plus-TCP/source/FreeRTOS_Routing.o
LOAD build//home/kj/FreeRTOS/FreeRTOS-Plus/Source/FreeRTOS-Plus-TCP/source/FreeRTOS_Sockets.o
LOAD build//home/kj/FreeRTOS/FreeRTOS-Plus/Source/FreeRTOS-Plus-TCP/source/FreeRTOS_Stream_Buffer.o
LOAD build//home/kj/FreeRTOS/FreeRTOS-Plus/Source/FreeRTOS-Plus-TCP/source/FreeRTOS_TCP_IP.o
LOAD build//home/kj/FreeRTOS/FreeRTOS-Plus/Source/FreeRTOS-Plus-TCP/source/FreeRTOS_TCP_IP_IPv4.o
LOAD build//home/kj/FreeRTOS/FreeRTOS-Plus/Source/FreeRTOS-Plus-TCP/source/FreeRTOS_TCP_IP_IPv6.o
LOAD build//home/kj/FreeRTOS/FreeRTOS-Plus/Source/FreeRTOS-Plus-TCP/source/FreeRTOS_TCP_Reception.o
LOAD build//home/kj/FreeRTOS/FreeRTOS-Plus/Source/FreeRTOS-Plus-TCP/source/FreeRTOS_TCP_State_Handling.o
LOAD build//home/kj/FreeRTOS/FreeRTOS-Plus/Source/FreeRTOS-Plus-TCP/source/FreeRTOS_TCP_State_Handling_IPv4.o
LOAD build//home/kj/FreeRTOS/FreeRTOS-Plus/Source/FreeRTOS-Plus-TCP/source/FreeRTOS_TCP_State_Handling_IPv6.o
LOAD build//home/kj/FreeRTOS/FreeRTOS-Plus/Source/FreeRTOS-Plus-TCP/source/FreeRTOS_TCP_Transmission.o
LOAD build//home/kj/FreeRTOS/FreeRTOS-Plus/Source/FreeRTOS-Plus-TCP/source/FreeRTOS_TCP_Transmission_IPv4.o
LOAD build//home/kj/FreeRTOS/FreeRTOS-Plus/Source/FreeRTOS-Plus-TCP/source/FreeRTOS_TCP_Transmission_IPv6.o
LOAD build//home/kj/FreeRTOS/FreeRTOS-Plus/Source/FreeRTOS-Plus-TCP/source/FreeRTOS_TCP_Utils.o
LOAD build//home/kj/FreeRTOS/FreeRTOS-Plus/Source/FreeRTOS-Plus-TCP/source/FreeRTOS_TCP_Utils_IPv4.o
LOAD build//home/kj/FreeRTOS/FreeRTOS-Plus/Source/FreeRTOS-Plus-TCP/source/FreeRTOS_TCP_Utils_IPv6.o
LOAD build//home/kj/FreeRTOS/FreeRTOS-Plus/Source/FreeRTOS-Plus-TCP/source/FreeRTOS_TCP_WIN.o
LOAD build//home/kj/FreeRTOS/FreeRTOS-Plus/Source/FreeRTOS-Plus-TCP/source/FreeRTOS_Tiny_TCP.o
LOAD build//home/kj/FreeRTOS/FreeRTOS-Plus/Source/FreeRTOS-Plus-TCP/source/FreeRTOS_UDP_IP.o
LOAD build//home/kj/FreeRTOS/FreeRTOS-Plus/Source/FreeRTOS-Plus-TCP/source/FreeRTOS_UDP_IPv4.o
LOAD build//home/kj/FreeRTOS/FreeRTOS-Plus/Source/FreeRTOS-Plus-TCP/source/FreeRTOS_UDP_IPv6.o
LOAD build//home/kj/FreeRTOS/FreeRTOS-Plus/Source/FreeRTOS-Plus-TCP/source/portable/BufferManagement/BufferAllocation_2.o
LOAD build//home/kj/FreeRTOS/FreeRTOS-Plus/Source/FreeRTOS-Plus-TCP/source/portable/NetworkInterface/MPS2_AN385/NetworkInterface.o
LOAD build//home/kj/FreeRTOS/FreeRTOS-Plus/Source/FreeRTOS-Plus-TCP/source/portable/NetworkInterface/MPS2_AN385/ether_lan9118/smsc9220_eth_drv.o
START GROUP
LOAD /usr/lib/gcc/arm-none-eabi/10.3.1/thumb/v7-m/nofp/libgcc.a
LOAD /usr/lib/gcc/arm-none-eabi/10.3.1/../../../arm-none-eabi/lib/thumb/v7-m/nofp/libc_nano.a
END GROUP
START GROUP
LOAD /usr/lib/gcc/arm-none-eabi/10.3.1/thumb/v7-m/nofp/libgcc.a
LOAD /usr/lib/gcc/arm-none-eabi/10.3.1/../../../arm-none-eabi/lib/thumb/v7-m/nofp/libc_nano.a
LOAD /usr/lib/gcc/arm-none-eabi/10.3.1/../../../arm-none-eabi/lib/thumb/v7-m/nofp/librdimon_nano.a
LOAD /usr/lib/gcc/arm-none-eabi/10.3.1/../../../arm-none-eabi/lib/thumb/v7-m/nofp/libnosys.a
END GROUP
START GROUP
LOAD /usr/lib/gcc/arm-none-eabi/10.3.1/thumb/v7-m/nofp/libgcc.a
LOAD /usr/lib/gcc/arm-none-eabi/10.3.1/../../../arm-none-eabi/lib/thumb/v7-m/nofp/libc_nano.a
LOAD /usr/lib/gcc/arm-none-eabi/10.3.1/../../../arm-none-eabi/lib/thumb/v7-m/nofp/libnosys.a
END GROUP
START GROUP
LOAD /usr/lib/gcc/arm-none-eabi/10.3.1/thumb/v7-m/nofp/libgcc.a
LOAD /usr/lib/gcc/arm-none-eabi/10.3.1/../../../arm-none-eabi/lib/thumb/v7-m/nofp/libc_nano.a
LOAD /usr/lib/gcc/arm-none-eabi/10.3.1/../../../arm-none-eabi/lib/thumb/v7-m/nofp/librdimon_nano.a
END GROUP
                0x0000000000040000                _Min_Heap_Size = 0x40000
                0x0000000000004000                _Min_Stack_Size = 0x4000
                0x0000000000000100                M_VECTOR_RAM_SIZE = 0x100
                0x0000000020400000                _estack = (ORIGIN (RAM) + LENGTH (RAM))

.isr_vector     0x0000000000000000       0x78
                0x0000000000000000                __vector_table = .
 *(.isr_vector)
 .isr_vector    0x0000000000000000       0x78 build/startup.o
                0x0000000000000000                isr_vector
                0x0000000000000078                . = ALIGN (0x4)

.text           0x0000000000000078     0xaa68
                0x0000000000000078                . = ALIGN (0x4)
 *(.text*)
 .text.Reset_Handler
                0x0000000000000078       0x4c build/startup.o
                0x0000000000000078                Reset_Handler
 .text.Default_Handler
                0x00000000000000c4        0xc build/startup.o
 .text.Default_Handler2
                0x00000000000000d0       0x18 build/startup.o
 .text.Default_Handler3
                0x00000000000000e8        0x2 build/startup.o
 .text.Default_Handler4
                0x00000000000000ea        0x2 build/startup.o
 .text.Default_Handler5
                0x00000000000000ec        0x2 build/startup.o
 .text.Default_Handler6
                0x00000000000000ee        0x2 build/startup.o
 .text.prvGetRegistersFromStack
                0x00000000000000f0       0x24 build/startup.o
 .text.exit     0x0000000000000114       0x14 build/startup.o
                0x0000000000000114                exit
 .text._start   0x0000000000000128       0x10 build/startup.o
                0x0000000000000128                _start
 .text.uart_init
                0x0000000000000138        0xe build/syscalls.o
                0x0000000000000138                uart_init
 .text._fstat   0x0000000000000146        0x4 build/syscalls.o
                0x0000000000000146                _fstat
 .text._read    0x000000000000014a        0x6 build/syscalls.o
                0x000000000000014a                _read
 .text._write   0x0000000000000150       0x1a build/syscalls.o
                0x0000000000000150                _write
 *fill*         0x000000000000016a        0x2 
 .text._sbrk    0x000000000000016c       0x20 build/syscalls.o
                0x000000000000016c                _sbrk
 .text.startup.main
                0x000000000000018c        0x8 build/main.o
                0x000000000000018c                main
 .text.vApplicationMallocFailedHook
                0x0000000000000194       0x12 build/main.o
                0x0000000000000194                vApplicationMallocFailedHook
 .text.vAssertCalled
                0x00000000000001a6       0x1a build/main.o
                0x00000000000001a6                vAssertCalled
 .text.vLoggingPrintf
                0x00000000000001c0       0x1a build/main.o
                0x00000000000001c0                vLoggingPrintf
 *fill*         0x00000000000001da        0x2 
 .text.main_tcp_network_init
                0x00000000000001dc       0x6c build/main_networking.o
                0x00000000000001dc                main_tcp_network_init
 .text.vApplicationIPNetworkEventHook_Multi
                0x0000000000000248       0x78 build/main_networking.o
                0x0000000000000248                vApplicationIPNetworkEventHook_Multi
 .text.xApplicationDNSQueryHook_Multi
                0x00000000000002c0        0x4 build/main_networking.o
                0x00000000000002c0                xApplicationDNSQueryHook_Multi
 .text.ulApplicationGetNextSequenceNumber
                0x00000000000002c4       0x1c build/main_networking.o
                0x00000000000002c4                ulApplicationGetNextSequenceNumber
 .text.xApplicationGetRandomNumber
                0x00000000000002e0       0x20 build/main_networking.o
                0x00000000000002e0                xApplicationGetRandomNumber
 .text.vApplicationStart
                0x0000000000000300        0x4 build/app_main.o
                0x0000000000000300                vApplicationStart
 .text.vStartEchoDemo
                0x0000000000000304       0x2c build/demo_echo.o
                0x0000000000000304                vStartEchoDemo
 .text.prvIdleTask
                0x0000000000000330        0x2 build//home/kj/FreeRTOS/FreeRTOS/Source/tasks.o
 *fill*         0x0000000000000332        0x2 
 .text.prvResetNextTaskUnblockTime
                0x0000000000000334       0x24 build//home/kj/FreeRTOS/FreeRTOS/Source/tasks.o
 .text.prvAddCurrentTaskToDelayedList.constprop.0
                0x0000000000000358       0x78 build//home/kj/FreeRTOS/FreeRTOS/Source/tasks.o
 .text.xTaskCreate
                0x00000000000003d0      0x1b4 build//home/kj/FreeRTOS/FreeRTOS/Source/tasks.o
                0x00000000000003d0                xTaskCreate
 .text.vTaskStartScheduler
                0x0000000000000584       0x88 build//home/kj/FreeRTOS/FreeRTOS/Source/tasks.o
                0x0000000000000584                vTaskStartScheduler
 .text.vTaskSuspendAll
                0x000000000000060c       0x10 build//home/kj/FreeRTOS/FreeRTOS/Source/tasks.o
                0x000000000000060c                vTaskSuspendAll
 .text.xTaskGetTickCount
                0x000000000000061c        0xc build//home/kj/FreeRTOS/FreeRTOS/Source/tasks.o
                0x000000000000061c                xTaskGetTickCount
 .text.xTaskIncrementTick
                0x0000000000000628      0x17c build//home/kj/FreeRTOS/FreeRTOS/Source/tasks.o
                0x0000000000000628                xTaskIncrementTick
 .text.xTaskResumeAll
                0x00000000000007a4      0x154 build//home/kj/FreeRTOS/FreeRTOS/Source/tasks.o
                0x00000000000007a4                xTaskResumeAll
 .text.vTaskDelay
                0x00000000000008f8       0x40 build//home/kj/FreeRTOS/FreeRTOS/Source/tasks.o
                0x00000000000008f8                vTaskDelay
 .text.vTaskSwitchContext
                0x0000000000000938       0x6c build//home/kj/FreeRTOS/FreeRTOS/Source/tasks.o
                0x0000000000000938                vTaskSwitchContext
 .text.vTaskPlaceOnEventList
                0x00000000000009a4       0x28 build//home/kj/FreeRTOS/FreeRTOS/Source/tasks.o
                0x00000000000009a4                vTaskPlaceOnEventList
 .text.xTaskRemoveFromEventList
                0x00000000000009cc       0xc4 build//home/kj/FreeRTOS/FreeRTOS/Source/tasks.o
                0x00000000000009cc                xTaskRemoveFromEventList
 .text.vTaskRemoveFromUnorderedEventList
                0x0000000000000a90       0xb0 build//home/kj/FreeRTOS/FreeRTOS/Source/tasks.o
                0x0000000000000a90                vTaskRemoveFromUnorderedEventList
 .text.vTaskSetTimeOutState
                0x0000000000000b40       0x2c build//home/kj/FreeRTOS/FreeRTOS/Source/tasks.o
                0x0000000000000b40                vTaskSetTimeOutState
 .text.vTaskInternalSetTimeOutState
                0x0000000000000b6c       0x18 build//home/kj/FreeRTOS/FreeRTOS/Source/tasks.o
                0x0000000000000b6c                vTaskInternalSetTimeOutState
 .text.xTaskCheckForTimeOut
                0x0000000000000b84       0x58 build//home/kj/FreeRTOS/FreeRTOS/Source/tasks.o
                0x0000000000000b84                xTaskCheckForTimeOut
 .text.vTaskMissedYield
                0x0000000000000bdc        0xc build//home/kj/FreeRTOS/FreeRTOS/Source/tasks.o
                0x0000000000000bdc                vTaskMissedYield
 .text.xTaskGetCurrentTaskHandle
                0x0000000000000be8        0xc build//home/kj/FreeRTOS/FreeRTOS/Source/tasks.o
                0x0000000000000be8                xTaskGetCurrentTaskHandle
 .text.xTaskPriorityInherit
                0x0000000000000bf4       0xa4 build//home/kj/FreeRTOS/FreeRTOS/Source/tasks.o
                0x0000000000000bf4                xTaskPriorityInherit
 .text.xTaskPriorityDisinherit
                0x0000000000000c98       0x8c build//home/kj/FreeRTOS/FreeRTOS/Source/tasks.o
                0x0000000000000c98                xTaskPriorityDisinherit
 .text.vTaskPriorityDisinheritAfterTimeout
                0x0000000000000d24       0xa0 build//home/kj/FreeRTOS/FreeRTOS/Source/tasks.o
                0x0000000000000d24                vTaskPriorityDisinheritAfterTimeout
 .text.pvTaskIncrementMutexHeldCount
                0x0000000000000dc4       0x14 build//home/kj/FreeRTOS/FreeRTOS/Source/tasks.o
                0x0000000000000dc4                pvTaskIncrementMutexHeldCount
 .text.ulTaskGenericNotifyTake
                0x0000000000000dd8       0xa0 build//home/kj/FreeRTOS/FreeRTOS/Source/tasks.o
                0x0000000000000dd8                ulTaskGenericNotifyTake
 .text.vTaskGenericNotifyGiveFromISR
                0x0000000000000e78       0xfc build//home/kj/FreeRTOS/FreeRTOS/Source/tasks.o
                0x0000000000000e78                vTaskGenericNotifyGiveFromISR
 .text.vListInitialise
                0x0000000000000f74       0x16 build//home/kj/FreeRTOS/FreeRTOS/Source/list.o
                0x0000000000000f74                vListInitialise
 .text.vListInitialiseItem
                0x0000000000000f8a        0x6 build//home/kj/FreeRTOS/FreeRTOS/Source/list.o
                0x0000000000000f8a                vListInitialiseItem
 .text.vListInsertEnd
                0x0000000000000f90       0x18 build//home/kj/FreeRTOS/FreeRTOS/Source/list.o
                0x0000000000000f90                vListInsertEnd
 .text.vListInsert
                0x0000000000000fa8       0x2e build//home/kj/FreeRTOS/FreeRTOS/Source/list.o
                0x0000000000000fa8                vListInsert
 .text.uxListRemove
                0x0000000000000fd6       0x1e build//home/kj/FreeRTOS/FreeRTOS/Source/list.o
                0x0000000000000fd6                uxListRemove
 .text.prvIsQueueEmpty
                0x0000000000000ff4       0x16 build//home/kj/FreeRTOS/FreeRTOS/Source/queue.o
 .text.prvCopyDataToQueue
                0x000000000000100a       0x6a build//home/kj/FreeRTOS/FreeRTOS/Source/queue.o
 .text.prvCopyDataFromQueue
                0x0000000000001074       0x28 build//home/kj/FreeRTOS/FreeRTOS/Source/queue.o
 .text.prvUnlockQueue
                0x000000000000109c       0x70 build//home/kj/FreeRTOS/FreeRTOS/Source/queue.o
 .text.xQueueGenericReset
                0x000000000000110c       0x88 build//home/kj/FreeRTOS/FreeRTOS/Source/queue.o
                0x000000000000110c                xQueueGenericReset
 .text.xQueueGenericCreate
                0x0000000000001194       0x44 build//home/kj/FreeRTOS/FreeRTOS/Source/queue.o
                0x0000000000001194                xQueueGenericCreate
 .text.xQueueCreateCountingSemaphore
                0x00000000000011d8       0x20 build//home/kj/FreeRTOS/FreeRTOS/Source/queue.o
                0x00000000000011d8                xQueueCreateCountingSemaphore
 .text.xQueueGenericSend
                0x00000000000011f8      0x122 build//home/kj/FreeRTOS/FreeRTOS/Source/queue.o
                0x00000000000011f8                xQueueGenericSend
 .text.xQueueReceive
                0x000000000000131a       0xfe build//home/kj/FreeRTOS/FreeRTOS/Source/queue.o
                0x000000000000131a                xQueueReceive
 .text.xQueueSemaphoreTake
                0x0000000000001418      0x134 build//home/kj/FreeRTOS/FreeRTOS/Source/queue.o
                0x0000000000001418                xQueueSemaphoreTake
 .text.uxQueueMessagesWaiting
                0x000000000000154c       0x18 build//home/kj/FreeRTOS/FreeRTOS/Source/queue.o
                0x000000000000154c                uxQueueMessagesWaiting
 .text.vQueueDelete
                0x0000000000001564       0x14 build//home/kj/FreeRTOS/FreeRTOS/Source/queue.o
                0x0000000000001564                vQueueDelete
 .text.xEventGroupCreate
                0x0000000000001578       0x1a build//home/kj/FreeRTOS/FreeRTOS/Source/event_groups.o
                0x0000000000001578                xEventGroupCreate
 .text.xEventGroupClearBits
                0x0000000000001592       0x2a build//home/kj/FreeRTOS/FreeRTOS/Source/event_groups.o
                0x0000000000001592                xEventGroupClearBits
 .text.xEventGroupSetBits
                0x00000000000015bc       0x6c build//home/kj/FreeRTOS/FreeRTOS/Source/event_groups.o
                0x00000000000015bc                xEventGroupSetBits
 .text.vEventGroupDelete
                0x0000000000001628       0x3a build//home/kj/FreeRTOS/FreeRTOS/Source/event_groups.o
                0x0000000000001628                vEventGroupDelete
 *fill*         0x0000000000001662        0x2 
 .text.vPortSVCHandler
                0x0000000000001664       0x24 build//home/kj/FreeRTOS/FreeRTOS/Source/portable/GCC/ARM_CM3/port.o
                0x0000000000001664                vPortSVCHandler
 .text.prvPortStartFirstTask
                0x0000000000001688       0x20 build//home/kj/FreeRTOS/FreeRTOS/Source/portable/GCC/ARM_CM3/port.o
 .text.xPortPendSVHandler
                0x00000000000016a8       0x44 build//home/kj/FreeRTOS/FreeRTOS/Source/portable/GCC/ARM_CM3/port.o
                0x00000000000016a8                xPortPendSVHandler
 .text.prvTaskExitError
                0x00000000000016ec       0x34 build//home/kj/FreeRTOS/FreeRTOS/Source/portable/GCC/ARM_CM3/port.o
 .text.pxPortInitialiseStack
                0x0000000000001720       0x24 build//home/kj/FreeRTOS/FreeRTOS/Source/portable/GCC/ARM_CM3/port.o
                0x0000000000001720                pxPortInitialiseStack
 .text.vPortEnterCritical
                0x0000000000001744       0x34 build//home/kj/FreeRTOS/FreeRTOS/Source/portable/GCC/ARM_CM3/port.o
                0x0000000000001744                vPortEnterCritical
 .text.vPortExitCritical
                0x0000000000001778       0x20 build//home/kj/FreeRTOS/FreeRTOS/Source/portable/GCC/ARM_CM3/port.o
                0x0000000000001778                vPortExitCritical
 .text.xPortSysTickHandler
                0x0000000000001798       0x2c build//home/kj/FreeRTOS/FreeRTOS/Source/portable/GCC/ARM_CM3/port.o
                0x0000000000001798                xPortSysTickHandler
 .text.vPortSetupTimerInterrupt
                0x00000000000017c4       0x16 build//home/kj/FreeRTOS/FreeRTOS/Source/portable/GCC/ARM_CM3/port.o
                0x00000000000017c4                vPortSetupTimerInterrupt
 *fill*         0x00000000000017da        0x2 
 .text.xPortStartScheduler
                0x00000000000017dc       0xf0 build//home/kj/FreeRTOS/FreeRTOS/Source/portable/GCC/ARM_CM3/port.o
                0x00000000000017dc                xPortStartScheduler
 .text.vPortValidateInterruptPriority
                0x00000000000018cc       0x44 build//home/kj/FreeRTOS/FreeRTOS/Source/portable/GCC/ARM_CM3/port.o
                0x00000000000018cc                vPortValidateInterruptPriority
 .text.pvPortMalloc
                0x0000000000001910       0x1e build//home/kj/FreeRTOS/FreeRTOS/Source/portable/MemMang/heap_3.o
                0x0000000000001910                pvPortMalloc
 .text.vPortFree
                0x000000000000192e       0x1a build//home/kj/FreeRTOS/FreeRTOS/Source/portable/MemMang/heap_3.o
                0x000000000000192e                vPortFree
 .text.xIsIPInARPCache
                0x0000000000001948       0x28 build//home/kj/FreeRTOS/FreeRTOS-Plus/Source/FreeRTOS-Plus-TCP/source/FreeRTOS_ARP.o
                0x0000000000001948                xIsIPInARPCache
 .text.vARPRefreshCacheEntryAge
                0x0000000000001970       0x40 build//home/kj/FreeRTOS/FreeRTOS-Plus/Source/FreeRTOS-Plus-TCP/source/FreeRTOS_ARP.o
                0x0000000000001970                vARPRefreshCacheEntryAge
 .text.vARPRefreshCacheEntry
                0x00000000000019b0       0xe8 build//home/kj/FreeRTOS/FreeRTOS-Plus/Source/FreeRTOS-Plus-TCP/source/FreeRTOS_ARP.o
                0x00000000000019b0                vARPRefreshCacheEntry
 .text.eARPGetCacheEntry
                0x0000000000001a98      0x100 build//home/kj/FreeRTOS/FreeRTOS-Plus/Source/FreeRTOS-Plus-TCP/source/FreeRTOS_ARP.o
                0x0000000000001a98                eARPGetCacheEntry
 .text.vARPGenerateRequestPacket
                0x0000000000001b98       0x64 build//home/kj/FreeRTOS/FreeRTOS-Plus/Source/FreeRTOS-Plus-TCP/source/FreeRTOS_ARP.o
                0x0000000000001b98                vARPGenerateRequestPacket
 .text.FreeRTOS_OutputARPRequest_Multi
                0x0000000000001bfc       0x60 build//home/kj/FreeRTOS/FreeRTOS-Plus/Source/FreeRTOS-Plus-TCP/source/FreeRTOS_ARP.o
                0x0000000000001bfc                FreeRTOS_OutputARPRequest_Multi
 .text.eARPProcessPacket
                0x0000000000001c5c      0x1f8 build//home/kj/FreeRTOS/FreeRTOS-Plus/Source/FreeRTOS-Plus-TCP/source/FreeRTOS_ARP.o
                0x0000000000001c5c                eARPProcessPacket
 .text.xCheckRequiresARPResolution
                0x0000000000001e54       0x42 build//home/kj/FreeRTOS/FreeRTOS-Plus/Source/FreeRTOS-Plus-TCP/source/FreeRTOS_ARP.o
                0x0000000000001e54                xCheckRequiresARPResolution
 .text.FreeRTOS_OutputARPRequest
                0x0000000000001e96       0x16 build//home/kj/FreeRTOS/FreeRTOS-Plus/Source/FreeRTOS-Plus-TCP/source/FreeRTOS_ARP.o
                0x0000000000001e96                FreeRTOS_OutputARPRequest
 .text.vARPAgeCache
                0x0000000000001eac       0x74 build//home/kj/FreeRTOS/FreeRTOS-Plus/Source/FreeRTOS-Plus-TCP/source/FreeRTOS_ARP.o
                0x0000000000001eac                vARPAgeCache
 .text.FreeRTOS_ClearARP
                0x0000000000001f20       0x38 build//home/kj/FreeRTOS/FreeRTOS-Plus/Source/FreeRTOS-Plus-TCP/source/FreeRTOS_ARP.o
                0x0000000000001f20                FreeRTOS_ClearARP
 .text.pxNew_AddrInfo
                0x0000000000001f58       0x52 build//home/kj/FreeRTOS/FreeRTOS-Plus/Source/FreeRTOS-Plus-TCP/source/FreeRTOS_DNS.o
                0x0000000000001f58                pxNew_AddrInfo
 .text.FreeRTOS_freeaddrinfo
                0x0000000000001faa       0x12 build//home/kj/FreeRTOS/FreeRTOS-Plus/Source/FreeRTOS-Plus-TCP/source/FreeRTOS_DNS.o
                0x0000000000001faa                FreeRTOS_freeaddrinfo
 .text.ulDNSHandlePacket
                0x0000000000001fbc       0x3e build//home/kj/FreeRTOS/FreeRTOS-Plus/Source/FreeRTOS-Plus-TCP/source/FreeRTOS_DNS.o
                0x0000000000001fbc                ulDNSHandlePacket
 .text.ulNBNSHandlePacket
                0x0000000000001ffa       0x18 build//home/kj/FreeRTOS/FreeRTOS-Plus/Source/FreeRTOS-Plus-TCP/source/FreeRTOS_DNS.o
                0x0000000000001ffa                ulNBNSHandlePacket
 *fill*         0x0000000000002012        0x2 
 .text.FreeRTOS_dnsclear
                0x0000000000002014       0x1c build//home/kj/FreeRTOS/FreeRTOS-Plus/Source/FreeRTOS-Plus-TCP/source/FreeRTOS_DNS_Cache.o
                0x0000000000002014                FreeRTOS_dnsclear
 .text.FreeRTOS_ProcessDNSCache
                0x0000000000002030      0x164 build//home/kj/FreeRTOS/FreeRTOS-Plus/Source/FreeRTOS-Plus-TCP/source/FreeRTOS_DNS_Cache.o
                0x0000000000002030                FreeRTOS_ProcessDNSCache
 .text.FreeRTOS_dns_update
                0x0000000000002194       0x14 build//home/kj/FreeRTOS/FreeRTOS-Plus/Source/FreeRTOS-Plus-TCP/source/FreeRTOS_DNS_Cache.o
                0x0000000000002194                FreeRTOS_dns_update
 .text.DNS_ReadNameField
                0x00000000000021a8       0x7a build//home/kj/FreeRTOS/FreeRTOS-Plus/Source/FreeRTOS-Plus-TCP/source/FreeRTOS_DNS_Parser.o
                0x00000000000021a8                DNS_ReadNameField
 .text.DNS_SkipNameField
                0x0000000000002222       0x42 build//home/kj/FreeRTOS/FreeRTOS-Plus/Source/FreeRTOS-Plus-TCP/source/FreeRTOS_DNS_Parser.o
                0x0000000000002222                DNS_SkipNameField
 .text.parseDNSAnswer
                0x0000000000002264      0x200 build//home/kj/FreeRTOS/FreeRTOS-Plus/Source/FreeRTOS-Plus-TCP/source/FreeRTOS_DNS_Parser.o
                0x0000000000002264                parseDNSAnswer
 .text.prepareReplyDNSMessage
                0x0000000000002464       0xa8 build//home/kj/FreeRTOS/FreeRTOS-Plus/Source/FreeRTOS-Plus-TCP/source/FreeRTOS_DNS_Parser.o
                0x0000000000002464                prepareReplyDNSMessage
 .text.DNS_ParseDNSReply
                0x000000000000250c      0x254 build//home/kj/FreeRTOS/FreeRTOS-Plus/Source/FreeRTOS-Plus-TCP/source/FreeRTOS_DNS_Parser.o
                0x000000000000250c                DNS_ParseDNSReply
 .text.DNS_TreatNBNS
                0x0000000000002760      0x174 build//home/kj/FreeRTOS/FreeRTOS-Plus/Source/FreeRTOS-Plus-TCP/source/FreeRTOS_DNS_Parser.o
                0x0000000000002760                DNS_TreatNBNS
 .text.ProcessICMPPacket
                0x00000000000028d4       0x6a build//home/kj/FreeRTOS/FreeRTOS-Plus/Source/FreeRTOS-Plus-TCP/source/FreeRTOS_ICMP.o
                0x00000000000028d4                ProcessICMPPacket
 *fill*         0x000000000000293e        0x2 
 .text.FreeRTOS_GetIPTaskHandle
                0x0000000000002940        0xc build//home/kj/FreeRTOS/FreeRTOS-Plus/Source/FreeRTOS-Plus-TCP/source/FreeRTOS_IP.o
                0x0000000000002940                FreeRTOS_GetIPTaskHandle
 .text.vIPNetworkUpCalls
                0x000000000000294c       0x2e build//home/kj/FreeRTOS/FreeRTOS-Plus/Source/FreeRTOS-Plus-TCP/source/FreeRTOS_IP.o
                0x000000000000294c                vIPNetworkUpCalls
 *fill*         0x000000000000297a        0x2 
 .text.FreeRTOS_IPInit_Multi
                0x000000000000297c       0x70 build//home/kj/FreeRTOS/FreeRTOS-Plus/Source/FreeRTOS-Plus-TCP/source/FreeRTOS_IP.o
                0x000000000000297c                FreeRTOS_IPInit_Multi
 .text.FreeRTOS_GetEndPointConfiguration
                0x00000000000029ec       0x28 build//home/kj/FreeRTOS/FreeRTOS-Plus/Source/FreeRTOS-Plus-TCP/source/FreeRTOS_IP.o
                0x00000000000029ec                FreeRTOS_GetEndPointConfiguration
 .text.xSendEventStructToIPTask
                0x0000000000002a14       0x54 build//home/kj/FreeRTOS/FreeRTOS-Plus/Source/FreeRTOS-Plus-TCP/source/FreeRTOS_IP.o
                0x0000000000002a14                xSendEventStructToIPTask
 .text.FreeRTOS_NetworkDown
                0x0000000000002a68       0x40 build//home/kj/FreeRTOS/FreeRTOS-Plus/Source/FreeRTOS-Plus-TCP/source/FreeRTOS_IP.o
                0x0000000000002a68                FreeRTOS_NetworkDown
 .text.xSendEventToIPTask
                0x0000000000002aa8       0x16 build//home/kj/FreeRTOS/FreeRTOS-Plus/Source/FreeRTOS-Plus-TCP/source/FreeRTOS_IP.o
                0x0000000000002aa8                xSendEventToIPTask
 *fill*         0x0000000000002abe        0x2 
 .text.vReturnEthernetFrame
                0x0000000000002ac0       0xd8 build//home/kj/FreeRTOS/FreeRTOS-Plus/Source/FreeRTOS-Plus-TCP/source/FreeRTOS_IP.o
                0x0000000000002ac0                vReturnEthernetFrame
 .text.xIPIsNetworkTaskReady
                0x0000000000002b98        0xc build//home/kj/FreeRTOS/FreeRTOS-Plus/Source/FreeRTOS-Plus-TCP/source/FreeRTOS_IP.o
                0x0000000000002b98                xIPIsNetworkTaskReady
 .text.uxIPHeaderSizePacket
                0x0000000000002ba4       0x12 build//home/kj/FreeRTOS/FreeRTOS-Plus/Source/FreeRTOS-Plus-TCP/source/FreeRTOS_IP.o
                0x0000000000002ba4                uxIPHeaderSizePacket
 *fill*         0x0000000000002bb6        0x2 
 .text.prvIPTask
                0x0000000000002bb8      0x348 build//home/kj/FreeRTOS/FreeRTOS-Plus/Source/FreeRTOS-Plus-TCP/source/FreeRTOS_IP.o
 .text.uxIPHeaderSizeSocket
                0x0000000000002f00       0x14 build//home/kj/FreeRTOS/FreeRTOS-Plus/Source/FreeRTOS-Plus-TCP/source/FreeRTOS_IP.o
                0x0000000000002f00                uxIPHeaderSizeSocket
 .text.prvIPTimerStart
                0x0000000000002f14       0x26 build//home/kj/FreeRTOS/FreeRTOS-Plus/Source/FreeRTOS-Plus-TCP/source/FreeRTOS_IP_Timers.o
 .text.prvIPTimerCheck
                0x0000000000002f3a       0x3a build//home/kj/FreeRTOS/FreeRTOS-Plus/Source/FreeRTOS-Plus-TCP/source/FreeRTOS_IP_Timers.o
 .text.xCalculateSleepTime
                0x0000000000002f74       0x58 build//home/kj/FreeRTOS/FreeRTOS-Plus/Source/FreeRTOS-Plus-TCP/source/FreeRTOS_IP_Timers.o
                0x0000000000002f74                xCalculateSleepTime
 .text.vCheckNetworkTimers
                0x0000000000002fcc       0xc8 build//home/kj/FreeRTOS/FreeRTOS-Plus/Source/FreeRTOS-Plus-TCP/source/FreeRTOS_IP_Timers.o
                0x0000000000002fcc                vCheckNetworkTimers
 .text.vIPTimerStartARPResolution
                0x0000000000003094        0xc build//home/kj/FreeRTOS/FreeRTOS-Plus/Source/FreeRTOS-Plus-TCP/source/FreeRTOS_IP_Timers.o
                0x0000000000003094                vIPTimerStartARPResolution
 .text.vTCPTimerReload
                0x00000000000030a0       0x10 build//home/kj/FreeRTOS/FreeRTOS-Plus/Source/FreeRTOS-Plus-TCP/source/FreeRTOS_IP_Timers.o
                0x00000000000030a0                vTCPTimerReload
 .text.vARPTimerReload
                0x00000000000030b0       0x10 build//home/kj/FreeRTOS/FreeRTOS-Plus/Source/FreeRTOS-Plus-TCP/source/FreeRTOS_IP_Timers.o
                0x00000000000030b0                vARPTimerReload
 .text.vNetworkTimerReload
                0x00000000000030c0       0x10 build//home/kj/FreeRTOS/FreeRTOS-Plus/Source/FreeRTOS-Plus-TCP/source/FreeRTOS_IP_Timers.o
                0x00000000000030c0                vNetworkTimerReload
 .text.vIPSetTCPTimerExpiredState
                0x00000000000030d0       0x20 build//home/kj/FreeRTOS/FreeRTOS-Plus/Source/FreeRTOS-Plus-TCP/source/FreeRTOS_IP_Timers.o
                0x00000000000030d0                vIPSetTCPTimerExpiredState
 .text.vIPSetARPTimerEnableState
                0x00000000000030f0       0x18 build//home/kj/FreeRTOS/FreeRTOS-Plus/Source/FreeRTOS-Plus-TCP/source/FreeRTOS_IP_Timers.o
                0x00000000000030f0                vIPSetARPTimerEnableState
 .text.vIPSetARPResolutionTimerEnableState
                0x0000000000003108       0x18 build//home/kj/FreeRTOS/FreeRTOS-Plus/Source/FreeRTOS-Plus-TCP/source/FreeRTOS_IP_Timers.o
                0x0000000000003108                vIPSetARPResolutionTimerEnableState
 .text.vSetAllNetworksUp
                0x0000000000003120        0xc build//home/kj/FreeRTOS/FreeRTOS-Plus/Source/FreeRTOS-Plus-TCP/source/FreeRTOS_IP_Timers.o
                0x0000000000003120                vSetAllNetworksUp
 .text.prvSetChecksumInPacket
                0x000000000000312c       0x2c build//home/kj/FreeRTOS/FreeRTOS-Plus/Source/FreeRTOS-Plus-TCP/source/FreeRTOS_IP_Utils.o
 .text.pxDuplicateNetworkBufferWithDescriptor
                0x0000000000003158       0x44 build//home/kj/FreeRTOS/FreeRTOS-Plus/Source/FreeRTOS-Plus-TCP/source/FreeRTOS_IP_Utils.o
                0x0000000000003158                pxDuplicateNetworkBufferWithDescriptor
 .text.pxUDPPayloadBuffer_to_NetworkBuffer
                0x000000000000319c       0x24 build//home/kj/FreeRTOS/FreeRTOS-Plus/Source/FreeRTOS-Plus-TCP/source/FreeRTOS_IP_Utils.o
                0x000000000000319c                pxUDPPayloadBuffer_to_NetworkBuffer
 .text.xIsCallingFromIPTask
                0x00000000000031c0       0x14 build//home/kj/FreeRTOS/FreeRTOS-Plus/Source/FreeRTOS-Plus-TCP/source/FreeRTOS_IP_Utils.o
                0x00000000000031c0                xIsCallingFromIPTask
 .text.prvProcessNetworkDownEvent
                0x00000000000031d4       0xac build//home/kj/FreeRTOS/FreeRTOS-Plus/Source/FreeRTOS-Plus-TCP/source/FreeRTOS_IP_Utils.o
                0x00000000000031d4                prvProcessNetworkDownEvent
 .text.vPreCheckConfigs
                0x0000000000003280       0x2c build//home/kj/FreeRTOS/FreeRTOS-Plus/Source/FreeRTOS-Plus-TCP/source/FreeRTOS_IP_Utils.o
                0x0000000000003280                vPreCheckConfigs
 .text.usGenerateChecksum
                0x00000000000032ac       0xea build//home/kj/FreeRTOS/FreeRTOS-Plus/Source/FreeRTOS-Plus-TCP/source/FreeRTOS_IP_Utils.o
                0x00000000000032ac                usGenerateChecksum
 *fill*         0x0000000000003396        0x2 
 .text.usGenerateProtocolChecksum
                0x0000000000003398      0x1d8 build//home/kj/FreeRTOS/FreeRTOS-Plus/Source/FreeRTOS-Plus-TCP/source/FreeRTOS_IP_Utils.o
                0x0000000000003398                usGenerateProtocolChecksum
 .text.FreeRTOS_max_size_t
                0x0000000000003570        0x8 build//home/kj/FreeRTOS/FreeRTOS-Plus/Source/FreeRTOS-Plus-TCP/source/FreeRTOS_IP_Utils.o
                0x0000000000003570                FreeRTOS_max_size_t
 .text.FreeRTOS_min_int32
                0x0000000000003578        0x8 build//home/kj/FreeRTOS/FreeRTOS-Plus/Source/FreeRTOS-Plus-TCP/source/FreeRTOS_IP_Utils.o
                0x0000000000003578                FreeRTOS_min_int32
 .text.FreeRTOS_min_uint32
                0x0000000000003580        0x8 build//home/kj/FreeRTOS/FreeRTOS-Plus/Source/FreeRTOS-Plus-TCP/source/FreeRTOS_IP_Utils.o
                0x0000000000003580                FreeRTOS_min_uint32
 .text.FreeRTOS_min_size_t
                0x0000000000003588        0x8 build//home/kj/FreeRTOS/FreeRTOS-Plus/Source/FreeRTOS-Plus-TCP/source/FreeRTOS_IP_Utils.o
                0x0000000000003588                FreeRTOS_min_size_t
 .text.FreeRTOS_add_int32
                0x0000000000003590       0x24 build//home/kj/FreeRTOS/FreeRTOS-Plus/Source/FreeRTOS-Plus-TCP/source/FreeRTOS_IP_Utils.o
                0x0000000000003590                FreeRTOS_add_int32
 .text.FreeRTOS_multiply_int32
                0x00000000000035b4       0x4c build//home/kj/FreeRTOS/FreeRTOS-Plus/Source/FreeRTOS-Plus-TCP/source/FreeRTOS_IP_Utils.o
                0x00000000000035b4                FreeRTOS_multiply_int32
 .text.FreeRTOS_round_up
                0x0000000000003600       0x1a build//home/kj/FreeRTOS/FreeRTOS-Plus/Source/FreeRTOS-Plus-TCP/source/FreeRTOS_IP_Utils.o
                0x0000000000003600                FreeRTOS_round_up
 .text.ulChar2u32
                0x000000000000361a        0x6 build//home/kj/FreeRTOS/FreeRTOS-Plus/Source/FreeRTOS-Plus-TCP/source/FreeRTOS_IP_Utils.o
                0x000000000000361a                ulChar2u32
 .text.usChar2u16
                0x0000000000003620        0x8 build//home/kj/FreeRTOS/FreeRTOS-Plus/Source/FreeRTOS-Plus-TCP/source/FreeRTOS_IP_Utils.o
                0x0000000000003620                usChar2u16
 .text.xIsIPv4Multicast
                0x0000000000003628       0x12 build//home/kj/FreeRTOS/FreeRTOS-Plus/Source/FreeRTOS-Plus-TCP/source/FreeRTOS_IPv4.o
                0x0000000000003628                xIsIPv4Multicast
 .text.xIsIPv4Loopback
                0x000000000000363a       0x12 build//home/kj/FreeRTOS/FreeRTOS-Plus/Source/FreeRTOS-Plus-TCP/source/FreeRTOS_IPv4.o
                0x000000000000363a                xIsIPv4Loopback
 .text.xBadIPv4Loopback
                0x000000000000364c       0x24 build//home/kj/FreeRTOS/FreeRTOS-Plus/Source/FreeRTOS-Plus-TCP/source/FreeRTOS_IPv4.o
                0x000000000000364c                xBadIPv4Loopback
 .text.prvAllowIPPacketIPv4
                0x0000000000003670      0x180 build//home/kj/FreeRTOS/FreeRTOS-Plus/Source/FreeRTOS-Plus-TCP/source/FreeRTOS_IPv4.o
                0x0000000000003670                prvAllowIPPacketIPv4
 .text.prvCheckIP4HeaderOptions
                0x00000000000037f0       0x48 build//home/kj/FreeRTOS/FreeRTOS-Plus/Source/FreeRTOS-Plus-TCP/source/FreeRTOS_IPv4.o
                0x00000000000037f0                prvCheckIP4HeaderOptions
 .text.FreeRTOS_inet_ntop4
                0x0000000000003838       0x16 build//home/kj/FreeRTOS/FreeRTOS-Plus/Source/FreeRTOS-Plus-TCP/source/FreeRTOS_IPv4_Sockets.o
                0x0000000000003838                FreeRTOS_inet_ntop4
 .text.vSetMultiCastIPv4MacAddress
                0x000000000000384e       0x1c build//home/kj/FreeRTOS/FreeRTOS-Plus/Source/FreeRTOS-Plus-TCP/source/FreeRTOS_IPv4_Utils.o
                0x000000000000384e                vSetMultiCastIPv4MacAddress
 .text.prvChecksumIPv4Checks
                0x000000000000386a       0x6a build//home/kj/FreeRTOS/FreeRTOS-Plus/Source/FreeRTOS-Plus-TCP/source/FreeRTOS_IPv4_Utils.o
                0x000000000000386a                prvChecksumIPv4Checks
 .text.FreeRTOS_FillEndPoint
                0x00000000000038d4       0xec build//home/kj/FreeRTOS/FreeRTOS-Plus/Source/FreeRTOS-Plus-TCP/source/FreeRTOS_Routing.o
                0x00000000000038d4                FreeRTOS_FillEndPoint
 .text.FreeRTOS_AddNetworkInterface
                0x00000000000039c0       0x24 build//home/kj/FreeRTOS/FreeRTOS-Plus/Source/FreeRTOS-Plus-TCP/source/FreeRTOS_Routing.o
                0x00000000000039c0                FreeRTOS_AddNetworkInterface
 .text.FreeRTOS_FirstNetworkInterface
                0x00000000000039e4        0xc build//home/kj/FreeRTOS/FreeRTOS-Plus/Source/FreeRTOS-Plus-TCP/source/FreeRTOS_Routing.o
                0x00000000000039e4                FreeRTOS_FirstNetworkInterface
 .text.FreeRTOS_NextNetworkInterface
                0x00000000000039f0        0x6 build//home/kj/FreeRTOS/FreeRTOS-Plus/Source/FreeRTOS-Plus-TCP/source/FreeRTOS_Routing.o
                0x00000000000039f0                FreeRTOS_NextNetworkInterface
 *fill*         0x00000000000039f6        0x2 
 .text.FreeRTOS_FirstEndPoint
                0x00000000000039f8       0x1c build//home/kj/FreeRTOS/FreeRTOS-Plus/Source/FreeRTOS-Plus-TCP/source/FreeRTOS_Routing.o
                0x00000000000039f8                FreeRTOS_FirstEndPoint
 .text.FreeRTOS_NextEndPoint
                0x0000000000003a14       0x1c build//home/kj/FreeRTOS/FreeRTOS-Plus/Source/FreeRTOS-Plus-TCP/source/FreeRTOS_Routing.o
                0x0000000000003a14                FreeRTOS_NextEndPoint
 .text.FreeRTOS_FindEndPointOnIP_IPv4
                0x0000000000003a30       0x1c build//home/kj/FreeRTOS/FreeRTOS-Plus/Source/FreeRTOS-Plus-TCP/source/FreeRTOS_Routing.o
                0x0000000000003a30                FreeRTOS_FindEndPointOnIP_IPv4
 .text.FreeRTOS_InterfaceEndPointOnNetMask
                0x0000000000003a4c       0x2c build//home/kj/FreeRTOS/FreeRTOS-Plus/Source/FreeRTOS-Plus-TCP/source/FreeRTOS_Routing.o
                0x0000000000003a4c                FreeRTOS_InterfaceEndPointOnNetMask
 .text.FreeRTOS_FindEndPointOnNetMask
                0x0000000000003a78        0x8 build//home/kj/FreeRTOS/FreeRTOS-Plus/Source/FreeRTOS-Plus-TCP/source/FreeRTOS_Routing.o
                0x0000000000003a78                FreeRTOS_FindEndPointOnNetMask
 .text.pxEasyFit
                0x0000000000003a80       0x9e build//home/kj/FreeRTOS/FreeRTOS-Plus/Source/FreeRTOS-Plus-TCP/source/FreeRTOS_Routing.o
                0x0000000000003a80                pxEasyFit
 .text.FreeRTOS_MatchingEndpoint
                0x0000000000003b1e       0x8e build//home/kj/FreeRTOS/FreeRTOS-Plus/Source/FreeRTOS-Plus-TCP/source/FreeRTOS_Routing.o
                0x0000000000003b1e                FreeRTOS_MatchingEndpoint
 .text.FreeRTOS_FindGateWay
                0x0000000000003bac       0x18 build//home/kj/FreeRTOS/FreeRTOS-Plus/Source/FreeRTOS-Plus-TCP/source/FreeRTOS_Routing.o
                0x0000000000003bac                FreeRTOS_FindGateWay
 .text.xCheckRequiresResolution
                0x0000000000003bc4       0x1a build//home/kj/FreeRTOS/FreeRTOS-Plus/Source/FreeRTOS-Plus-TCP/source/FreeRTOS_Routing.o
                0x0000000000003bc4                xCheckRequiresResolution
 *fill*         0x0000000000003bde        0x2 
 .text.prvTCPCreateStream
                0x0000000000003be0       0xa0 build//home/kj/FreeRTOS/FreeRTOS-Plus/Source/FreeRTOS-Plus-TCP/source/FreeRTOS_Sockets.o
 .text.pxListFindListItemWithValue
                0x0000000000003c80       0x24 build//home/kj/FreeRTOS/FreeRTOS-Plus/Source/FreeRTOS-Plus-TCP/source/FreeRTOS_Sockets.o
 .text.prvValidSocket
                0x0000000000003ca4       0x20 build//home/kj/FreeRTOS/FreeRTOS-Plus/Source/FreeRTOS-Plus-TCP/source/FreeRTOS_Sockets.o
 .text.vNetworkSocketsInit
                0x0000000000003cc4       0x1c build//home/kj/FreeRTOS/FreeRTOS-Plus/Source/FreeRTOS-Plus-TCP/source/FreeRTOS_Sockets.o
                0x0000000000003cc4                vNetworkSocketsInit
 .text.FreeRTOS_socket
                0x0000000000003ce0      0x130 build//home/kj/FreeRTOS/FreeRTOS-Plus/Source/FreeRTOS-Plus-TCP/source/FreeRTOS_Sockets.o
                0x0000000000003ce0                FreeRTOS_socket
 .text.vSocketBind
                0x0000000000003e10       0xf0 build//home/kj/FreeRTOS/FreeRTOS-Plus/Source/FreeRTOS-Plus-TCP/source/FreeRTOS_Sockets.o
                0x0000000000003e10                vSocketBind
 .text.vSocketClose
                0x0000000000003f00       0xd8 build//home/kj/FreeRTOS/FreeRTOS-Plus/Source/FreeRTOS-Plus-TCP/source/FreeRTOS_Sockets.o
                0x0000000000003f00                vSocketClose
 .text.pxUDPSocketLookup
                0x0000000000003fd8       0x20 build//home/kj/FreeRTOS/FreeRTOS-Plus/Source/FreeRTOS-Plus-TCP/source/FreeRTOS_Sockets.o
                0x0000000000003fd8                pxUDPSocketLookup
 .text.FreeRTOS_inet_ntoa
                0x0000000000003ff8       0x8a build//home/kj/FreeRTOS/FreeRTOS-Plus/Source/FreeRTOS-Plus-TCP/source/FreeRTOS_Sockets.o
                0x0000000000003ff8                FreeRTOS_inet_ntoa
 .text.FreeRTOS_inet_ntop
                0x0000000000004082       0x1a build//home/kj/FreeRTOS/FreeRTOS-Plus/Source/FreeRTOS-Plus-TCP/source/FreeRTOS_Sockets.o
                0x0000000000004082                FreeRTOS_inet_ntop
 .text.FreeRTOS_GetLocalAddress
                0x000000000000409c       0x1c build//home/kj/FreeRTOS/FreeRTOS-Plus/Source/FreeRTOS-Plus-TCP/source/FreeRTOS_Sockets.o
                0x000000000000409c                FreeRTOS_GetLocalAddress
 .text.vSocketWakeUpUser
                0x00000000000040b8       0x38 build//home/kj/FreeRTOS/FreeRTOS-Plus/Source/FreeRTOS-Plus-TCP/source/FreeRTOS_Sockets.o
                0x00000000000040b8                vSocketWakeUpUser
 .text.FreeRTOS_listen
                0x00000000000040f0       0x7e build//home/kj/FreeRTOS/FreeRTOS-Plus/Source/FreeRTOS-Plus-TCP/source/FreeRTOS_Sockets.o
                0x00000000000040f0                FreeRTOS_listen
 *fill*         0x000000000000416e        0x2 
 .text.xTCPTimerCheck
                0x0000000000004170       0x88 build//home/kj/FreeRTOS/FreeRTOS-Plus/Source/FreeRTOS-Plus-TCP/source/FreeRTOS_Sockets.o
                0x0000000000004170                xTCPTimerCheck
 .text.pxTCPSocketLookup
                0x00000000000041f8       0x54 build//home/kj/FreeRTOS/FreeRTOS-Plus/Source/FreeRTOS-Plus-TCP/source/FreeRTOS_Sockets.o
                0x00000000000041f8                pxTCPSocketLookup
 .text.lTCPAddRxdata
                0x000000000000424c       0x80 build//home/kj/FreeRTOS/FreeRTOS-Plus/Source/FreeRTOS-Plus-TCP/source/FreeRTOS_Sockets.o
                0x000000000000424c                lTCPAddRxdata
 .text.FreeRTOS_tx_space
                0x00000000000042cc       0x20 build//home/kj/FreeRTOS/FreeRTOS-Plus/Source/FreeRTOS-Plus-TCP/source/FreeRTOS_Sockets.o
                0x00000000000042cc                FreeRTOS_tx_space
 .text.FreeRTOS_rx_size
                0x00000000000042ec       0x18 build//home/kj/FreeRTOS/FreeRTOS-Plus/Source/FreeRTOS-Plus-TCP/source/FreeRTOS_Sockets.o
                0x00000000000042ec                FreeRTOS_rx_size
 .text.vTCPNetStat
                0x0000000000004304      0x1b8 build//home/kj/FreeRTOS/FreeRTOS-Plus/Source/FreeRTOS-Plus-TCP/source/FreeRTOS_Sockets.o
                0x0000000000004304                vTCPNetStat
 .text.vSocketSelect
                0x00000000000044bc      0x110 build//home/kj/FreeRTOS/FreeRTOS-Plus/Source/FreeRTOS-Plus-TCP/source/FreeRTOS_Sockets.o
                0x00000000000044bc                vSocketSelect
 .text.uxStreamBufferSpace
                0x00000000000045cc       0x10 build//home/kj/FreeRTOS/FreeRTOS-Plus/Source/FreeRTOS-Plus-TCP/source/FreeRTOS_Stream_Buffer.o
                0x00000000000045cc                uxStreamBufferSpace
 .text.uxStreamBufferDistance
                0x00000000000045dc        0xe build//home/kj/FreeRTOS/FreeRTOS-Plus/Source/FreeRTOS-Plus-TCP/source/FreeRTOS_Stream_Buffer.o
                0x00000000000045dc                uxStreamBufferDistance
 .text.uxStreamBufferGetSpace
                0x00000000000045ea        0x8 build//home/kj/FreeRTOS/FreeRTOS-Plus/Source/FreeRTOS-Plus-TCP/source/FreeRTOS_Stream_Buffer.o
                0x00000000000045ea                uxStreamBufferGetSpace
 .text.uxStreamBufferFrontSpace
                0x00000000000045f2        0x8 build//home/kj/FreeRTOS/FreeRTOS-Plus/Source/FreeRTOS-Plus-TCP/source/FreeRTOS_Stream_Buffer.o
                0x00000000000045f2                uxStreamBufferFrontSpace
 .text.uxStreamBufferGetSize
                0x00000000000045fa        0x8 build//home/kj/FreeRTOS/FreeRTOS-Plus/Source/FreeRTOS-Plus-TCP/source/FreeRTOS_Stream_Buffer.o
                0x00000000000045fa                uxStreamBufferGetSize
 .text.uxStreamBufferMidSpace
                0x0000000000004602        0x8 build//home/kj/FreeRTOS/FreeRTOS-Plus/Source/FreeRTOS-Plus-TCP/source/FreeRTOS_Stream_Buffer.o
                0x0000000000004602                uxStreamBufferMidSpace
 .text.vStreamBufferClear
                0x000000000000460a        0xc build//home/kj/FreeRTOS/FreeRTOS-Plus/Source/FreeRTOS-Plus-TCP/source/FreeRTOS_Stream_Buffer.o
                0x000000000000460a                vStreamBufferClear
 .text.vStreamBufferMoveMid
                0x0000000000004616       0x20 build//home/kj/FreeRTOS/FreeRTOS-Plus/Source/FreeRTOS-Plus-TCP/source/FreeRTOS_Stream_Buffer.o
                0x0000000000004616                vStreamBufferMoveMid
 .text.uxStreamBufferAdd
                0x0000000000004636       0x94 build//home/kj/FreeRTOS/FreeRTOS-Plus/Source/FreeRTOS-Plus-TCP/source/FreeRTOS_Stream_Buffer.o
                0x0000000000004636                uxStreamBufferAdd
 .text.uxStreamBufferGet
                0x00000000000046ca       0x82 build//home/kj/FreeRTOS/FreeRTOS-Plus/Source/FreeRTOS-Plus-TCP/source/FreeRTOS_Stream_Buffer.o
                0x00000000000046ca                uxStreamBufferGet
 .text.vSocketCloseNextTime
                0x000000000000474c       0x1c build//home/kj/FreeRTOS/FreeRTOS-Plus/Source/FreeRTOS-Plus-TCP/source/FreeRTOS_TCP_IP.o
                0x000000000000474c                vSocketCloseNextTime
 .text.vSocketListenNextTime
                0x0000000000004768       0x20 build//home/kj/FreeRTOS/FreeRTOS-Plus/Source/FreeRTOS-Plus-TCP/source/FreeRTOS_TCP_IP.o
                0x0000000000004768                vSocketListenNextTime
 .text.prvTCPTouchSocket
                0x0000000000004788       0x28 build//home/kj/FreeRTOS/FreeRTOS-Plus/Source/FreeRTOS-Plus-TCP/source/FreeRTOS_TCP_IP.o
                0x0000000000004788                prvTCPTouchSocket
 .text.vTCPStateChange
                0x00000000000047b0      0x234 build//home/kj/FreeRTOS/FreeRTOS-Plus/Source/FreeRTOS-Plus-TCP/source/FreeRTOS_TCP_IP.o
                0x00000000000047b0                vTCPStateChange
 .text.prvTCPNextTimeout
                0x00000000000049e4       0x8a build//home/kj/FreeRTOS/FreeRTOS-Plus/Source/FreeRTOS-Plus-TCP/source/FreeRTOS_TCP_IP.o
                0x00000000000049e4                prvTCPNextTimeout
 .text.xTCPSocketCheck
                0x0000000000004a6e       0x8e build//home/kj/FreeRTOS/FreeRTOS-Plus/Source/FreeRTOS-Plus-TCP/source/FreeRTOS_TCP_IP.o
                0x0000000000004a6e                xTCPSocketCheck
 .text.xProcessReceivedTCPPacket
                0x0000000000004afc      0x1f6 build//home/kj/FreeRTOS/FreeRTOS-Plus/Source/FreeRTOS-Plus-TCP/source/FreeRTOS_TCP_IP.o
                0x0000000000004afc                xProcessReceivedTCPPacket
 *fill*         0x0000000000004cf2        0x2 
 .text.xTCPCheckNewClient
                0x0000000000004cf4       0x3c build//home/kj/FreeRTOS/FreeRTOS-Plus/Source/FreeRTOS-Plus-TCP/source/FreeRTOS_TCP_IP.o
                0x0000000000004cf4                xTCPCheckNewClient
 .text.prvCheckOptions
                0x0000000000004d30      0x17c build//home/kj/FreeRTOS/FreeRTOS-Plus/Source/FreeRTOS-Plus-TCP/source/FreeRTOS_TCP_Reception.o
                0x0000000000004d30                prvCheckOptions
 .text.prvCheckRxData
                0x0000000000004eac       0x78 build//home/kj/FreeRTOS/FreeRTOS-Plus/Source/FreeRTOS-Plus-TCP/source/FreeRTOS_TCP_Reception.o
                0x0000000000004eac                prvCheckRxData
 .text.prvStoreRxData
                0x0000000000004f24       0x9c build//home/kj/FreeRTOS/FreeRTOS-Plus/Source/FreeRTOS-Plus-TCP/source/FreeRTOS_TCP_Reception.o
                0x0000000000004f24                prvStoreRxData
 .text.prvTCPHandleFin
                0x0000000000004fc0       0xbc build//home/kj/FreeRTOS/FreeRTOS-Plus/Source/FreeRTOS-Plus-TCP/source/FreeRTOS_TCP_State_Handling.o
 .text.prvTCPSocketIsActive
                0x000000000000507c       0x1a build//home/kj/FreeRTOS/FreeRTOS-Plus/Source/FreeRTOS-Plus-TCP/source/FreeRTOS_TCP_State_Handling.o
                0x000000000000507c                prvTCPSocketIsActive
 .text.prvTCPStatusAgeCheck
                0x0000000000005096       0x48 build//home/kj/FreeRTOS/FreeRTOS-Plus/Source/FreeRTOS-Plus-TCP/source/FreeRTOS_TCP_State_Handling.o
                0x0000000000005096                prvTCPStatusAgeCheck
 .text.prvTCPHandleState
                0x00000000000050de      0x3b6 build//home/kj/FreeRTOS/FreeRTOS-Plus/Source/FreeRTOS-Plus-TCP/source/FreeRTOS_TCP_State_Handling.o
                0x00000000000050de                prvTCPHandleState
 .text.prvHandleListen
                0x0000000000005494       0x20 build//home/kj/FreeRTOS/FreeRTOS-Plus/Source/FreeRTOS-Plus-TCP/source/FreeRTOS_TCP_State_Handling.o
                0x0000000000005494                prvHandleListen
 .text.prvTCPSocketCopy
                0x00000000000054b4       0x9a build//home/kj/FreeRTOS/FreeRTOS-Plus/Source/FreeRTOS-Plus-TCP/source/FreeRTOS_TCP_State_Handling.o
                0x00000000000054b4                prvTCPSocketCopy
 *fill*         0x000000000000554e        0x2 
 .text.FreeRTOS_GetTCPStateName
                0x0000000000005550       0x14 build//home/kj/FreeRTOS/FreeRTOS-Plus/Source/FreeRTOS-Plus-TCP/source/FreeRTOS_TCP_State_Handling.o
                0x0000000000005550                FreeRTOS_GetTCPStateName
 .text.prvHandleListen_IPV4
                0x0000000000005564      0x140 build//home/kj/FreeRTOS/FreeRTOS-Plus/Source/FreeRTOS-Plus-TCP/source/FreeRTOS_TCP_State_Handling_IPv4.o
                0x0000000000005564                prvHandleListen_IPV4
 .text.prvTCPReturnPacket
                0x00000000000056a4       0x24 build//home/kj/FreeRTOS/FreeRTOS-Plus/Source/FreeRTOS-Plus-TCP/source/FreeRTOS_TCP_Transmission.o
                0x00000000000056a4                prvTCPReturnPacket
 .text.prvTCPReturn_CheckTCPWindow
                0x00000000000056c8       0x70 build//home/kj/FreeRTOS/FreeRTOS-Plus/Source/FreeRTOS-Plus-TCP/source/FreeRTOS_TCP_Transmission.o
                0x00000000000056c8                prvTCPReturn_CheckTCPWindow
 .text.prvTCPReturn_SetSequenceNumber
                0x0000000000005738       0x5e build//home/kj/FreeRTOS/FreeRTOS-Plus/Source/FreeRTOS-Plus-TCP/source/FreeRTOS_TCP_Transmission.o
                0x0000000000005738                prvTCPReturn_SetSequenceNumber
 .text.prvTCPCreateWindow
                0x0000000000005796       0x2e build//home/kj/FreeRTOS/FreeRTOS-Plus/Source/FreeRTOS-Plus-TCP/source/FreeRTOS_TCP_Transmission.o
                0x0000000000005796                prvTCPCreateWindow
 .text.prvSetSynAckOptions
                0x00000000000057c4       0x4c build//home/kj/FreeRTOS/FreeRTOS-Plus/Source/FreeRTOS-Plus-TCP/source/FreeRTOS_TCP_Transmission.o
                0x00000000000057c4                prvSetSynAckOptions
 .text.prvTCPBufferResize
                0x0000000000005810       0x7c build//home/kj/FreeRTOS/FreeRTOS-Plus/Source/FreeRTOS-Plus-TCP/source/FreeRTOS_TCP_Transmission.o
                0x0000000000005810                prvTCPBufferResize
 .text.prvTCPReturn_SetEndPoint
                0x000000000000588c       0xa4 build//home/kj/FreeRTOS/FreeRTOS-Plus/Source/FreeRTOS-Plus-TCP/source/FreeRTOS_TCP_Transmission.o
                0x000000000000588c                prvTCPReturn_SetEndPoint
 .text.prvTCPPrepareSend
                0x0000000000005930      0x1da build//home/kj/FreeRTOS/FreeRTOS-Plus/Source/FreeRTOS-Plus-TCP/source/FreeRTOS_TCP_Transmission.o
                0x0000000000005930                prvTCPPrepareSend
 .text.prvTCPSendRepeated
                0x0000000000005b0a       0x36 build//home/kj/FreeRTOS/FreeRTOS-Plus/Source/FreeRTOS-Plus-TCP/source/FreeRTOS_TCP_Transmission.o
                0x0000000000005b0a                prvTCPSendRepeated
 .text.prvTCPSendPacket
                0x0000000000005b40       0x90 build//home/kj/FreeRTOS/FreeRTOS-Plus/Source/FreeRTOS-Plus-TCP/source/FreeRTOS_TCP_Transmission.o
                0x0000000000005b40                prvTCPSendPacket
 .text.prvTCPAddTxData
                0x0000000000005bd0       0x32 build//home/kj/FreeRTOS/FreeRTOS-Plus/Source/FreeRTOS-Plus-TCP/source/FreeRTOS_TCP_Transmission.o
                0x0000000000005bd0                prvTCPAddTxData
 .text.prvSetOptions
                0x0000000000005c02       0x5e build//home/kj/FreeRTOS/FreeRTOS-Plus/Source/FreeRTOS-Plus-TCP/source/FreeRTOS_TCP_Transmission.o
                0x0000000000005c02                prvSetOptions
 .text.prvSendData
                0x0000000000005c60       0xa4 build//home/kj/FreeRTOS/FreeRTOS-Plus/Source/FreeRTOS-Plus-TCP/source/FreeRTOS_TCP_Transmission.o
                0x0000000000005c60                prvSendData
 .text.prvTCPSendSpecialPacketHelper
                0x0000000000005d04       0x1e build//home/kj/FreeRTOS/FreeRTOS-Plus/Source/FreeRTOS-Plus-TCP/source/FreeRTOS_TCP_Transmission.o
                0x0000000000005d04                prvTCPSendSpecialPacketHelper
 .text.prvTCPSendChallengeAck
                0x0000000000005d22        0x6 build//home/kj/FreeRTOS/FreeRTOS-Plus/Source/FreeRTOS-Plus-TCP/source/FreeRTOS_TCP_Transmission.o
                0x0000000000005d22                prvTCPSendChallengeAck
 .text.prvTCPSendReset
                0x0000000000005d28        0x6 build//home/kj/FreeRTOS/FreeRTOS-Plus/Source/FreeRTOS-Plus-TCP/source/FreeRTOS_TCP_Transmission.o
                0x0000000000005d28                prvTCPSendReset
 *fill*         0x0000000000005d2e        0x2 
 .text.prvTCPReturnPacket_IPV4
                0x0000000000005d30      0x16c build//home/kj/FreeRTOS/FreeRTOS-Plus/Source/FreeRTOS-Plus-TCP/source/FreeRTOS_TCP_Transmission_IPv4.o
                0x0000000000005d30                prvTCPReturnPacket_IPV4
 .text.prvTCPPrepareConnect_IPV4
                0x0000000000005e9c       0xde build//home/kj/FreeRTOS/FreeRTOS-Plus/Source/FreeRTOS-Plus-TCP/source/FreeRTOS_TCP_Transmission_IPv4.o
                0x0000000000005e9c                prvTCPPrepareConnect_IPV4
 .text.prvTCPSendSpecialPktHelper_IPV4
                0x0000000000005f7a       0x34 build//home/kj/FreeRTOS/FreeRTOS-Plus/Source/FreeRTOS-Plus-TCP/source/FreeRTOS_TCP_Transmission_IPv4.o
                0x0000000000005f7a                prvTCPSendSpecialPktHelper_IPV4
 .text.prvSocketSetMSS
                0x0000000000005fae        0xc build//home/kj/FreeRTOS/FreeRTOS-Plus/Source/FreeRTOS-Plus-TCP/source/FreeRTOS_TCP_Utils.o
                0x0000000000005fae                prvSocketSetMSS
 .text.prvSocketSetMSS_IPV4
                0x0000000000005fba       0x2e build//home/kj/FreeRTOS/FreeRTOS-Plus/Source/FreeRTOS-Plus-TCP/source/FreeRTOS_TCP_Utils_IPv4.o
                0x0000000000005fba                prvSocketSetMSS_IPV4
 .text.vListInsertFifo
                0x0000000000005fe8       0x18 build//home/kj/FreeRTOS/FreeRTOS-Plus/Source/FreeRTOS-Plus-TCP/source/FreeRTOS_TCP_WIN.o
 .text.xTCPWindowRxFind
                0x0000000000006000       0x1e build//home/kj/FreeRTOS/FreeRTOS-Plus/Source/FreeRTOS-Plus-TCP/source/FreeRTOS_TCP_WIN.o
 *fill*         0x000000000000601e        0x2 
 .text.vTCPWindowFree
                0x0000000000006020       0x34 build//home/kj/FreeRTOS/FreeRTOS-Plus/Source/FreeRTOS-Plus-TCP/source/FreeRTOS_TCP_WIN.o
 .text.prvTCPWindowTxHasSpace
                0x0000000000006054       0x3e build//home/kj/FreeRTOS/FreeRTOS-Plus/Source/FreeRTOS-Plus-TCP/source/FreeRTOS_TCP_WIN.o
 .text.prvTCPWindowTxCheckAck
                0x0000000000006092       0xf8 build//home/kj/FreeRTOS/FreeRTOS-Plus/Source/FreeRTOS-Plus-TCP/source/FreeRTOS_TCP_WIN.o
 .text.xSequenceLessThan
                0x000000000000618a        0x6 build//home/kj/FreeRTOS/FreeRTOS-Plus/Source/FreeRTOS-Plus-TCP/source/FreeRTOS_TCP_WIN.o
                0x000000000000618a                xSequenceLessThan
 .text.xSequenceGreaterThan
                0x0000000000006190        0x6 build//home/kj/FreeRTOS/FreeRTOS-Plus/Source/FreeRTOS-Plus-TCP/source/FreeRTOS_TCP_WIN.o
                0x0000000000006190                xSequenceGreaterThan
 .text.xTCPWindowRxEmpty
                0x0000000000006196       0x18 build//home/kj/FreeRTOS/FreeRTOS-Plus/Source/FreeRTOS-Plus-TCP/source/FreeRTOS_TCP_WIN.o
                0x0000000000006196                xTCPWindowRxEmpty
 .text.vTCPWindowDestroy
                0x00000000000061ae       0x3a build//home/kj/FreeRTOS/FreeRTOS-Plus/Source/FreeRTOS-Plus-TCP/source/FreeRTOS_TCP_WIN.o
                0x00000000000061ae                vTCPWindowDestroy
 .text.vTCPWindowInit
                0x00000000000061e8       0x42 build//home/kj/FreeRTOS/FreeRTOS-Plus/Source/FreeRTOS-Plus-TCP/source/FreeRTOS_TCP_WIN.o
                0x00000000000061e8                vTCPWindowInit
 *fill*         0x000000000000622a        0x2 
 .text.xTCPWindowCreate
                0x000000000000622c       0x9c build//home/kj/FreeRTOS/FreeRTOS-Plus/Source/FreeRTOS-Plus-TCP/source/FreeRTOS_TCP_WIN.o
                0x000000000000622c                xTCPWindowCreate
 .text.lTCPWindowRxCheck
                0x00000000000062c8      0x140 build//home/kj/FreeRTOS/FreeRTOS-Plus/Source/FreeRTOS-Plus-TCP/source/FreeRTOS_TCP_WIN.o
                0x00000000000062c8                lTCPWindowRxCheck
 .text.lTCPWindowTxAdd
                0x0000000000006408       0xf4 build//home/kj/FreeRTOS/FreeRTOS-Plus/Source/FreeRTOS-Plus-TCP/source/FreeRTOS_TCP_WIN.o
                0x0000000000006408                lTCPWindowTxAdd
 .text.xTCPWindowTxDone
                0x00000000000064fc        0xc build//home/kj/FreeRTOS/FreeRTOS-Plus/Source/FreeRTOS-Plus-TCP/source/FreeRTOS_TCP_WIN.o
                0x00000000000064fc                xTCPWindowTxDone
 .text.xTCPWindowTxHasData
                0x0000000000006508       0x60 build//home/kj/FreeRTOS/FreeRTOS-Plus/Source/FreeRTOS-Plus-TCP/source/FreeRTOS_TCP_WIN.o
                0x0000000000006508                xTCPWindowTxHasData
 .text.ulTCPWindowTxGet
                0x0000000000006568       0xf4 build//home/kj/FreeRTOS/FreeRTOS-Plus/Source/FreeRTOS-Plus-TCP/source/FreeRTOS_TCP_WIN.o
                0x0000000000006568                ulTCPWindowTxGet
 .text.ulTCPWindowTxAck
                0x000000000000665c       0x12 build//home/kj/FreeRTOS/FreeRTOS-Plus/Source/FreeRTOS-Plus-TCP/source/FreeRTOS_TCP_WIN.o
                0x000000000000665c                ulTCPWindowTxAck
 .text.ulTCPWindowTxSack
                0x000000000000666e       0x56 build//home/kj/FreeRTOS/FreeRTOS-Plus/Source/FreeRTOS-Plus-TCP/source/FreeRTOS_TCP_WIN.o
                0x000000000000666e                ulTCPWindowTxSack
 .text.vProcessGeneratedUDPPacket
                0x00000000000066c4       0x10 build//home/kj/FreeRTOS/FreeRTOS-Plus/Source/FreeRTOS-Plus-TCP/source/FreeRTOS_UDP_IP.o
                0x00000000000066c4                vProcessGeneratedUDPPacket
 .text.xProcessReceivedUDPPacket
                0x00000000000066d4       0x30 build//home/kj/FreeRTOS/FreeRTOS-Plus/Source/FreeRTOS-Plus-TCP/source/FreeRTOS_UDP_IP.o
                0x00000000000066d4                xProcessReceivedUDPPacket
 .text.vProcessGeneratedUDPPacket_IPv4
                0x0000000000006704      0x118 build//home/kj/FreeRTOS/FreeRTOS-Plus/Source/FreeRTOS-Plus-TCP/source/FreeRTOS_UDP_IPv4.o
                0x0000000000006704                vProcessGeneratedUDPPacket_IPv4
 .text.xProcessReceivedUDPPacket_IPv4
                0x000000000000681c       0xd2 build//home/kj/FreeRTOS/FreeRTOS-Plus/Source/FreeRTOS-Plus-TCP/source/FreeRTOS_UDP_IPv4.o
                0x000000000000681c                xProcessReceivedUDPPacket_IPv4
 *fill*         0x00000000000068ee        0x2 
 .text.xNetworkBuffersInitialise
                0x00000000000068f0       0x70 build//home/kj/FreeRTOS/FreeRTOS-Plus/Source/FreeRTOS-Plus-TCP/source/portable/BufferManagement/BufferAllocation_2.o
                0x00000000000068f0                xNetworkBuffersInitialise
 .text.pucGetNetworkBuffer
                0x0000000000006960       0x44 build//home/kj/FreeRTOS/FreeRTOS-Plus/Source/FreeRTOS-Plus-TCP/source/portable/BufferManagement/BufferAllocation_2.o
                0x0000000000006960                pucGetNetworkBuffer
 .text.vReleaseNetworkBuffer
                0x00000000000069a4        0xa build//home/kj/FreeRTOS/FreeRTOS-Plus/Source/FreeRTOS-Plus-TCP/source/portable/BufferManagement/BufferAllocation_2.o
                0x00000000000069a4                vReleaseNetworkBuffer
 *fill*         0x00000000000069ae        0x2 
 .text.vReleaseNetworkBufferAndDescriptor
                0x00000000000069b0       0x48 build//home/kj/FreeRTOS/FreeRTOS-Plus/Source/FreeRTOS-Plus-TCP/source/portable/BufferManagement/BufferAllocation_2.o
                0x00000000000069b0                vReleaseNetworkBufferAndDescriptor
 .text.pxGetNetworkBufferWithDescriptor
                0x00000000000069f8       0xac build//home/kj/FreeRTOS/FreeRTOS-Plus/Source/FreeRTOS-Plus-TCP/source/portable/BufferManagement/BufferAllocation_2.o
                0x00000000000069f8                pxGetNetworkBufferWithDescriptor
 .text.uxGetNumberOfFreeNetworkBuffers
                0x0000000000006aa4        0xc build//home/kj/FreeRTOS/FreeRTOS-Plus/Source/FreeRTOS-Plus-TCP/source/portable/BufferManagement/BufferAllocation_2.o
                0x0000000000006aa4                uxGetNumberOfFreeNetworkBuffers
 .text.uxGetMinimumFreeNetworkBuffers
                0x0000000000006ab0        0xc build//home/kj/FreeRTOS/FreeRTOS-Plus/Source/FreeRTOS-Plus-TCP/source/portable/BufferManagement/BufferAllocation_2.o
                0x0000000000006ab0                uxGetMinimumFreeNetworkBuffers
 .text.pxResizeNetworkBufferWithDescriptor
                0x0000000000006abc       0x46 build//home/kj/FreeRTOS/FreeRTOS-Plus/Source/FreeRTOS-Plus-TCP/source/portable/BufferManagement/BufferAllocation_2.o
                0x0000000000006abc                pxResizeNetworkBufferWithDescriptor
 *fill*         0x0000000000006b02        0x2 
 .text.xMPS2_GetPhyLinkStatus
                0x0000000000006b04       0x1c build//home/kj/FreeRTOS/FreeRTOS-Plus/Source/FreeRTOS-Plus-TCP/source/portable/NetworkInterface/MPS2_AN385/NetworkInterface.o
 .text.xMPS2_NetworkInterfaceOutput
                0x0000000000006b20       0x48 build//home/kj/FreeRTOS/FreeRTOS-Plus/Source/FreeRTOS-Plus-TCP/source/portable/NetworkInterface/MPS2_AN385/NetworkInterface.o
 .text.prvWait_ms
                0x0000000000006b68       0x1c build//home/kj/FreeRTOS/FreeRTOS-Plus/Source/FreeRTOS-Plus-TCP/source/portable/NetworkInterface/MPS2_AN385/NetworkInterface.o
 .text.prvRxTask
                0x0000000000006b84       0xa8 build//home/kj/FreeRTOS/FreeRTOS-Plus/Source/FreeRTOS-Plus-TCP/source/portable/NetworkInterface/MPS2_AN385/NetworkInterface.o
 .text.xMPS2_NetworkInterfaceInitialise
                0x0000000000006c2c      0x170 build//home/kj/FreeRTOS/FreeRTOS-Plus/Source/FreeRTOS-Plus-TCP/source/portable/NetworkInterface/MPS2_AN385/NetworkInterface.o
 .text.EthernetISR
                0x0000000000006d9c       0x60 build//home/kj/FreeRTOS/FreeRTOS-Plus/Source/FreeRTOS-Plus-TCP/source/portable/NetworkInterface/MPS2_AN385/NetworkInterface.o
                0x0000000000006d9c                EthernetISR
 .text.pxMPS2_FillInterfaceDescriptor
                0x0000000000006dfc       0x54 build//home/kj/FreeRTOS/FreeRTOS-Plus/Source/FreeRTOS-Plus-TCP/source/portable/NetworkInterface/MPS2_AN385/NetworkInterface.o
                0x0000000000006dfc                pxMPS2_FillInterfaceDescriptor
 .text.smsc9220_mac_regread
                0x0000000000006e50       0x50 build//home/kj/FreeRTOS/FreeRTOS-Plus/Source/FreeRTOS-Plus-TCP/source/portable/NetworkInterface/MPS2_AN385/ether_lan9118/smsc9220_eth_drv.o
                0x0000000000006e50                smsc9220_mac_regread
 .text.smsc9220_mac_regwrite
                0x0000000000006ea0       0x54 build//home/kj/FreeRTOS/FreeRTOS-Plus/Source/FreeRTOS-Plus-TCP/source/portable/NetworkInterface/MPS2_AN385/ether_lan9118/smsc9220_eth_drv.o
                0x0000000000006ea0                smsc9220_mac_regwrite
 .text.smsc9220_phy_regread
                0x0000000000006ef4       0x72 build//home/kj/FreeRTOS/FreeRTOS-Plus/Source/FreeRTOS-Plus-TCP/source/portable/NetworkInterface/MPS2_AN385/ether_lan9118/smsc9220_eth_drv.o
                0x0000000000006ef4                smsc9220_phy_regread
 .text.smsc9220_phy_regwrite
                0x0000000000006f66       0x78 build//home/kj/FreeRTOS/FreeRTOS-Plus/Source/FreeRTOS-Plus-TCP/source/portable/NetworkInterface/MPS2_AN385/ether_lan9118/smsc9220_eth_drv.o
                0x0000000000006f66                smsc9220_phy_regwrite
 .text.smsc9220_soft_reset
                0x0000000000006fde       0x2e build//home/kj/FreeRTOS/FreeRTOS-Plus/Source/FreeRTOS-Plus-TCP/source/portable/NetworkInterface/MPS2_AN385/ether_lan9118/smsc9220_eth_drv.o
                0x0000000000006fde                smsc9220_soft_reset
 .text.smsc9220_set_fifo_level_irq
                0x000000000000700c       0x26 build//home/kj/FreeRTOS/FreeRTOS-Plus/Source/FreeRTOS-Plus-TCP/source/portable/NetworkInterface/MPS2_AN385/ether_lan9118/smsc9220_eth_drv.o
                0x000000000000700c                smsc9220_set_fifo_level_irq
 .text.smsc9220_wait_eeprom
                0x0000000000007032       0x28 build//home/kj/FreeRTOS/FreeRTOS-Plus/Source/FreeRTOS-Plus-TCP/source/portable/NetworkInterface/MPS2_AN385/ether_lan9118/smsc9220_eth_drv.o
                0x0000000000007032                smsc9220_wait_eeprom
 .text.smsc9220_check_phy
                0x000000000000705a       0x40 build//home/kj/FreeRTOS/FreeRTOS-Plus/Source/FreeRTOS-Plus-TCP/source/portable/NetworkInterface/MPS2_AN385/ether_lan9118/smsc9220_eth_drv.o
                0x000000000000705a                smsc9220_check_phy
 .text.smsc9220_reset_phy
                0x000000000000709a       0x28 build//home/kj/FreeRTOS/FreeRTOS-Plus/Source/FreeRTOS-Plus-TCP/source/portable/NetworkInterface/MPS2_AN385/ether_lan9118/smsc9220_eth_drv.o
                0x000000000000709a                smsc9220_reset_phy
 .text.smsc9220_advertise_cap
                0x00000000000070c2       0x24 build//home/kj/FreeRTOS/FreeRTOS-Plus/Source/FreeRTOS-Plus-TCP/source/portable/NetworkInterface/MPS2_AN385/ether_lan9118/smsc9220_eth_drv.o
                0x00000000000070c2                smsc9220_advertise_cap
 .text.smsc9220_enable_xmit
                0x00000000000070e6        0xe build//home/kj/FreeRTOS/FreeRTOS-Plus/Source/FreeRTOS-Plus-TCP/source/portable/NetworkInterface/MPS2_AN385/ether_lan9118/smsc9220_eth_drv.o
                0x00000000000070e6                smsc9220_enable_xmit
 .text.smsc9220_enable_mac_xmit
                0x00000000000070f4       0x24 build//home/kj/FreeRTOS/FreeRTOS-Plus/Source/FreeRTOS-Plus-TCP/source/portable/NetworkInterface/MPS2_AN385/ether_lan9118/smsc9220_eth_drv.o
                0x00000000000070f4                smsc9220_enable_mac_xmit
 .text.smsc9220_enable_mac_recv
                0x0000000000007118       0x24 build//home/kj/FreeRTOS/FreeRTOS-Plus/Source/FreeRTOS-Plus-TCP/source/portable/NetworkInterface/MPS2_AN385/ether_lan9118/smsc9220_eth_drv.o
                0x0000000000007118                smsc9220_enable_mac_recv
 .text.smsc9220_check_id
                0x000000000000713c       0x12 build//home/kj/FreeRTOS/FreeRTOS-Plus/Source/FreeRTOS-Plus-TCP/source/portable/NetworkInterface/MPS2_AN385/ether_lan9118/smsc9220_eth_drv.o
                0x000000000000713c                smsc9220_check_id
 .text.smsc9220_enable_interrupt
                0x000000000000714e       0x10 build//home/kj/FreeRTOS/FreeRTOS-Plus/Source/FreeRTOS-Plus-TCP/source/portable/NetworkInterface/MPS2_AN385/ether_lan9118/smsc9220_eth_drv.o
                0x000000000000714e                smsc9220_enable_interrupt
 .text.smsc9220_disable_interrupt
                0x000000000000715e       0x12 build//home/kj/FreeRTOS/FreeRTOS-Plus/Source/FreeRTOS-Plus-TCP/source/portable/NetworkInterface/MPS2_AN385/ether_lan9118/smsc9220_eth_drv.o
                0x000000000000715e                smsc9220_disable_interrupt
 .text.smsc9220_disable_all_interrupts
                0x0000000000007170        0xa build//home/kj/FreeRTOS/FreeRTOS-Plus/Source/FreeRTOS-Plus-TCP/source/portable/NetworkInterface/MPS2_AN385/ether_lan9118/smsc9220_eth_drv.o
                0x0000000000007170                smsc9220_disable_all_interrupts
 .text.smsc9220_clear_interrupt
                0x000000000000717a       0x10 build//home/kj/FreeRTOS/FreeRTOS-Plus/Source/FreeRTOS-Plus-TCP/source/portable/NetworkInterface/MPS2_AN385/ether_lan9118/smsc9220_eth_drv.o
                0x000000000000717a                smsc9220_clear_interrupt
 .text.get_irq_status
                0x000000000000718a        0x8 build//home/kj/FreeRTOS/FreeRTOS-Plus/Source/FreeRTOS-Plus-TCP/source/portable/NetworkInterface/MPS2_AN385/ether_lan9118/smsc9220_eth_drv.o
                0x000000000000718a                get_irq_status
 .text.smsc9220_clear_all_interrupts
                0x0000000000007192        0xc build//home/kj/FreeRTOS/FreeRTOS-Plus/Source/FreeRTOS-Plus-TCP/source/portable/NetworkInterface/MPS2_AN385/ether_lan9118/smsc9220_eth_drv.o
                0x0000000000007192                smsc9220_clear_all_interrupts
 .text.smsc9220_init_irqs
                0x000000000000719e       0x30 build//home/kj/FreeRTOS/FreeRTOS-Plus/Source/FreeRTOS-Plus-TCP/source/portable/NetworkInterface/MPS2_AN385/ether_lan9118/smsc9220_eth_drv.o
                0x000000000000719e                smsc9220_init_irqs
 .text.smsc9220_establish_link
                0x00000000000071ce       0x30 build//home/kj/FreeRTOS/FreeRTOS-Plus/Source/FreeRTOS-Plus-TCP/source/portable/NetworkInterface/MPS2_AN385/ether_lan9118/smsc9220_eth_drv.o
                0x00000000000071ce                smsc9220_establish_link
 .text.smsc9220_init
                0x00000000000071fe      0x124 build//home/kj/FreeRTOS/FreeRTOS-Plus/Source/FreeRTOS-Plus-TCP/source/portable/NetworkInterface/MPS2_AN385/ether_lan9118/smsc9220_eth_drv.o
                0x00000000000071fe                smsc9220_init
 .text.smsc9220_send_by_chunks
                0x0000000000007322       0xe8 build//home/kj/FreeRTOS/FreeRTOS-Plus/Source/FreeRTOS-Plus-TCP/source/portable/NetworkInterface/MPS2_AN385/ether_lan9118/smsc9220_eth_drv.o
                0x0000000000007322                smsc9220_send_by_chunks
 .text.smsc9220_get_rxfifo_data_used_space
                0x000000000000740a        0xa build//home/kj/FreeRTOS/FreeRTOS-Plus/Source/FreeRTOS-Plus-TCP/source/portable/NetworkInterface/MPS2_AN385/ether_lan9118/smsc9220_eth_drv.o
                0x000000000000740a                smsc9220_get_rxfifo_data_used_space
 .text.smsc9220_receive_by_chunks
                0x0000000000007414       0x56 build//home/kj/FreeRTOS/FreeRTOS-Plus/Source/FreeRTOS-Plus-TCP/source/portable/NetworkInterface/MPS2_AN385/ether_lan9118/smsc9220_eth_drv.o
                0x0000000000007414                smsc9220_receive_by_chunks
 .text.smsc9220_peek_next_packet_size
                0x000000000000746a       0x2c build//home/kj/FreeRTOS/FreeRTOS-Plus/Source/FreeRTOS-Plus-TCP/source/portable/NetworkInterface/MPS2_AN385/ether_lan9118/smsc9220_eth_drv.o
                0x000000000000746a                smsc9220_peek_next_packet_size
 *fill*         0x0000000000007496        0x2 
 .text          0x0000000000007498       0x30 /usr/lib/gcc/arm-none-eabi/10.3.1/thumb/v7-m/nofp/libgcc.a(_aeabi_uldivmod.o)
                0x0000000000007498                __aeabi_uldivmod
 .text          0x00000000000074c8      0x2d4 /usr/lib/gcc/arm-none-eabi/10.3.1/thumb/v7-m/nofp/libgcc.a(_udivmoddi4.o)
                0x00000000000074c8                __udivmoddi4
 .text          0x000000000000779c        0x4 /usr/lib/gcc/arm-none-eabi/10.3.1/thumb/v7-m/nofp/libgcc.a(_dvmd_tls.o)
                0x000000000000779c                __aeabi_ldiv0
                0x000000000000779c                __aeabi_idiv0
 .text          0x00000000000077a0       0x20 /usr/lib/gcc/arm-none-eabi/10.3.1/../../../arm-none-eabi/lib/thumb/v7-m/nofp/libc_nano.a(lib_a-malloc.o)
                0x00000000000077a0                malloc
                0x00000000000077b0                free
 .text          0x00000000000077c0       0x68 /usr/lib/gcc/arm-none-eabi/10.3.1/../../../arm-none-eabi/lib/thumb/v7-m/nofp/libc_nano.a(lib_a-memcmp.o)
                0x00000000000077c0                memcmp
 .text          0x0000000000007828       0xec /usr/lib/gcc/arm-none-eabi/10.3.1/../../../arm-none-eabi/lib/thumb/v7-m/nofp/libc_nano.a(lib_a-memcpy.o)
                0x0000000000007828                memcpy
 .text          0x0000000000007914       0xf8 /usr/lib/gcc/arm-none-eabi/10.3.1/../../../arm-none-eabi/lib/thumb/v7-m/nofp/libc_nano.a(lib_a-memmove.o)
                0x0000000000007914                memmove
 .text          0x0000000000007a0c       0xa4 /usr/lib/gcc/arm-none-eabi/10.3.1/../../../arm-none-eabi/lib/thumb/v7-m/nofp/libc_nano.a(lib_a-memset.o)
                0x0000000000007a0c                memset
 .text          0x0000000000007ab0       0xcc /usr/lib/gcc/arm-none-eabi/10.3.1/../../../arm-none-eabi/lib/thumb/v7-m/nofp/libc_nano.a(lib_a-nano-freer.o)
                0x0000000000007ab0                _free_r
 .text          0x0000000000007b7c       0xb8 /usr/lib/gcc/arm-none-eabi/10.3.1/../../../arm-none-eabi/lib/thumb/v7-m/nofp/libc_nano.a(lib_a-nano-mallocr.o)
                0x0000000000007b7c                _malloc_r
 .text          0x0000000000007c34       0x60 /usr/lib/gcc/arm-none-eabi/10.3.1/../../../arm-none-eabi/lib/thumb/v7-m/nofp/libc_nano.a(lib_a-printf.o)
                0x0000000000007c34                _printf_r
                0x0000000000007c34                _iprintf_r
                0x0000000000007c60                printf
                0x0000000000007c60                iprintf
 .text          0x0000000000007c94       0x24 /usr/lib/gcc/arm-none-eabi/10.3.1/../../../arm-none-eabi/lib/thumb/v7-m/nofp/libc_nano.a(lib_a-sbrkr.o)
                0x0000000000007c94                _sbrk_r
 .text          0x0000000000007cb8      0x100 /usr/lib/gcc/arm-none-eabi/10.3.1/../../../arm-none-eabi/lib/thumb/v7-m/nofp/libc_nano.a(lib_a-snprintf.o)
                0x0000000000007cb8                _sniprintf_r
                0x0000000000007cb8                _snprintf_r
                0x0000000000007d34                snprintf
                0x0000000000007d34                sniprintf
 .text          0x0000000000007db8      0x1bc /usr/lib/gcc/arm-none-eabi/10.3.1/../../../arm-none-eabi/lib/thumb/v7-m/nofp/libc_nano.a(lib_a-strcmp.o)
                0x0000000000007db8                strcmp
 .text          0x0000000000007f74       0x5c /usr/lib/gcc/arm-none-eabi/10.3.1/../../../arm-none-eabi/lib/thumb/v7-m/nofp/libc_nano.a(lib_a-strlen-stub.o)
                0x0000000000007f74                strlen
 .text          0x0000000000007fd0       0x68 /usr/lib/gcc/arm-none-eabi/10.3.1/../../../arm-none-eabi/lib/thumb/v7-m/nofp/libc_nano.a(lib_a-strncpy.o)
                0x0000000000007fd0                strncpy
 .text          0x0000000000008038       0x34 /usr/lib/gcc/arm-none-eabi/10.3.1/../../../arm-none-eabi/lib/thumb/v7-m/nofp/libc_nano.a(lib_a-time.o)
                0x0000000000008038                time
 .text          0x000000000000806c       0x50 /usr/lib/gcc/arm-none-eabi/10.3.1/../../../arm-none-eabi/lib/thumb/v7-m/nofp/libc_nano.a(lib_a-vprintf.o)
                0x000000000000806c                vprintf
                0x000000000000806c                viprintf
                0x0000000000008098                _viprintf_r
                0x0000000000008098                _vprintf_r
 .text          0x00000000000080bc       0xc4 /usr/lib/gcc/arm-none-eabi/10.3.1/../../../arm-none-eabi/lib/thumb/v7-m/nofp/libc_nano.a(lib_a-wbuf.o)
                0x00000000000080bc                __swbuf_r
                0x000000000000816c                __swbuf
 .text          0x0000000000008180      0x104 /usr/lib/gcc/arm-none-eabi/10.3.1/../../../arm-none-eabi/lib/thumb/v7-m/nofp/libc_nano.a(lib_a-wsetup.o)
                0x0000000000008180                __swsetup_r
 .text          0x0000000000008284      0x1dc /usr/lib/gcc/arm-none-eabi/10.3.1/../../../arm-none-eabi/lib/thumb/v7-m/nofp/libc_nano.a(lib_a-fflush.o)
                0x0000000000008284                __sflush_r
                0x000000000000838c                _fflush_r
                0x00000000000083e0                fflush
 .text          0x0000000000008460      0x230 /usr/lib/gcc/arm-none-eabi/10.3.1/../../../arm-none-eabi/lib/thumb/v7-m/nofp/libc_nano.a(lib_a-findfp.o)
                0x0000000000008464                _cleanup_r
                0x0000000000008474                __sfmoreglue
                0x00000000000084a4                __sfp
                0x000000000000863c                _cleanup
                0x0000000000008650                __sinit
                0x0000000000008658                __sfp_lock_acquire
                0x000000000000865c                __sfp_lock_release
                0x0000000000008660                __sinit_lock_acquire
                0x0000000000008664                __sinit_lock_release
                0x0000000000008668                __fp_lock_all
                0x000000000000867c                __fp_unlock_all
 .text          0x0000000000008690       0x88 /usr/lib/gcc/arm-none-eabi/10.3.1/../../../arm-none-eabi/lib/thumb/v7-m/nofp/libc_nano.a(lib_a-fwalk.o)
                0x0000000000008690                _fwalk
                0x00000000000086d0                _fwalk_reent
 .text          0x0000000000008718       0x28 /usr/lib/gcc/arm-none-eabi/10.3.1/../../../arm-none-eabi/lib/thumb/v7-m/nofp/libc_nano.a(lib_a-gettimeofdayr.o)
                0x0000000000008718                _gettimeofday_r
 .text          0x0000000000008740      0x11c /usr/lib/gcc/arm-none-eabi/10.3.1/../../../arm-none-eabi/lib/thumb/v7-m/nofp/libc_nano.a(lib_a-makebuf.o)
                0x0000000000008740                __smakebuf_r
                0x0000000000008800                __swhatbuf_r
 .text          0x000000000000885c        0x8 /usr/lib/gcc/arm-none-eabi/10.3.1/../../../arm-none-eabi/lib/thumb/v7-m/nofp/libc_nano.a(lib_a-mlock.o)
                0x000000000000885c                __malloc_lock
                0x0000000000008860                __malloc_unlock
 .text          0x0000000000008864      0x3f4 /usr/lib/gcc/arm-none-eabi/10.3.1/../../../arm-none-eabi/lib/thumb/v7-m/nofp/libc_nano.a(lib_a-nano-svfprintf.o)
                0x0000000000008864                __ssputs_r
                0x0000000000008928                __ssprint_r
                0x0000000000008a24                _svfprintf_r
                0x0000000000008a24                _svfiprintf_r
 .text          0x0000000000008c58      0x320 /usr/lib/gcc/arm-none-eabi/10.3.1/../../../arm-none-eabi/lib/thumb/v7-m/nofp/libc_nano.a(lib_a-nano-vfprintf.o)
                0x0000000000008c80                __sfputs_r
                0x0000000000008cb0                __sprint_r
                0x0000000000008ccc                _vfiprintf_r
                0x0000000000008ccc                _vfprintf_r
                0x0000000000008f5c                vfiprintf
                0x0000000000008f5c                vfprintf
 .text          0x0000000000008f78      0x3d8 /usr/lib/gcc/arm-none-eabi/10.3.1/../../../arm-none-eabi/lib/thumb/v7-m/nofp/libc_nano.a(lib_a-nano-vfprintf_i.o)
                0x0000000000008f78                _printf_common
                0x00000000000090a4                _printf_i
 .text          0x0000000000009350       0x90 /usr/lib/gcc/arm-none-eabi/10.3.1/../../../arm-none-eabi/lib/thumb/v7-m/nofp/libc_nano.a(lib_a-stdio.o)
                0x0000000000009350                __sread
                0x0000000000009374                __seofread
                0x0000000000009378                __swrite
                0x00000000000093b8                __sseek
                0x00000000000093d8                __sclose
 .text          0x00000000000093e0       0x2c /usr/lib/gcc/arm-none-eabi/10.3.1/../../../arm-none-eabi/lib/thumb/v7-m/nofp/libc_nano.a(lib_a-writer.o)
                0x00000000000093e0                _write_r
 .text          0x000000000000940c       0x24 /usr/lib/gcc/arm-none-eabi/10.3.1/../../../arm-none-eabi/lib/thumb/v7-m/nofp/libc_nano.a(lib_a-closer.o)
                0x000000000000940c                _close_r
 .text          0x0000000000009430       0x28 /usr/lib/gcc/arm-none-eabi/10.3.1/../../../arm-none-eabi/lib/thumb/v7-m/nofp/libc_nano.a(lib_a-fstatr.o)
                0x0000000000009430                _fstat_r
 .text          0x0000000000009458      0x2f0 /usr/lib/gcc/arm-none-eabi/10.3.1/../../../arm-none-eabi/lib/thumb/v7-m/nofp/libc_nano.a(lib_a-fvwrite.o)
                0x0000000000009458                __sfvwrite_r
 .text          0x0000000000009748       0x24 /usr/lib/gcc/arm-none-eabi/10.3.1/../../../arm-none-eabi/lib/thumb/v7-m/nofp/libc_nano.a(lib_a-isattyr.o)
                0x0000000000009748                _isatty_r
 .text          0x000000000000976c       0x2c /usr/lib/gcc/arm-none-eabi/10.3.1/../../../arm-none-eabi/lib/thumb/v7-m/nofp/libc_nano.a(lib_a-lseekr.o)
                0x000000000000976c                _lseek_r
 .text          0x0000000000009798       0x90 /usr/lib/gcc/arm-none-eabi/10.3.1/../../../arm-none-eabi/lib/thumb/v7-m/nofp/libc_nano.a(lib_a-memchr-stub.o)
                0x0000000000009798                memchr
 .text          0x0000000000009828       0x50 /usr/lib/gcc/arm-none-eabi/10.3.1/../../../arm-none-eabi/lib/thumb/v7-m/nofp/libc_nano.a(lib_a-nano-reallocr.o)
                0x0000000000009828                _realloc_r
 .text          0x0000000000009878       0x2c /usr/lib/gcc/arm-none-eabi/10.3.1/../../../arm-none-eabi/lib/thumb/v7-m/nofp/libc_nano.a(lib_a-readr.o)
                0x0000000000009878                _read_r
 .text          0x00000000000098a4       0x14 /usr/lib/gcc/arm-none-eabi/10.3.1/../../../arm-none-eabi/lib/thumb/v7-m/nofp/libc_nano.a(lib_a-nano-msizer.o)
                0x00000000000098a4                _malloc_usable_size_r
 .text          0x00000000000098b8      0xa10 /usr/lib/gcc/arm-none-eabi/10.3.1/../../../arm-none-eabi/lib/thumb/v7-m/nofp/librdimon_nano.a(rdimon-syscalls.o)
                0x00000000000098b8                _swiread
                0x0000000000009984                _swilseek
                0x0000000000009a68                _lseek
                0x0000000000009a6c                _swiwrite
                0x0000000000009b64                _swiclose
                0x0000000000009b9c                _close
                0x0000000000009c34                _getpid
                0x0000000000009c8c                _swistat
                0x0000000000009d28                _stat
                0x0000000000009d64                _swiopen
                0x0000000000009e30                _open
                0x0000000000009e44                _get_semihosting_exts
                0x0000000000009f54                _has_ext_exit_extended
                0x0000000000009f94                _has_ext_stdout_stderr
                0x0000000000009fd4                initialise_monitor_handles
                0x000000000000a100                _link
                0x000000000000a114                _unlink
                0x000000000000a154                _gettimeofday
                0x000000000000a17c                _clock
                0x000000000000a190                _times
                0x000000000000a1b0                _isatty
                0x000000000000a218                _system
                0x000000000000a274                _rename
 .text          0x000000000000a2c8        0xc /usr/lib/gcc/arm-none-eabi/10.3.1/../../../arm-none-eabi/lib/thumb/v7-m/nofp/libc_nano.a(lib_a-errno.o)
                0x000000000000a2c8                __errno
 *(.init)
 *(.fini)
 *(.eh_frame)
 *(.rodata*)
 .rodata.vApplicationIPNetworkEventHook_Multi.str1.1
                0x000000000000a2d4       0x38 build/main_networking.o
 .rodata.__FUNCTION__.0
                0x000000000000a30c       0x25 build/main_networking.o
 .rodata.ucDNSServerAddress
                0x000000000000a331        0x4 build/main_networking.o
 .rodata.ucGatewayAddress
                0x000000000000a335        0x4 build/main_networking.o
 .rodata.ucIPAddress
                0x000000000000a339        0x4 build/main_networking.o
 .rodata.ucMACAddress
                0x000000000000a33d        0x6 build/main_networking.o
                0x000000000000a33d                ucMACAddress
 .rodata.ucNetMask
                0x000000000000a343        0x4 build/main_networking.o
 .rodata.vStartEchoDemo.str1.1
                0x000000000000a347       0x21 build/demo_echo.o
                                         0x2d (size before relaxing)
 .rodata.__FUNCTION__.0
                0x000000000000a368        0xf build/demo_echo.o
 .rodata.vTaskStartScheduler.str1.1
                0x000000000000a377        0x5 build//home/kj/FreeRTOS/FreeRTOS/Source/tasks.o
 .rodata        0x000000000000a37c       0x2c build//home/kj/FreeRTOS/FreeRTOS-Plus/Source/FreeRTOS-Plus-TCP/source/FreeRTOS_ARP.o
 .rodata.parseDNSAnswer.str1.1
                0x000000000000a3a8       0x5f build//home/kj/FreeRTOS/FreeRTOS-Plus/Source/FreeRTOS-Plus-TCP/source/FreeRTOS_DNS_Parser.o
                                         0x6c (size before relaxing)
 .rodata.DNS_ParseDNSReply.str1.1
                0x000000000000a407       0x34 build//home/kj/FreeRTOS/FreeRTOS-Plus/Source/FreeRTOS-Plus-TCP/source/FreeRTOS_DNS_Parser.o
 .rodata.__FUNCTION__.0
                0x000000000000a43b        0xf build//home/kj/FreeRTOS/FreeRTOS-Plus/Source/FreeRTOS-Plus-TCP/source/FreeRTOS_DNS_Parser.o
 .rodata.__FUNCTION__.1
                0x000000000000a44a       0x12 build//home/kj/FreeRTOS/FreeRTOS-Plus/Source/FreeRTOS-Plus-TCP/source/FreeRTOS_DNS_Parser.o
 .rodata.FreeRTOS_IPInit_Multi.str1.1
                0x000000000000a45c        0x8 build//home/kj/FreeRTOS/FreeRTOS-Plus/Source/FreeRTOS-Plus-TCP/source/FreeRTOS_IP.o
 .rodata.vReturnEthernetFrame.str1.1
                0x000000000000a464       0x34 build//home/kj/FreeRTOS/FreeRTOS-Plus/Source/FreeRTOS-Plus-TCP/source/FreeRTOS_IP.o
                                         0x40 (size before relaxing)
 .rodata.__FUNCTION__.0
                0x000000000000a498       0x15 build//home/kj/FreeRTOS/FreeRTOS-Plus/Source/FreeRTOS-Plus-TCP/source/FreeRTOS_IP.o
 .rodata.xBroadcastMACAddress
                0x000000000000a4ad        0x6 build//home/kj/FreeRTOS/FreeRTOS-Plus/Source/FreeRTOS-Plus-TCP/source/FreeRTOS_IP.o
                0x000000000000a4ad                xBroadcastMACAddress
 .rodata.usGenerateProtocolChecksum.str1.1
                0x000000000000a4b3       0x1e build//home/kj/FreeRTOS/FreeRTOS-Plus/Source/FreeRTOS-Plus-TCP/source/FreeRTOS_IP_Utils.o
                                         0x2a (size before relaxing)
 .rodata.__FUNCTION__.1
                0x000000000000a4d1       0x1b build//home/kj/FreeRTOS/FreeRTOS-Plus/Source/FreeRTOS-Plus-TCP/source/FreeRTOS_IP_Utils.o
 .rodata.prvAllowIPPacketIPv4.str1.1
                0x000000000000a4ec       0x60 build//home/kj/FreeRTOS/FreeRTOS-Plus/Source/FreeRTOS-Plus-TCP/source/FreeRTOS_IPv4.o
                                         0x6c (size before relaxing)
 .rodata.__FUNCTION__.0
                0x000000000000a54c       0x15 build//home/kj/FreeRTOS/FreeRTOS-Plus/Source/FreeRTOS-Plus-TCP/source/FreeRTOS_IPv4.o
 .rodata.__FUNCTION__.1
                0x000000000000a561       0x15 build//home/kj/FreeRTOS/FreeRTOS-Plus/Source/FreeRTOS-Plus-TCP/source/FreeRTOS_IPv4.o
 .rodata.FreeRTOS_FillEndPoint.str1.1
                0x000000000000a576       0x6e build//home/kj/FreeRTOS/FreeRTOS-Plus/Source/FreeRTOS-Plus-TCP/source/FreeRTOS_Routing.o
                                         0x7a (size before relaxing)
 .rodata.__FUNCTION__.0
                0x000000000000a5e4       0x15 build//home/kj/FreeRTOS/FreeRTOS-Plus/Source/FreeRTOS-Plus-TCP/source/FreeRTOS_Routing.o
 .rodata.__FUNCTION__.1
                0x000000000000a5f9       0x16 build//home/kj/FreeRTOS/FreeRTOS-Plus/Source/FreeRTOS-Plus-TCP/source/FreeRTOS_Routing.o
 .rodata.FreeRTOS_DeleteSocketSet.str1.1
                0x000000000000a60f       0x3b build//home/kj/FreeRTOS/FreeRTOS-Plus/Source/FreeRTOS-Plus-TCP/source/FreeRTOS_Sockets.o
                                         0x47 (size before relaxing)
 .rodata.vTCPNetStat.str1.1
                0x000000000000a64a       0xde build//home/kj/FreeRTOS/FreeRTOS-Plus/Source/FreeRTOS-Plus-TCP/source/FreeRTOS_Sockets.o
 .rodata.__FUNCTION__.0
                0x000000000000a728       0x16 build//home/kj/FreeRTOS/FreeRTOS-Plus/Source/FreeRTOS-Plus-TCP/source/FreeRTOS_Sockets.o
 .rodata.__FUNCTION__.1
                0x000000000000a73e        0xc build//home/kj/FreeRTOS/FreeRTOS-Plus/Source/FreeRTOS-Plus-TCP/source/FreeRTOS_Sockets.o
 *fill*         0x000000000000a74a        0x2 
 .rodata.xPercTable.3
                0x000000000000a74c       0x20 build//home/kj/FreeRTOS/FreeRTOS-Plus/Source/FreeRTOS-Plus-TCP/source/FreeRTOS_Sockets.o
 .rodata.vTCPStateChange.str1.1
                0x000000000000a76c       0x90 build//home/kj/FreeRTOS/FreeRTOS-Plus/Source/FreeRTOS-Plus-TCP/source/FreeRTOS_TCP_IP.o
                                         0x9c (size before relaxing)
 .rodata.__FUNCTION__.0
                0x000000000000a7fc       0x10 build//home/kj/FreeRTOS/FreeRTOS-Plus/Source/FreeRTOS-Plus-TCP/source/FreeRTOS_TCP_IP.o
 .rodata.str1.1
                0x000000000000a80c       0x92 build//home/kj/FreeRTOS/FreeRTOS-Plus/Source/FreeRTOS-Plus-TCP/source/FreeRTOS_TCP_State_Handling.o
 *fill*         0x000000000000a89e        0x2 
 .rodata.pcStateNames.0
                0x000000000000a8a0       0x34 build//home/kj/FreeRTOS/FreeRTOS-Plus/Source/FreeRTOS-Plus-TCP/source/FreeRTOS_TCP_State_Handling.o
 .rodata.prvHandleListen_IPV4.str1.1
                0x000000000000a8d4       0x32 build//home/kj/FreeRTOS/FreeRTOS-Plus/Source/FreeRTOS-Plus-TCP/source/FreeRTOS_TCP_State_Handling_IPv4.o
                                         0x3f (size before relaxing)
 .rodata.__FUNCTION__.0
                0x000000000000a906       0x15 build//home/kj/FreeRTOS/FreeRTOS-Plus/Source/FreeRTOS-Plus-TCP/source/FreeRTOS_TCP_State_Handling_IPv4.o
 .rodata.prvTCPReturn_SetEndPoint.str1.1
                0x000000000000a91b       0x8e build//home/kj/FreeRTOS/FreeRTOS-Plus/Source/FreeRTOS-Plus-TCP/source/FreeRTOS_TCP_Transmission.o
                                         0x9a (size before relaxing)
 .rodata.__FUNCTION__.0