Archive member included to satisfy reference by file (symbol)

/usr/lib/gcc/arm-none-eabi/10.3.1/thumb/v7-m/nofp/libgcc.a(_aeabi_ldivmod.o)
                              build//home/kj/FreeRTOS/FreeRTOS-Plus/Source/FreeRTOS-Plus-TCP/source/FreeRTOS_TCP_IP.o (__aeabi_ldivmod)
/usr/lib/gcc/arm-none-eabi/10.3.1/thumb/v7-m/nofp/libgcc.a(_aeabi_uldivmod.o)
                              build//home/kj/FreeRTOS/FreeRTOS-Plus/Source/FreeRTOS-Plus-TCP/source/FreeRTOS_TCP_IP.o (__aeabi_uldivmod)
/usr/lib/gcc/arm-none-eabi/10.3.1/thumb/v7-m/nofp/libgcc.a(_udivmoddi4.o)
                              /usr/lib/gcc/arm-none-eabi/10.3.1/thumb/v7-m/nofp/libgcc.a(_aeabi_ldivmod.o) (__udivmoddi4)
/usr/lib/gcc/arm-none-eabi/10.3.1/thumb/v7-m/nofp/libgcc.a(_dvmd_tls.o)
                              /usr/lib/gcc/arm-none-eabi/10.3.1/thumb/v7-m/nofp/libgcc.a(_aeabi_ldivmod.o) (__aeabi_ldiv0)
/usr/lib/gcc/arm-none-eabi/10.3.1/../../../arm-none-eabi/lib/thumb/v7-m/nofp/libc_nano.a(lib_a-malloc.o)
                              build//home/kj/FreeRTOS/FreeRTOS/Source/portable/MemMang/heap_3.o (malloc)
/usr/lib/gcc/arm-none-eabi/10.3.1/../../../arm-none-eabi/lib/thumb/v7-m/nofp/libc_nano.a(lib_a-memcmp.o)
                              build//home/kj/FreeRTOS/FreeRTOS-Plus/Source/FreeRTOS-Plus-TCP/source/FreeRTOS_ARP.o (memcmp)
/usr/lib/gcc/arm-none-eabi/10.3.1/../../../arm-none-eabi/lib/thumb/v7-m/nofp/libc_nano.a(lib_a-memcpy.o)
                              build//home/kj/FreeRTOS/FreeRTOS/Source/queue.o (memcpy)
/usr/lib/gcc/arm-none-eabi/10.3.1/../../../arm-none-eabi/lib/thumb/v7-m/nofp/libc_nano.a(lib_a-memmove.o)
                              build//home/kj/FreeRTOS/FreeRTOS-Plus/Source/FreeRTOS-Plus-TCP/source/FreeRTOS_IPv4.o (memmove)
/usr/lib/gcc/arm-none-eabi/10.3.1/../../../arm-none-eabi/lib/thumb/v7-m/nofp/libc_nano.a(lib_a-memset.o)
                              build/TCPEchoClient_SingleTasks.o (memset)
/usr/lib/gcc/arm-none-eabi/10.3.1/../../../arm-none-eabi/lib/thumb/v7-m/nofp/libc_nano.a(lib_a-nano-freer.o)
                              /usr/lib/gcc/arm-none-eabi/10.3.1/../../../arm-none-eabi/lib/thumb/v7-m/nofp/libc_nano.a(lib_a-malloc.o) (_free_r)
/usr/lib/gcc/arm-none-eabi/10.3.1/../../../arm-none-eabi/lib/thumb/v7-m/nofp/libc_nano.a(lib_a-nano-mallocr.o)
                              /usr/lib/gcc/arm-none-eabi/10.3.1/../../../arm-none-eabi/lib/thumb/v7-m/nofp/libc_nano.a(lib_a-malloc.o) (_malloc_r)
/usr/lib/gcc/arm-none-eabi/10.3.1/../../../arm-none-eabi/lib/thumb/v7-m/nofp/libc_nano.a(lib_a-printf.o)
                              build/main_networking.o (printf)
/usr/lib/gcc/arm-none-eabi/10.3.1/../../../arm-none-eabi/lib/thumb/v7-m/nofp/libc_nano.a(lib_a-puts.o)
                              build/TCPEchoClient_SingleTasks.o (puts)
/usr/lib/gcc/arm-none-eabi/10.3.1/../../../arm-none-eabi/lib/thumb/v7-m/nofp/libc_nano.a(lib_a-sbrkr.o)
                              /usr/lib/gcc/arm-none-eabi/10.3.1/../../../arm-none-eabi/lib/thumb/v7-m/nofp/libc_nano.a(lib_a-nano-mallocr.o) (_sbrk_r)
/usr/lib/gcc/arm-none-eabi/10.3.1/../../../arm-none-eabi/lib/thumb/v7-m/nofp/libc_nano.a(lib_a-snprintf.o)
                              build/tcp_heartbeat_demo.o (snprintf)
/usr/lib/gcc/arm-none-eabi/10.3.1/../../../arm-none-eabi/lib/thumb/v7-m/nofp/libc_nano.a(lib_a-sprintf.o)
                              build/TCPEchoClient_SingleTasks.o (sprintf)
/usr/lib/gcc/arm-none-eabi/10.3.1/../../../arm-none-eabi/lib/thumb/v7-m/nofp/libc_nano.a(lib_a-strchr.o)
                              build//home/kj/FreeRTOS/FreeRTOS-Plus/Source/FreeRTOS-Plus-TCP/source/FreeRTOS_DNS.o (strchr)
/usr/lib/gcc/arm-none-eabi/10.3.1/../../../arm-none-eabi/lib/thumb/v7-m/nofp/libc_nano.a(lib_a-strcmp.o)
                              build//home/kj/FreeRTOS/FreeRTOS-Plus/Source/FreeRTOS-Plus-TCP/source/FreeRTOS_DNS.o (strcmp)
/usr/lib/gcc/arm-none-eabi/10.3.1/../../../arm-none-eabi/lib/thumb/v7-m/nofp/libc_nano.a(lib_a-strlen-stub.o)
                              build//home/kj/FreeRTOS/FreeRTOS-Plus/Source/FreeRTOS-Plus-TCP/source/FreeRTOS_DNS.o (strlen)
/usr/lib/gcc/arm-none-eabi/10.3.1/../../../arm-none-eabi/lib/thumb/v7-m/nofp/libc_nano.a(lib_a-strncmp.o)
                              build/TCPEchoClient_SingleTasks.o (strncmp)
/usr/lib/gcc/arm-none-eabi/10.3.1/../../../arm-none-eabi/lib/thumb/v7-m/nofp/libc_nano.a(lib_a-strncpy.o)
                              build//home/kj/FreeRTOS/FreeRTOS-Plus/Source/FreeRTOS-Plus-TCP/source/FreeRTOS_DNS.o (strncpy)
/usr/lib/gcc/arm-none-eabi/10.3.1/../../../arm-none-eabi/lib/thumb/v7-m/nofp/libc_nano.a(lib_a-time.o)
                              build/main_networking.o (time)
/usr/lib/gcc/arm-none-eabi/10.3.1/../../../arm-none-eabi/lib/thumb/v7-m/nofp/libc_nano.a(lib_a-vprintf.o)
                              build/main.o (vprintf)
/usr/lib/gcc/arm-none-eabi/10.3.1/../../../arm-none-eabi/lib/thumb/v7-m/nofp/libc_nano.a(lib_a-wbuf.o)
[...]
Memory Configuration

Name             Origin             Length             Attributes
FLASH            0x0000000000000000 0x0000000000400000 xr
RAM              0x0000000020000000 0x0000000000400000 xrw
*default*        0x0000000000000000 0xffffffffffffffff

Linker script and memory map

LOAD build/startup.o
LOAD build/syscalls.o
LOAD build/main.o
LOAD build/main_networking.o
LOAD build/TCPEchoClient_SingleTasks.o
LOAD build/tcp_heartbeat_demo.o
LOAD build/app_main.o
LOAD build/network_role.o
LOAD build/demo_selector.o
LOAD build/demo_echo.o
LOAD build/demo_heartbeat.o
LOAD build/demo_echo_server.o
LOAD build//home/kj/FreeRTOS/FreeRTOS/Source/tasks.o
LOAD build//home/kj/FreeRTOS/FreeRTOS/Source/list.o
LOAD build//home/kj/FreeRTOS/FreeRTOS/Source/queue.o
LOAD build//home/kj/FreeRTOS/FreeRTOS/Source/event_groups.o
LOAD build//home/kj/FreeRTOS/FreeRTOS/Source/portable/GCC/ARM_CM3/port.o
LOAD build//home/kj/FreeRTOS/FreeRTOS/Source/portable/MemMang/heap_3.o
LOAD build//home/kj/FreeRTOS/FreeRTOS-Plus/Source/FreeRTOS-Plus-TCP/source/FreeRTOS_ARP.o
LOAD build//home/kj/FreeRTOS/FreeRTOS-Plus/Source/FreeRTOS-Plus-TCP/source/FreeRTOS_BitConfig.o
LOAD build//home/kj/FreeRTOS/FreeRTOS-Plus/Source/FreeRTOS-Plus-TCP/source/FreeRTOS_DHCP.o
LOAD build//home/kj/FreeRTOS/FreeRTOS-Plus/Source/FreeRTOS-Plus-TCP/source/FreeRTOS_DHCPv6.o
LOAD build//home/kj/FreeRTOS/FreeRTOS-Plus/Source/FreeRTOS-Plus-TCP/source/FreeRTOS_DNS.o
LOAD build//home/kj/FreeRTOS/FreeRTOS-Plus/Source/FreeRTOS-Plus-TCP/source/FreeRTOS_DNS_Cache.o
LOAD build//home/kj/FreeRTOS/FreeRTOS-Plus/Source/FreeRTOS-Plus-TCP/source/FreeRTOS_DNS_Callback.o
LOAD build//home/kj/FreeRTOS/FreeRTOS-Plus/Source/FreeRTOS-Plus-TCP/source/FreeRTOS_DNS_Networking.o
LOAD build//home/kj/FreeRTOS/FreeRTOS-Plus/Source/FreeRTOS-Plus-TCP/source/FreeRTOS_DNS_Parser.o
LOAD build//home/kj/FreeRTOS/FreeRTOS-Plus/Source/FreeRTOS-Plus-TCP/source/FreeRTOS_ICMP.o
LOAD build//home/kj/FreeRTOS/FreeRTOS-Plus/Source/FreeRTOS-Plus-TCP/source/FreeRTOS_IP.o
LOAD build//home/kj/FreeRTOS/FreeRTOS-Plus/Source/FreeRTOS-Plus-TCP/source/FreeRTOS_IP_Timers.o
LOAD build//home/kj/FreeRTOS/FreeRTOS-Plus/Source/FreeRTOS-Plus-TCP/source/FreeRTOS_IP_Utils.o
LOAD build//home/kj/FreeRTOS/FreeRTOS-Plus/Source/FreeRTOS-Plus-TCP/source/FreeRTOS_IPv4.o
LOAD build//home/kj/FreeRTOS/FreeRTOS-Plus/Source/FreeRTOS-Plus-TCP/source/FreeRTOS_IPv4_Sockets.o
LOAD build//home/kj/FreeRTOS/FreeRTOS-Plus/Source/FreeRTOS-Plus-TCP/source/FreeRTOS_IPv4_Utils.o
LOAD build//home/kj/FreeRTOS/FreeRTOS-Plus/Source/FreeRTOS-Plus-TCP/source/FreeRTOS_IPv6.o
LOAD build//home/kj/FreeRTOS/FreeRTOS-Plus/Source/FreeRTOS-Plus-TCP/source/FreeRTOS_IPv6_Sockets.o
LOAD build//home/kj/FreeRTOS/FreeRTOS-Plus/Source/FreeRTOS-Plus-TCP/source/FreeRTOS_IPv6_Utils.o
LOAD build//home/kj/FreeRTOS/FreeRTOS-Plus/Source/FreeRTOS-Plus-TCP/source/FreeRTOS_ND.o
LOAD build//home/kj/FreeRTOS/FreeRTOS-Plus/Source/FreeRTOS-Plus-TCP/source/FreeRTOS_RA.o
LOAD build//home/kj/FreeRTOS/FreeRTOS-Plus/Source/FreeRTOS-Plus-TCP/source/FreeRTOS_Routing.o
LOAD build//home/kj/FreeRTOS/FreeRTOS-Plus/Source/FreeRTOS-Plus-TCP/source/FreeRTOS_Sockets.o
LOAD build//home/kj/FreeRTOS/FreeRTOS-Plus/Source/FreeRTOS-Plus-TCP/source/FreeRTOS_Stream_Buffer.o
LOAD build//home/kj/FreeRTOS/FreeRTOS-Plus/Source/FreeRTOS-Plus-TCP/source/FreeRTOS_TCP_IP.o
LOAD build//home/kj/FreeRTOS/FreeRTOS-Plus/Source/FreeRTOS-Plus-TCP/source/FreeRTOS_TCP_IP_IPv4.o
LOAD build//home/kj/FreeRTOS/FreeRTOS-Plus/Source/FreeRTOS-Plus-TCP/source/FreeRTOS_TCP_IP_IPv6.o
LOAD build//home/kj/FreeRTOS/FreeRTOS-Plus/Source/FreeRTOS-Plus-TCP/source/FreeRTOS_TCP_Reception.o
LOAD build//home/kj/FreeRTOS/FreeRTOS-Plus/Source/FreeRTOS-Plus-TCP/source/FreeRTOS_TCP_State_Handling.o
LOAD build//home/kj/FreeRTOS/FreeRTOS-Plus/Source/FreeRTOS-Plus-TCP/source/FreeRTOS_TCP_State_Handling_IPv4.o
LOAD build//home/kj/FreeRTOS/FreeRTOS-Plus/Source/FreeRTOS-Plus-TCP/source/FreeRTOS_TCP_State_Handling_IPv6.o
LOAD build//home/kj/FreeRTOS/FreeRTOS-Plus/Source/FreeRTOS-Plus-TCP/source/FreeRTOS_TCP_Transmission.o
LOAD build//home/kj/FreeRTOS/FreeRTOS-Plus/Source/FreeRTOS-Plus-TCP/source/FreeRTOS_TCP_Transmission_IPv4.o
LOAD build//home/kj/FreeRTOS/FreeRTOS-Plus/Source/FreeRTOS-Plus-TCP/source/FreeRTOS_TCP_Transmission_IPv6.o
LOAD build//home/kj/FreeRTOS/FreeRTOS-Plus/Source/FreeRTOS-Plus-TCP/source/FreeRTOS_TCP_Utils.o
LOAD build//home/kj/FreeRTOS/FreeRTOS-Plus/Source/FreeRTOS-Plus-TCP/source/FreeRTOS_TCP_Utils_IPv4.o
LOAD build//home/kj/FreeRTOS/FreeRTOS-Plus/Source/FreeRTOS-Plus-TCP/source/FreeRTOS_TCP_Utils_IPv6.o
LOAD build//home/kj/FreeRTOS/FreeRTOS-Plus/Source/FreeRTOS-Plus-TCP/source/FreeRTOS_TCP_WIN.o
LOAD build//home/kj/FreeRTOS/FreeRTOS-Plus/Source/FreeRTOS-Plus-TCP/source/FreeRTOS_Tiny_TCP.o
LOAD build//home/kj/FreeRTOS/FreeRTOS-Plus/Source/FreeRTOS-Plus-TCP/source/FreeRTOS_UDP_IP.o
LOAD build//home/kj/FreeRTOS/FreeRTOS-Plus/Source/FreeRTOS-Plus-TCP/source/FreeRTOS_UDP_IPv4.o
LOAD build//home/kj/FreeRTOS/FreeRTOS-Plus/Source/FreeRTOS-Plus-TCP/source/FreeRTOS_UDP_IPv6.o
LOAD build//home/kj/FreeRTOS/FreeRTOS-Plus/Source/FreeRTOS-Plus-TCP/source/portable/BufferManagement/BufferAllocation_2.o
LOAD build//home/kj/FreeRTOS/FreeRTOS-Plus/Source/FreeRTOS-Plus-TCP/source/portable/NetworkInterface/MPS2_AN385/NetworkInterface.o
LOAD build//home/kj/FreeRTOS/FreeRTOS-Plus/Source/FreeRTOS-Plus-TCP/source/portable/NetworkInterface/MPS2_AN385/ether_lan9118/smsc9220_eth_drv.o
START GROUP
LOAD /usr/lib/gcc/arm-none-eabi/10.3.1/thumb/v7-m/nofp/libgcc.a
LOAD /usr/lib/gcc/arm-none-eabi/10.3.1/../../../arm-none-eabi/lib/thumb/v7-m/nofp/libc_nano.a
END GROUP
START GROUP
LOAD /usr/lib/gcc/arm-none-eabi/10.3.1/thumb/v7-m/nofp/libgcc.a
LOAD /usr/lib/gcc/arm-none-eabi/10.3.1/../../../arm-none-eabi/lib/thumb/v7-m/nofp/libc_nano.a
LOAD /usr/lib/gcc/arm-none-eabi/10.3.1/../../../arm-none-eabi/lib/thumb/v7-m/nofp/librdimon_nano.a
LOAD /usr/lib/gcc/arm-none-eabi/10.3.1/../../../arm-none-eabi/lib/thumb/v7-m/nofp/libnosys.a
END GROUP
START GROUP
LOAD /usr/lib/gcc/arm-none-eabi/10.3.1/thumb/v7-m/nofp/libgcc.a
LOAD /usr/lib/gcc/arm-none-eabi/10.3.1/../../../arm-none-eabi/lib/thumb/v7-m/nofp/libc_nano.a
LOAD /usr/lib/gcc/arm-none-eabi/10.3.1/../../../arm-none-eabi/lib/thumb/v7-m/nofp/libnosys.a
END GROUP
START GROUP
LOAD /usr/lib/gcc/arm-none-eabi/10.3.1/thumb/v7-m/nofp/libgcc.a
LOAD /usr/lib/gcc/arm-none-eabi/10.3.1/../../../arm-none-eabi/lib/thumb/v7-m/nofp/libc_nano.a
LOAD /usr/lib/gcc/arm-none-eabi/10.3.1/../../../arm-none-eabi/lib/thumb/v7-m/nofp/librdimon_nano.a
END GROUP
                0x0000000000040000                _Min_Heap_Size = 0x40000
                0x0000000000004000                _Min_Stack_Size = 0x4000
                0x0000000000000100                M_VECTOR_RAM_SIZE = 0x100
                0x0000000020400000                _estack = (ORIGIN (RAM) + LENGTH (RAM))

.isr_vector     0x0000000000000000       0x78
                0x0000000000000000                __vector_table = .
 *(.isr_vector)
 .isr_vector    0x0000000000000000       0x78 build/startup.o
                0x0000000000000000                isr_vector
                0x0000000000000078                . = ALIGN (0x4)

.text           0x0000000000000078     0xb4ec
                0x0000000000000078                . = ALIGN (0x4)
 *(.text*)
 .text.Reset_Handler
                0x0000000000000078       0x4c build/startup.o
                0x0000000000000078                Reset_Handler
 .text.Default_Handler
                0x00000000000000c4        0xc build/startup.o
 .text.Default_Handler2
                0x00000000000000d0       0x18 build/startup.o
 .text.Default_Handler3
                0x00000000000000e8        0x2 build/startup.o
 .text.Default_Handler4
                0x00000000000000ea        0x2 build/startup.o
 .text.Default_Handler5
                0x00000000000000ec        0x2 build/startup.o
 .text.Default_Handler6
                0x00000000000000ee        0x2 build/startup.o
 .text.prvGetRegistersFromStack
                0x00000000000000f0       0x24 build/startup.o
 .text.exit     0x0000000000000114       0x14 build/startup.o
                0x0000000000000114                exit
 .text._start   0x0000000000000128       0x10 build/startup.o
                0x0000000000000128                _start
 .text.uart_init
                0x0000000000000138        0xe build/syscalls.o
                0x0000000000000138                uart_init
 .text._fstat   0x0000000000000146        0x4 build/syscalls.o
                0x0000000000000146                _fstat
 .text._read    0x000000000000014a        0x6 build/syscalls.o
                0x000000000000014a                _read
 .text._write   0x0000000000000150       0x1a build/syscalls.o
                0x0000000000000150                _write
 *fill*         0x000000000000016a        0x2 
 .text._sbrk    0x000000000000016c       0x20 build/syscalls.o
                0x000000000000016c                _sbrk
 .text.startup.main
                0x000000000000018c        0x8 build/main.o
                0x000000000000018c                main
 .text.vApplicationMallocFailedHook
                0x0000000000000194       0x12 build/main.o
                0x0000000000000194                vApplicationMallocFailedHook
 .text.vAssertCalled
                0x00000000000001a6       0x1a build/main.o
                0x00000000000001a6                vAssertCalled
 .text.vLoggingPrintf
                0x00000000000001c0       0x1a build/main.o
                0x00000000000001c0                vLoggingPrintf
 *fill*         0x00000000000001da        0x2 
 .text.main_tcp_network_init
                0x00000000000001dc       0x6c build/main_networking.o
                0x00000000000001dc                main_tcp_network_init
 .text.vApplicationIPNetworkEventHook_Multi
                0x0000000000000248       0x78 build/main_networking.o
                0x0000000000000248                vApplicationIPNetworkEventHook_Multi
 .text.xApplicationDNSQueryHook_Multi
                0x00000000000002c0        0x4 build/main_networking.o
                0x00000000000002c0                xApplicationDNSQueryHook_Multi
 .text.ulApplicationGetNextSequenceNumber
                0x00000000000002c4       0x1c build/main_networking.o
                0x00000000000002c4                ulApplicationGetNextSequenceNumber
 .text.xApplicationGetRandomNumber
                0x00000000000002e0       0x20 build/main_networking.o
                0x00000000000002e0                xApplicationGetRandomNumber
 .text.prvTCPHeartbeatTask
                0x0000000000000300      0x12c build/tcp_heartbeat_demo.o
 .text.vStartTCPHeartbeatDemo
                0x000000000000042c       0x24 build/tcp_heartbeat_demo.o
                0x000000000000042c                vStartTCPHeartbeatDemo
 .text.prvIdleTask
                0x0000000000000450        0x2 build//home/kj/FreeRTOS/FreeRTOS/Source/tasks.o
 *fill*         0x0000000000000452        0x2 
 .text.prvResetNextTaskUnblockTime
                0x0000000000000454       0x24 build//home/kj/FreeRTOS/FreeRTOS/Source/tasks.o
 .text.prvAddCurrentTaskToDelayedList.constprop.0
                0x0000000000000478       0x78 build//home/kj/FreeRTOS/FreeRTOS/Source/tasks.o
 .text.xTaskCreate
                0x00000000000004f0      0x1b4 build//home/kj/FreeRTOS/FreeRTOS/Source/tasks.o
                0x00000000000004f0                xTaskCreate
 .text.vTaskStartScheduler
                0x00000000000006a4       0x88 build//home/kj/FreeRTOS/FreeRTOS/Source/tasks.o
                0x00000000000006a4                vTaskStartScheduler
 .text.vTaskSuspendAll
                0x000000000000072c       0x10 build//home/kj/FreeRTOS/FreeRTOS/Source/tasks.o
                0x000000000000072c                vTaskSuspendAll
 .text.xTaskGetTickCount
                0x000000000000073c        0xc build//home/kj/FreeRTOS/FreeRTOS/Source/tasks.o
                0x000000000000073c                xTaskGetTickCount
 .text.xTaskIncrementTick
                0x0000000000000748      0x17c build//home/kj/FreeRTOS/FreeRTOS/Source/tasks.o
                0x0000000000000748                xTaskIncrementTick
 .text.xTaskResumeAll
                0x00000000000008c4      0x154 build//home/kj/FreeRTOS/FreeRTOS/Source/tasks.o
                0x00000000000008c4                xTaskResumeAll
 .text.vTaskDelay
                0x0000000000000a18       0x40 build//home/kj/FreeRTOS/FreeRTOS/Source/tasks.o
                0x0000000000000a18                vTaskDelay
 .text.vTaskSwitchContext
                0x0000000000000a58       0x6c build//home/kj/FreeRTOS/FreeRTOS/Source/tasks.o
                0x0000000000000a58                vTaskSwitchContext
 .text.vTaskPlaceOnEventList
                0x0000000000000ac4       0x28 build//home/kj/FreeRTOS/FreeRTOS/Source/tasks.o
                0x0000000000000ac4                vTaskPlaceOnEventList
 .text.vTaskPlaceOnUnorderedEventList
                0x0000000000000aec       0x58 build//home/kj/FreeRTOS/FreeRTOS/Source/tasks.o
                0x0000000000000aec                vTaskPlaceOnUnorderedEventList
 .text.xTaskRemoveFromEventList
                0x0000000000000b44       0xc4 build//home/kj/FreeRTOS/FreeRTOS/Source/tasks.o
                0x0000000000000b44                xTaskRemoveFromEventList
 .text.vTaskRemoveFromUnorderedEventList
                0x0000000000000c08       0xb0 build//home/kj/FreeRTOS/FreeRTOS/Source/tasks.o
                0x0000000000000c08                vTaskRemoveFromUnorderedEventList
 .text.vTaskSetTimeOutState
                0x0000000000000cb8       0x2c build//home/kj/FreeRTOS/FreeRTOS/Source/tasks.o
                0x0000000000000cb8                vTaskSetTimeOutState
 .text.vTaskInternalSetTimeOutState
                0x0000000000000ce4       0x18 build//home/kj/FreeRTOS/FreeRTOS/Source/tasks.o
                0x0000000000000ce4                vTaskInternalSetTimeOutState
 .text.xTaskCheckForTimeOut
                0x0000000000000cfc       0x58 build//home/kj/FreeRTOS/FreeRTOS/Source/tasks.o
                0x0000000000000cfc                xTaskCheckForTimeOut
 .text.vTaskMissedYield
                0x0000000000000d54        0xc build//home/kj/FreeRTOS/FreeRTOS/Source/tasks.o
                0x0000000000000d54                vTaskMissedYield
 .text.xTaskGetCurrentTaskHandle
                0x0000000000000d60        0xc build//home/kj/FreeRTOS/FreeRTOS/Source/tasks.o
                0x0000000000000d60                xTaskGetCurrentTaskHandle
 .text.xTaskPriorityInherit
                0x0000000000000d6c       0xa4 build//home/kj/FreeRTOS/FreeRTOS/Source/tasks.o
                0x0000000000000d6c                xTaskPriorityInherit
 .text.xTaskPriorityDisinherit
                0x0000000000000e10       0x8c build//home/kj/FreeRTOS/FreeRTOS/Source/tasks.o
                0x0000000000000e10                xTaskPriorityDisinherit
 .text.vTaskPriorityDisinheritAfterTimeout
                0x0000000000000e9c       0xa0 build//home/kj/FreeRTOS/FreeRTOS/Source/tasks.o
                0x0000000000000e9c                vTaskPriorityDisinheritAfterTimeout
 .text.uxTaskResetEventItemValue
                0x0000000000000f3c       0x18 build//home/kj/FreeRTOS/FreeRTOS/Source/tasks.o
                0x0000000000000f3c                uxTaskResetEventItemValue
 .text.pvTaskIncrementMutexHeldCount
                0x0000000000000f54       0x14 build//home/kj/FreeRTOS/FreeRTOS/Source/tasks.o
                0x0000000000000f54                pvTaskIncrementMutexHeldCount
 .text.ulTaskGenericNotifyTake
                0x0000000000000f68       0xa0 build//home/kj/FreeRTOS/FreeRTOS/Source/tasks.o
                0x0000000000000f68                ulTaskGenericNotifyTake
 .text.vTaskGenericNotifyGiveFromISR
                0x0000000000001008       0xfc build//home/kj/FreeRTOS/FreeRTOS/Source/tasks.o
                0x0000000000001008                vTaskGenericNotifyGiveFromISR
 .text.vListInitialise
                0x0000000000001104       0x16 build//home/kj/FreeRTOS/FreeRTOS/Source/list.o
                0x0000000000001104                vListInitialise
 .text.vListInitialiseItem
                0x000000000000111a        0x6 build//home/kj/FreeRTOS/FreeRTOS/Source/list.o
                0x000000000000111a                vListInitialiseItem
 .text.vListInsertEnd
                0x0000000000001120       0x18 build//home/kj/FreeRTOS/FreeRTOS/Source/list.o
                0x0000000000001120                vListInsertEnd
 .text.vListInsert
                0x0000000000001138       0x2e build//home/kj/FreeRTOS/FreeRTOS/Source/list.o
                0x0000000000001138                vListInsert
 .text.uxListRemove
                0x0000000000001166       0x1e build//home/kj/FreeRTOS/FreeRTOS/Source/list.o
                0x0000000000001166                uxListRemove
 .text.prvIsQueueEmpty
                0x0000000000001184       0x16 build//home/kj/FreeRTOS/FreeRTOS/Source/queue.o
 .text.prvCopyDataToQueue
                0x000000000000119a       0x6a build//home/kj/FreeRTOS/FreeRTOS/Source/queue.o
 .text.prvCopyDataFromQueue
                0x0000000000001204       0x28 build//home/kj/FreeRTOS/FreeRTOS/Source/queue.o
 .text.prvUnlockQueue
                0x000000000000122c       0x70 build//home/kj/FreeRTOS/FreeRTOS/Source/queue.o
 .text.xQueueGenericReset
                0x000000000000129c       0x88 build//home/kj/FreeRTOS/FreeRTOS/Source/queue.o
                0x000000000000129c                xQueueGenericReset
 .text.xQueueGenericCreate
                0x0000000000001324       0x44 build//home/kj/FreeRTOS/FreeRTOS/Source/queue.o
                0x0000000000001324                xQueueGenericCreate
 .text.xQueueCreateCountingSemaphore
                0x0000000000001368       0x20 build//home/kj/FreeRTOS/FreeRTOS/Source/queue.o
                0x0000000000001368                xQueueCreateCountingSemaphore
 .text.xQueueGenericSend
                0x0000000000001388      0x122 build//home/kj/FreeRTOS/FreeRTOS/Source/queue.o
                0x0000000000001388                xQueueGenericSend
 .text.xQueueReceive
                0x00000000000014aa       0xfe build//home/kj/FreeRTOS/FreeRTOS/Source/queue.o
                0x00000000000014aa                xQueueReceive
 .text.xQueueSemaphoreTake
                0x00000000000015a8      0x134 build//home/kj/FreeRTOS/FreeRTOS/Source/queue.o
                0x00000000000015a8                xQueueSemaphoreTake
 .text.uxQueueMessagesWaiting
                0x00000000000016dc       0x18 build//home/kj/FreeRTOS/FreeRTOS/Source/queue.o
                0x00000000000016dc                uxQueueMessagesWaiting
 .text.vQueueDelete
                0x00000000000016f4       0x14 build//home/kj/FreeRTOS/FreeRTOS/Source/queue.o
                0x00000000000016f4                vQueueDelete
 .text.xEventGroupCreate
                0x0000000000001708       0x1a build//home/kj/FreeRTOS/FreeRTOS/Source/event_groups.o
                0x0000000000001708                xEventGroupCreate
 .text.xEventGroupWaitBits
                0x0000000000001722       0xce build//home/kj/FreeRTOS/FreeRTOS/Source/event_groups.o
                0x0000000000001722                xEventGroupWaitBits
 .text.xEventGroupClearBits
                0x00000000000017f0       0x2a build//home/kj/FreeRTOS/FreeRTOS/Source/event_groups.o
                0x00000000000017f0                xEventGroupClearBits
 .text.xEventGroupSetBits
                0x000000000000181a       0x6c build//home/kj/FreeRTOS/FreeRTOS/Source/event_groups.o
                0x000000000000181a                xEventGroupSetBits
 .text.vEventGroupDelete
                0x0000000000001886       0x3a build//home/kj/FreeRTOS/FreeRTOS/Source/event_groups.o
                0x0000000000001886                vEventGroupDelete
 .text.vPortSVCHandler
                0x00000000000018c0       0x24 build//home/kj/FreeRTOS/FreeRTOS/Source/portable/GCC/ARM_CM3/port.o
                0x00000000000018c0                vPortSVCHandler
 .text.prvPortStartFirstTask
                0x00000000000018e4       0x20 build//home/kj/FreeRTOS/FreeRTOS/Source/portable/GCC/ARM_CM3/port.o
 .text.xPortPendSVHandler
                0x0000000000001904       0x44 build//home/kj/FreeRTOS/FreeRTOS/Source/portable/GCC/ARM_CM3/port.o
                0x0000000000001904                xPortPendSVHandler
 .text.prvTaskExitError
                0x0000000000001948       0x34 build//home/kj/FreeRTOS/FreeRTOS/Source/portable/GCC/ARM_CM3/port.o
 .text.pxPortInitialiseStack
                0x000000000000197c       0x24 build//home/kj/FreeRTOS/FreeRTOS/Source/portable/GCC/ARM_CM3/port.o
                0x000000000000197c                pxPortInitialiseStack
 .text.vPortEnterCritical
                0x00000000000019a0       0x34 build//home/kj/FreeRTOS/FreeRTOS/Source/portable/GCC/ARM_CM3/port.o
                0x00000000000019a0                vPortEnterCritical
 .text.vPortExitCritical
                0x00000000000019d4       0x20 build//home/kj/FreeRTOS/FreeRTOS/Source/portable/GCC/ARM_CM3/port.o
                0x00000000000019d4                vPortExitCritical
 .text.xPortSysTickHandler
                0x00000000000019f4       0x2c build//home/kj/FreeRTOS/FreeRTOS/Source/portable/GCC/ARM_CM3/port.o
                0x00000000000019f4                xPortSysTickHandler
 .text.vPortSetupTimerInterrupt
                0x0000000000001a20       0x16 build//home/kj/FreeRTOS/FreeRTOS/Source/portable/GCC/ARM_CM3/port.o
                0x0000000000001a20                vPortSetupTimerInterrupt
 *fill*         0x0000000000001a36        0x2 
 .text.xPortStartScheduler
                0x0000000000001a38       0xf0 build//home/kj/FreeRTOS/FreeRTOS/Source/portable/GCC/ARM_CM3/port.o
                0x0000000000001a38                xPortStartScheduler
 .text.vPortValidateInterruptPriority
                0x0000000000001b28       0x44 build//home/kj/FreeRTOS/FreeRTOS/Source/portable/GCC/ARM_CM3/port.o
                0x0000000000001b28                vPortValidateInterruptPriority
 .text.pvPortMalloc
                0x0000000000001b6c       0x1e build//home/kj/FreeRTOS/FreeRTOS/Source/portable/MemMang/heap_3.o
                0x0000000000001b6c                pvPortMalloc
 .text.vPortFree
                0x0000000000001b8a       0x1a build//home/kj/FreeRTOS/FreeRTOS/Source/portable/MemMang/heap_3.o
                0x0000000000001b8a                vPortFree
 .text.xIsIPInARPCache
                0x0000000000001ba4       0x28 build//home/kj/FreeRTOS/FreeRTOS-Plus/Source/FreeRTOS-Plus-TCP/source/FreeRTOS_ARP.o
                0x0000000000001ba4                xIsIPInARPCache
 .text.vARPRefreshCacheEntryAge
                0x0000000000001bcc       0x40 build//home/kj/FreeRTOS/FreeRTOS-Plus/Source/FreeRTOS-Plus-TCP/source/FreeRTOS_ARP.o
                0x0000000000001bcc                vARPRefreshCacheEntryAge
 .text.vARPRefreshCacheEntry
                0x0000000000001c0c       0xe8 build//home/kj/FreeRTOS/FreeRTOS-Plus/Source/FreeRTOS-Plus-TCP/source/FreeRTOS_ARP.o
                0x0000000000001c0c                vARPRefreshCacheEntry
 .text.eARPGetCacheEntry
                0x0000000000001cf4      0x100 build//home/kj/FreeRTOS/FreeRTOS-Plus/Source/FreeRTOS-Plus-TCP/source/FreeRTOS_ARP.o
                0x0000000000001cf4                eARPGetCacheEntry
 .text.vARPGenerateRequestPacket
                0x0000000000001df4       0x64 build//home/kj/FreeRTOS/FreeRTOS-Plus/Source/FreeRTOS-Plus-TCP/source/FreeRTOS_ARP.o
                0x0000000000001df4                vARPGenerateRequestPacket
 .text.FreeRTOS_OutputARPRequest_Multi
                0x0000000000001e58       0x60 build//home/kj/FreeRTOS/FreeRTOS-Plus/Source/FreeRTOS-Plus-TCP/source/FreeRTOS_ARP.o
                0x0000000000001e58                FreeRTOS_OutputARPRequest_Multi
 .text.eARPProcessPacket
                0x0000000000001eb8      0x1f8 build//home/kj/FreeRTOS/FreeRTOS-Plus/Source/FreeRTOS-Plus-TCP/source/FreeRTOS_ARP.o
                0x0000000000001eb8                eARPProcessPacket
 .text.xCheckRequiresARPResolution
                0x00000000000020b0       0x42 build//home/kj/FreeRTOS/FreeRTOS-Plus/Source/FreeRTOS-Plus-TCP/source/FreeRTOS_ARP.o
                0x00000000000020b0                xCheckRequiresARPResolution
 .text.FreeRTOS_OutputARPRequest
                0x00000000000020f2       0x16 build//home/kj/FreeRTOS/FreeRTOS-Plus/Source/FreeRTOS-Plus-TCP/source/FreeRTOS_ARP.o
                0x00000000000020f2                FreeRTOS_OutputARPRequest
 .text.vARPAgeCache
                0x0000000000002108       0x74 build//home/kj/FreeRTOS/FreeRTOS-Plus/Source/FreeRTOS-Plus-TCP/source/FreeRTOS_ARP.o
                0x0000000000002108                vARPAgeCache
 .text.FreeRTOS_ClearARP
                0x000000000000217c       0x38 build//home/kj/FreeRTOS/FreeRTOS-Plus/Source/FreeRTOS-Plus-TCP/source/FreeRTOS_ARP.o
                0x000000000000217c                FreeRTOS_ClearARP
 .text.pxNew_AddrInfo
                0x00000000000021b4       0x52 build//home/kj/FreeRTOS/FreeRTOS-Plus/Source/FreeRTOS-Plus-TCP/source/FreeRTOS_DNS.o
                0x00000000000021b4                pxNew_AddrInfo
 .text.FreeRTOS_freeaddrinfo
                0x0000000000002206       0x12 build//home/kj/FreeRTOS/FreeRTOS-Plus/Source/FreeRTOS-Plus-TCP/source/FreeRTOS_DNS.o
                0x0000000000002206                FreeRTOS_freeaddrinfo
 .text.ulDNSHandlePacket
                0x0000000000002218       0x3e build//home/kj/FreeRTOS/FreeRTOS-Plus/Source/FreeRTOS-Plus-TCP/source/FreeRTOS_DNS.o
                0x0000000000002218                ulDNSHandlePacket
 .text.ulNBNSHandlePacket
                0x0000000000002256       0x18 build//home/kj/FreeRTOS/FreeRTOS-Plus/Source/FreeRTOS-Plus-TCP/source/FreeRTOS_DNS.o
                0x0000000000002256                ulNBNSHandlePacket
 *fill*         0x000000000000226e        0x2 
 .text.FreeRTOS_dnsclear
                0x0000000000002270       0x1c build//home/kj/FreeRTOS/FreeRTOS-Plus/Source/FreeRTOS-Plus-TCP/source/FreeRTOS_DNS_Cache.o
                0x0000000000002270                FreeRTOS_dnsclear
 .text.FreeRTOS_ProcessDNSCache
                0x000000000000228c      0x164 build//home/kj/FreeRTOS/FreeRTOS-Plus/Source/FreeRTOS-Plus-TCP/source/FreeRTOS_DNS_Cache.o
                0x000000000000228c                FreeRTOS_ProcessDNSCache
 .text.FreeRTOS_dns_update
                0x00000000000023f0       0x14 build//home/kj/FreeRTOS/FreeRTOS-Plus/Source/FreeRTOS-Plus-TCP/source/FreeRTOS_DNS_Cache.o
                0x00000000000023f0                FreeRTOS_dns_update
 .text.DNS_ReadNameField
                0x0000000000002404       0x7a build//home/kj/FreeRTOS/FreeRTOS-Plus/Source/FreeRTOS-Plus-TCP/source/FreeRTOS_DNS_Parser.o
                0x0000000000002404                DNS_ReadNameField
 .text.DNS_SkipNameField
                0x000000000000247e       0x42 build//home/kj/FreeRTOS/FreeRTOS-Plus/Source/FreeRTOS-Plus-TCP/source/FreeRTOS_DNS_Parser.o
                0x000000000000247e                DNS_SkipNameField
 .text.parseDNSAnswer
                0x00000000000024c0      0x200 build//home/kj/FreeRTOS/FreeRTOS-Plus/Source/FreeRTOS-Plus-TCP/source/FreeRTOS_DNS_Parser.o
                0x00000000000024c0                parseDNSAnswer
 .text.prepareReplyDNSMessage
                0x00000000000026c0       0xa8 build//home/kj/FreeRTOS/FreeRTOS-Plus/Source/FreeRTOS-Plus-TCP/source/FreeRTOS_DNS_Parser.o
                0x00000000000026c0                prepareReplyDNSMessage
 .text.DNS_ParseDNSReply
                0x0000000000002768      0x254 build//home/kj/FreeRTOS/FreeRTOS-Plus/Source/FreeRTOS-Plus-TCP/source/FreeRTOS_DNS_Parser.o
                0x0000000000002768                DNS_ParseDNSReply
 .text.DNS_TreatNBNS
                0x00000000000029bc      0x174 build//home/kj/FreeRTOS/FreeRTOS-Plus/Source/FreeRTOS-Plus-TCP/source/FreeRTOS_DNS_Parser.o
                0x00000000000029bc                DNS_TreatNBNS
 .text.ProcessICMPPacket
                0x0000000000002b30       0x6a build//home/kj/FreeRTOS/FreeRTOS-Plus/Source/FreeRTOS-Plus-TCP/source/FreeRTOS_ICMP.o
                0x0000000000002b30                ProcessICMPPacket
 *fill*         0x0000000000002b9a        0x2 
 .text.FreeRTOS_GetIPTaskHandle
                0x0000000000002b9c        0xc build//home/kj/FreeRTOS/FreeRTOS-Plus/Source/FreeRTOS-Plus-TCP/source/FreeRTOS_IP.o
                0x0000000000002b9c                FreeRTOS_GetIPTaskHandle
 .text.vIPNetworkUpCalls
                0x0000000000002ba8       0x2e build//home/kj/FreeRTOS/FreeRTOS-Plus/Source/FreeRTOS-Plus-TCP/source/FreeRTOS_IP.o
                0x0000000000002ba8                vIPNetworkUpCalls
 *fill*         0x0000000000002bd6        0x2 
 .text.FreeRTOS_IPInit_Multi
                0x0000000000002bd8       0x70 build//home/kj/FreeRTOS/FreeRTOS-Plus/Source/FreeRTOS-Plus-TCP/source/FreeRTOS_IP.o
                0x0000000000002bd8                FreeRTOS_IPInit_Multi
 .text.FreeRTOS_GetEndPointConfiguration
                0x0000000000002c48       0x28 build//home/kj/FreeRTOS/FreeRTOS-Plus/Source/FreeRTOS-Plus-TCP/source/FreeRTOS_IP.o
                0x0000000000002c48                FreeRTOS_GetEndPointConfiguration
 .text.xSendEventStructToIPTask
                0x0000000000002c70       0x54 build//home/kj/FreeRTOS/FreeRTOS-Plus/Source/FreeRTOS-Plus-TCP/source/FreeRTOS_IP.o
                0x0000000000002c70                xSendEventStructToIPTask
 .text.FreeRTOS_NetworkDown
                0x0000000000002cc4       0x40 build//home/kj/FreeRTOS/FreeRTOS-Plus/Source/FreeRTOS-Plus-TCP/source/FreeRTOS_IP.o
                0x0000000000002cc4                FreeRTOS_NetworkDown
 .text.xSendEventToIPTask
                0x0000000000002d04       0x16 build//home/kj/FreeRTOS/FreeRTOS-Plus/Source/FreeRTOS-Plus-TCP/source/FreeRTOS_IP.o
                0x0000000000002d04                xSendEventToIPTask
 *fill*         0x0000000000002d1a        0x2 
 .text.vReturnEthernetFrame
                0x0000000000002d1c       0xd8 build//home/kj/FreeRTOS/FreeRTOS-Plus/Source/FreeRTOS-Plus-TCP/source/FreeRTOS_IP.o
                0x0000000000002d1c                vReturnEthernetFrame
 .text.xIPIsNetworkTaskReady
                0x0000000000002df4        0xc build//home/kj/FreeRTOS/FreeRTOS-Plus/Source/FreeRTOS-Plus-TCP/source/FreeRTOS_IP.o
                0x0000000000002df4                xIPIsNetworkTaskReady
 .text.uxIPHeaderSizePacket
                0x0000000000002e00       0x12 build//home/kj/FreeRTOS/FreeRTOS-Plus/Source/FreeRTOS-Plus-TCP/source/FreeRTOS_IP.o
                0x0000000000002e00                uxIPHeaderSizePacket
 *fill*         0x0000000000002e12        0x2 
 .text.prvIPTask
                0x0000000000002e14      0x348 build//home/kj/FreeRTOS/FreeRTOS-Plus/Source/FreeRTOS-Plus-TCP/source/FreeRTOS_IP.o
 .text.uxIPHeaderSizeSocket
                0x000000000000315c       0x14 build//home/kj/FreeRTOS/FreeRTOS-Plus/Source/FreeRTOS-Plus-TCP/source/FreeRTOS_IP.o
                0x000000000000315c                uxIPHeaderSizeSocket
 .text.prvIPTimerStart
                0x0000000000003170       0x26 build//home/kj/FreeRTOS/FreeRTOS-Plus/Source/FreeRTOS-Plus-TCP/source/FreeRTOS_IP_Timers.o
 .text.prvIPTimerCheck
                0x0000000000003196       0x3a build//home/kj/FreeRTOS/FreeRTOS-Plus/Source/FreeRTOS-Plus-TCP/source/FreeRTOS_IP_Timers.o
 .text.xCalculateSleepTime
                0x00000000000031d0       0x58 build//home/kj/FreeRTOS/FreeRTOS-Plus/Source/FreeRTOS-Plus-TCP/source/FreeRTOS_IP_Timers.o
                0x00000000000031d0                xCalculateSleepTime
 .text.vCheckNetworkTimers
                0x0000000000003228       0xc8 build//home/kj/FreeRTOS/FreeRTOS-Plus/Source/FreeRTOS-Plus-TCP/source/FreeRTOS_IP_Timers.o
                0x0000000000003228                vCheckNetworkTimers
 .text.vIPTimerStartARPResolution
                0x00000000000032f0        0xc build//home/kj/FreeRTOS/FreeRTOS-Plus/Source/FreeRTOS-Plus-TCP/source/FreeRTOS_IP_Timers.o
                0x00000000000032f0                vIPTimerStartARPResolution
 .text.vTCPTimerReload
                0x00000000000032fc       0x10 build//home/kj/FreeRTOS/FreeRTOS-Plus/Source/FreeRTOS-Plus-TCP/source/FreeRTOS_IP_Timers.o
                0x00000000000032fc                vTCPTimerReload
 .text.vARPTimerReload
                0x000000000000330c       0x10 build//home/kj/FreeRTOS/FreeRTOS-Plus/Source/FreeRTOS-Plus-TCP/source/FreeRTOS_IP_Timers.o
                0x000000000000330c                vARPTimerReload
 .text.vNetworkTimerReload
                0x000000000000331c       0x10 build//home/kj/FreeRTOS/FreeRTOS-Plus/Source/FreeRTOS-Plus-TCP/source/FreeRTOS_IP_Timers.o
                0x000000000000331c                vNetworkTimerReload
 .text.vIPSetTCPTimerExpiredState
                0x000000000000332c       0x20 build//home/kj/FreeRTOS/FreeRTOS-Plus/Source/FreeRTOS-Plus-TCP/source/FreeRTOS_IP_Timers.o
                0x000000000000332c                vIPSetTCPTimerExpiredState
 .text.vIPSetARPTimerEnableState
                0x000000000000334c       0x18 build//home/kj/FreeRTOS/FreeRTOS-Plus/Source/FreeRTOS-Plus-TCP/source/FreeRTOS_IP_Timers.o
                0x000000000000334c                vIPSetARPTimerEnableState
 .text.vIPSetARPResolutionTimerEnableState
                0x0000000000003364       0x18 build//home/kj/FreeRTOS/FreeRTOS-Plus/Source/FreeRTOS-Plus-TCP/source/FreeRTOS_IP_Timers.o
                0x0000000000003364                vIPSetARPResolutionTimerEnableState
 .text.vSetAllNetworksUp
                0x000000000000337c        0xc build//home/kj/FreeRTOS/FreeRTOS-Plus/Source/FreeRTOS-Plus-TCP/source/FreeRTOS_IP_Timers.o
                0x000000000000337c                vSetAllNetworksUp
 .text.prvSetChecksumInPacket
                0x0000000000003388       0x2c build//home/kj/FreeRTOS/FreeRTOS-Plus/Source/FreeRTOS-Plus-TCP/source/FreeRTOS_IP_Utils.o
 .text.pxDuplicateNetworkBufferWithDescriptor
                0x00000000000033b4       0x44 build//home/kj/FreeRTOS/FreeRTOS-Plus/Source/FreeRTOS-Plus-TCP/source/FreeRTOS_IP_Utils.o
                0x00000000000033b4                pxDuplicateNetworkBufferWithDescriptor
 .text.pxUDPPayloadBuffer_to_NetworkBuffer
                0x00000000000033f8       0x24 build//home/kj/FreeRTOS/FreeRTOS-Plus/Source/FreeRTOS-Plus-TCP/source/FreeRTOS_IP_Utils.o
                0x00000000000033f8                pxUDPPayloadBuffer_to_NetworkBuffer
 .text.xIsCallingFromIPTask
                0x000000000000341c       0x14 build//home/kj/FreeRTOS/FreeRTOS-Plus/Source/FreeRTOS-Plus-TCP/source/FreeRTOS_IP_Utils.o
                0x000000000000341c                xIsCallingFromIPTask
 .text.prvProcessNetworkDownEvent
                0x0000000000003430       0xac build//home/kj/FreeRTOS/FreeRTOS-Plus/Source/FreeRTOS-Plus-TCP/source/FreeRTOS_IP_Utils.o
                0x0000000000003430                prvProcessNetworkDownEvent
 .text.vPreCheckConfigs
                0x00000000000034dc       0x2c build//home/kj/FreeRTOS/FreeRTOS-Plus/Source/FreeRTOS-Plus-TCP/source/FreeRTOS_IP_Utils.o
                0x00000000000034dc                vPreCheckConfigs
 .text.usGenerateChecksum
                0x0000000000003508       0xea build//home/kj/FreeRTOS/FreeRTOS-Plus/Source/FreeRTOS-Plus-TCP/source/FreeRTOS_IP_Utils.o
                0x0000000000003508                usGenerateChecksum
 *fill*         0x00000000000035f2        0x2 
 .text.usGenerateProtocolChecksum
                0x00000000000035f4      0x1d8 build//home/kj/FreeRTOS/FreeRTOS-Plus/Source/FreeRTOS-Plus-TCP/source/FreeRTOS_IP_Utils.o
                0x00000000000035f4                usGenerateProtocolChecksum
 .text.FreeRTOS_max_size_t
                0x00000000000037cc        0x8 build//home/kj/FreeRTOS/FreeRTOS-Plus/Source/FreeRTOS-Plus-TCP/source/FreeRTOS_IP_Utils.o
                0x00000000000037cc                FreeRTOS_max_size_t
 .text.FreeRTOS_min_int32
                0x00000000000037d4        0x8 build//home/kj/FreeRTOS/FreeRTOS-Plus/Source/FreeRTOS-Plus-TCP/source/FreeRTOS_IP_Utils.o
                0x00000000000037d4                FreeRTOS_min_int32
 .text.FreeRTOS_min_uint32
                0x00000000000037dc        0x8 build//home/kj/FreeRTOS/FreeRTOS-Plus/Source/FreeRTOS-Plus-TCP/source/FreeRTOS_IP_Utils.o
                0x00000000000037dc                FreeRTOS_min_uint32
 .text.FreeRTOS_min_size_t
                0x00000000000037e4        0x8 build//home/kj/FreeRTOS/FreeRTOS-Plus/Source/FreeRTOS-Plus-TCP/source/FreeRTOS_IP_Utils.o
                0x00000000000037e4                FreeRTOS_min_size_t
 .text.FreeRTOS_add_int32
                0x00000000000037ec       0x24 build//home/kj/FreeRTOS/FreeRTOS-Plus/Source/FreeRTOS-Plus-TCP/source/FreeRTOS_IP_Utils.o
                0x00000000000037ec                FreeRTOS_add_int32
 .text.FreeRTOS_multiply_int32
                0x0000000000003810       0x4c build//home/kj/FreeRTOS/FreeRTOS-Plus/Source/FreeRTOS-Plus-TCP/source/FreeRTOS_IP_Utils.o
                0x0000000000003810                FreeRTOS_multiply_int32
 .text.FreeRTOS_round_up
                0x000000000000385c       0x1a build//home/kj/FreeRTOS/FreeRTOS-Plus/Source/FreeRTOS-Plus-TCP/source/FreeRTOS_IP_Utils.o
                0x000000000000385c                FreeRTOS_round_up
 .text.ulChar2u32
                0x0000000000003876        0x6 build//home/kj/FreeRTOS/FreeRTOS-Plus/Source/FreeRTOS-Plus-TCP/source/FreeRTOS_IP_Utils.o
                0x0000000000003876                ulChar2u32
 .text.usChar2u16
                0x000000000000387c        0x8 build//home/kj/FreeRTOS/FreeRTOS-Plus/Source/FreeRTOS-Plus-TCP/source/FreeRTOS_IP_Utils.o
                0x000000000000387c                usChar2u16
 .text.xIsIPv4Multicast
                0x0000000000003884       0x12 build//home/kj/FreeRTOS/FreeRTOS-Plus/Source/FreeRTOS-Plus-TCP/source/FreeRTOS_IPv4.o
                0x0000000000003884                xIsIPv4Multicast
 .text.xIsIPv4Loopback
                0x0000000000003896       0x12 build//home/kj/FreeRTOS/FreeRTOS-Plus/Source/FreeRTOS-Plus-TCP/source/FreeRTOS_IPv4.o
                0x0000000000003896                xIsIPv4Loopback
 .text.xBadIPv4Loopback
                0x00000000000038a8       0x24 build//home/kj/FreeRTOS/FreeRTOS-Plus/Source/FreeRTOS-Plus-TCP/source/FreeRTOS_IPv4.o
                0x00000000000038a8                xBadIPv4Loopback
 .text.prvAllowIPPacketIPv4
                0x00000000000038cc      0x180 build//home/kj/FreeRTOS/FreeRTOS-Plus/Source/FreeRTOS-Plus-TCP/source/FreeRTOS_IPv4.o
                0x00000000000038cc                prvAllowIPPacketIPv4
 .text.prvCheckIP4HeaderOptions
                0x0000000000003a4c       0x48 build//home/kj/FreeRTOS/FreeRTOS-Plus/Source/FreeRTOS-Plus-TCP/source/FreeRTOS_IPv4.o
                0x0000000000003a4c                prvCheckIP4HeaderOptions
 .text.FreeRTOS_inet_pton4
                0x0000000000003a94       0xa4 build//home/kj/FreeRTOS/FreeRTOS-Plus/Source/FreeRTOS-Plus-TCP/source/FreeRTOS_IPv4_Sockets.o
                0x0000000000003a94                FreeRTOS_inet_pton4
 .text.FreeRTOS_inet_ntop4
                0x0000000000003b38       0x16 build//home/kj/FreeRTOS/FreeRTOS-Plus/Source/FreeRTOS-Plus-TCP/source/FreeRTOS_IPv4_Sockets.o
                0x0000000000003b38                FreeRTOS_inet_ntop4
 .text.vSetMultiCastIPv4MacAddress
                0x0000000000003b4e       0x1c build//home/kj/FreeRTOS/FreeRTOS-Plus/Source/FreeRTOS-Plus-TCP/source/FreeRTOS_IPv4_Utils.o
                0x0000000000003b4e                vSetMultiCastIPv4MacAddress
 .text.prvChecksumIPv4Checks
                0x0000000000003b6a       0x6a build//home/kj/FreeRTOS/FreeRTOS-Plus/Source/FreeRTOS-Plus-TCP/source/FreeRTOS_IPv4_Utils.o
                0x0000000000003b6a                prvChecksumIPv4Checks
 .text.FreeRTOS_FillEndPoint
                0x0000000000003bd4       0xec build//home/kj/FreeRTOS/FreeRTOS-Plus/Source/FreeRTOS-Plus-TCP/source/FreeRTOS_Routing.o
                0x0000000000003bd4                FreeRTOS_FillEndPoint
 .text.FreeRTOS_AddNetworkInterface
                0x0000000000003cc0       0x24 build//home/kj/FreeRTOS/FreeRTOS-Plus/Source/FreeRTOS-Plus-TCP/source/FreeRTOS_Routing.o
                0x0000000000003cc0                FreeRTOS_AddNetworkInterface
 .text.FreeRTOS_FirstNetworkInterface
                0x0000000000003ce4        0xc build//home/kj/FreeRTOS/FreeRTOS-Plus/Source/FreeRTOS-Plus-TCP/source/FreeRTOS_Routing.o
                0x0000000000003ce4                FreeRTOS_FirstNetworkInterface
 .text.FreeRTOS_NextNetworkInterface
                0x0000000000003cf0        0x6 build//home/kj/FreeRTOS/FreeRTOS-Plus/Source/FreeRTOS-Plus-TCP/source/FreeRTOS_Routing.o
                0x0000000000003cf0                FreeRTOS_NextNetworkInterface
 *fill*         0x0000000000003cf6        0x2 
 .text.FreeRTOS_FirstEndPoint
                0x0000000000003cf8       0x1c build//home/kj/FreeRTOS/FreeRTOS-Plus/Source/FreeRTOS-Plus-TCP/source/FreeRTOS_Routing.o
                0x0000000000003cf8                FreeRTOS_FirstEndPoint
 .text.FreeRTOS_NextEndPoint
                0x0000000000003d14       0x1c build//home/kj/FreeRTOS/FreeRTOS-Plus/Source/FreeRTOS-Plus-TCP/source/FreeRTOS_Routing.o
                0x0000000000003d14                FreeRTOS_NextEndPoint
 .text.FreeRTOS_FindEndPointOnIP_IPv4
                0x0000000000003d30       0x1c build//home/kj/FreeRTOS/FreeRTOS-Plus/Source/FreeRTOS-Plus-TCP/source/FreeRTOS_Routing.o
                0x0000000000003d30                FreeRTOS_FindEndPointOnIP_IPv4
 .text.FreeRTOS_InterfaceEndPointOnNetMask
                0x0000000000003d4c       0x2c build//home/kj/FreeRTOS/FreeRTOS-Plus/Source/FreeRTOS-Plus-TCP/source/FreeRTOS_Routing.o
                0x0000000000003d4c                FreeRTOS_InterfaceEndPointOnNetMask
 .text.FreeRTOS_FindEndPointOnNetMask
                0x0000000000003d78        0x8 build//home/kj/FreeRTOS/FreeRTOS-Plus/Source/FreeRTOS-Plus-TCP/source/FreeRTOS_Routing.o
                0x0000000000003d78                FreeRTOS_FindEndPointOnNetMask
 .text.pxEasyFit
                0x0000000000003d80       0x9e build//home/kj/FreeRTOS/FreeRTOS-Plus/Source/FreeRTOS-Plus-TCP/source/FreeRTOS_Routing.o
                0x0000000000003d80                pxEasyFit
 .text.FreeRTOS_MatchingEndpoint
                0x0000000000003e1e       0x8e build//home/kj/FreeRTOS/FreeRTOS-Plus/Source/FreeRTOS-Plus-TCP/source/FreeRTOS_Routing.o
                0x0000000000003e1e                FreeRTOS_MatchingEndpoint
 .text.FreeRTOS_FindGateWay
                0x0000000000003eac       0x18 build//home/kj/FreeRTOS/FreeRTOS-Plus/Source/FreeRTOS-Plus-TCP/source/FreeRTOS_Routing.o
                0x0000000000003eac                FreeRTOS_FindGateWay
 .text.xCheckRequiresResolution
                0x0000000000003ec4       0x1a build//home/kj/FreeRTOS/FreeRTOS-Plus/Source/FreeRTOS-Plus-TCP/source/FreeRTOS_Routing.o
                0x0000000000003ec4                xCheckRequiresResolution
 *fill*         0x0000000000003ede        0x2 
 .text.prvTCPCreateStream
                0x0000000000003ee0       0xa0 build//home/kj/FreeRTOS/FreeRTOS-Plus/Source/FreeRTOS-Plus-TCP/source/FreeRTOS_Sockets.o
 .text.pxListFindListItemWithValue
                0x0000000000003f80       0x24 build//home/kj/FreeRTOS/FreeRTOS-Plus/Source/FreeRTOS-Plus-TCP/source/FreeRTOS_Sockets.o
 .text.prvValidSocket
                0x0000000000003fa4       0x20 build//home/kj/FreeRTOS/FreeRTOS-Plus/Source/FreeRTOS-Plus-TCP/source/FreeRTOS_Sockets.o
 .text.prvTCPSendCheck
                0x0000000000003fc4       0x5e build//home/kj/FreeRTOS/FreeRTOS-Plus/Source/FreeRTOS-Plus-TCP/source/FreeRTOS_Sockets.o
 *fill*         0x0000000000004022        0x2 
 .text.vNetworkSocketsInit
                0x0000000000004024       0x1c build//home/kj/FreeRTOS/FreeRTOS-Plus/Source/FreeRTOS-Plus-TCP/source/FreeRTOS_Sockets.o
                0x0000000000004024                vNetworkSocketsInit
 .text.FreeRTOS_socket
                0x0000000000004040      0x130 build//home/kj/FreeRTOS/FreeRTOS-Plus/Source/FreeRTOS-Plus-TCP/source/FreeRTOS_Sockets.o
                0x0000000000004040                FreeRTOS_socket
 .text.FreeRTOS_bind
                0x0000000000004170       0x8c build//home/kj/FreeRTOS/FreeRTOS-Plus/Source/FreeRTOS-Plus-TCP/source/FreeRTOS_Sockets.o
                0x0000000000004170                FreeRTOS_bind
 .text.vSocketBind
                0x00000000000041fc       0xf0 build//home/kj/FreeRTOS/FreeRTOS-Plus/Source/FreeRTOS-Plus-TCP/source/FreeRTOS_Sockets.o
                0x00000000000041fc                vSocketBind
 .text.FreeRTOS_closesocket
                0x00000000000042ec       0x2e build//home/kj/FreeRTOS/FreeRTOS-Plus/Source/FreeRTOS-Plus-TCP/source/FreeRTOS_Sockets.o
                0x00000000000042ec                FreeRTOS_closesocket
 *fill*         0x000000000000431a        0x2 
 .text.vSocketClose
                0x000000000000431c       0xd8 build//home/kj/FreeRTOS/FreeRTOS-Plus/Source/FreeRTOS-Plus-TCP/source/FreeRTOS_Sockets.o
                0x000000000000431c                vSocketClose
 .text.pxUDPSocketLookup
                0x00000000000043f4       0x20 build//home/kj/FreeRTOS/FreeRTOS-Plus/Source/FreeRTOS-Plus-TCP/source/FreeRTOS_Sockets.o
                0x00000000000043f4                pxUDPSocketLookup
 .text.FreeRTOS_inet_ntoa
                0x0000000000004414       0x8a build//home/kj/FreeRTOS/FreeRTOS-Plus/Source/FreeRTOS-Plus-TCP/source/FreeRTOS_Sockets.o
                0x0000000000004414                FreeRTOS_inet_ntoa
 .text.FreeRTOS_inet_ntop
                0x000000000000449e       0x1a build//home/kj/FreeRTOS/FreeRTOS-Plus/Source/FreeRTOS-Plus-TCP/source/FreeRTOS_Sockets.o
                0x000000000000449e                FreeRTOS_inet_ntop
 .text.FreeRTOS_inet_addr
                0x00000000000044b8       0x18 build//home/kj/FreeRTOS/FreeRTOS-Plus/Source/FreeRTOS-Plus-TCP/source/FreeRTOS_Sockets.o
                0x00000000000044b8                FreeRTOS_inet_addr
 .text.FreeRTOS_GetLocalAddress
                0x00000000000044d0       0x1c build//home/kj/FreeRTOS/FreeRTOS-Plus/Source/FreeRTOS-Plus-TCP/source/FreeRTOS_Sockets.o
                0x00000000000044d0                FreeRTOS_GetLocalAddress
 .text.vSocketWakeUpUser
                0x00000000000044ec       0x38 build//home/kj/FreeRTOS/FreeRTOS-Plus/Source/FreeRTOS-Plus-TCP/source/FreeRTOS_Sockets.o
                0x00000000000044ec                vSocketWakeUpUser
 .text.FreeRTOS_send
                0x0000000000004524      0x108 build//home/kj/FreeRTOS/FreeRTOS-Plus/Source/FreeRTOS-Plus-TCP/source/FreeRTOS_Sockets.o
                0x0000000000004524                FreeRTOS_send
 .text.FreeRTOS_listen
                0x000000000000462c       0x7e build//home/kj/FreeRTOS/FreeRTOS-Plus/Source/FreeRTOS-Plus-TCP/source/FreeRTOS_Sockets.o
                0x000000000000462c                FreeRTOS_listen
 *fill*         0x00000000000046aa        0x2 
 .text.xTCPTimerCheck
                0x00000000000046ac       0x88 build//home/kj/FreeRTOS/FreeRTOS-Plus/Source/FreeRTOS-Plus-TCP/source/FreeRTOS_Sockets.o
                0x00000000000046ac                xTCPTimerCheck
 .text.pxTCPSocketLookup
                0x0000000000004734       0x54 build//home/kj/FreeRTOS/FreeRTOS-Plus/Source/FreeRTOS-Plus-TCP/source/FreeRTOS_Sockets.o
                0x0000000000004734                pxTCPSocketLookup
 .text.lTCPAddRxdata
                0x0000000000004788       0x80 build//home/kj/FreeRTOS/FreeRTOS-Plus/Source/FreeRTOS-Plus-TCP/source/FreeRTOS_Sockets.o
                0x0000000000004788                lTCPAddRxdata
 .text.FreeRTOS_tx_space
                0x0000000000004808       0x20 build//home/kj/FreeRTOS/FreeRTOS-Plus/Source/FreeRTOS-Plus-TCP/source/FreeRTOS_Sockets.o
                0x0000000000004808                FreeRTOS_tx_space
 .text.FreeRTOS_tx_size
                0x0000000000004828       0x18 build//home/kj/FreeRTOS/FreeRTOS-Plus/Source/FreeRTOS-Plus-TCP/source/FreeRTOS_Sockets.o
                0x0000000000004828                FreeRTOS_tx_size
 .text.FreeRTOS_issocketconnected
                0x0000000000004840       0x1e build//home/kj/FreeRTOS/FreeRTOS-Plus/Source/FreeRTOS-Plus-TCP/source/FreeRTOS_Sockets.o
                0x0000000000004840                FreeRTOS_issocketconnected
 *fill*         0x000000000000485e        0x2 
 .text.prvSockopt_so_buffer
                0x0000000000004860       0xc4 build//home/kj/FreeRTOS/FreeRTOS-Plus/Source/FreeRTOS-Plus-TCP/source/FreeRTOS_Sockets.o
 .text.FreeRTOS_setsockopt
                0x0000000000004924      0x192 build//home/kj/FreeRTOS/FreeRTOS-Plus/Source/FreeRTOS-Plus-TCP/source/FreeRTOS_Sockets.o
                0x0000000000004924                FreeRTOS_setsockopt
 *fill*         0x0000000000004ab6        0x2 
 .text.FreeRTOS_connect
                0x0000000000004ab8      0x128 build//home/kj/FreeRTOS/FreeRTOS-Plus/Source/FreeRTOS-Plus-TCP/source/FreeRTOS_Sockets.o
                0x0000000000004ab8                FreeRTOS_connect
 .text.FreeRTOS_rx_size
                0x0000000000004be0       0x18 build//home/kj/FreeRTOS/FreeRTOS-Plus/Source/FreeRTOS-Plus-TCP/source/FreeRTOS_Sockets.o
                0x0000000000004be0                FreeRTOS_rx_size
 .text.vTCPNetStat
                0x0000000000004bf8      0x1b8 build//home/kj/FreeRTOS/FreeRTOS-Plus/Source/FreeRTOS-Plus-TCP/source/FreeRTOS_Sockets.o
                0x0000000000004bf8                vTCPNetStat
 .text.vSocketSelect
                0x0000000000004db0      0x110 build//home/kj/FreeRTOS/FreeRTOS-Plus/Source/FreeRTOS-Plus-TCP/source/FreeRTOS_Sockets.o
                0x0000000000004db0                vSocketSelect
 .text.uxStreamBufferSpace
                0x0000000000004ec0       0x10 build//home/kj/FreeRTOS/FreeRTOS-Plus/Source/FreeRTOS-Plus-TCP/source/FreeRTOS_Stream_Buffer.o
                0x0000000000004ec0                uxStreamBufferSpace
 .text.uxStreamBufferDistance
                0x0000000000004ed0        0xe build//home/kj/FreeRTOS/FreeRTOS-Plus/Source/FreeRTOS-Plus-TCP/source/FreeRTOS_Stream_Buffer.o
                0x0000000000004ed0                uxStreamBufferDistance
 .text.uxStreamBufferGetSpace
                0x0000000000004ede        0x8 build//home/kj/FreeRTOS/FreeRTOS-Plus/Source/FreeRTOS-Plus-TCP/source/FreeRTOS_Stream_Buffer.o
                0x0000000000004ede                uxStreamBufferGetSpace
 .text.uxStreamBufferFrontSpace
                0x0000000000004ee6        0x8 build//home/kj/FreeRTOS/FreeRTOS-Plus/Source/FreeRTOS-Plus-TCP/source/FreeRTOS_Stream_Buffer.o
                0x0000000000004ee6                uxStreamBufferFrontSpace
 .text.uxStreamBufferGetSize
                0x0000000000004eee        0x8 build//home/kj/FreeRTOS/FreeRTOS-Plus/Source/FreeRTOS-Plus-TCP/source/FreeRTOS_Stream_Buffer.o
                0x0000000000004eee                uxStreamBufferGetSize
 .text.uxStreamBufferMidSpace
                0x0000000000004ef6        0x8 build//home/kj/FreeRTOS/FreeRTOS-Plus/Source/FreeRTOS-Plus-TCP/source/FreeRTOS_Stream_Buffer.o
                0x0000000000004ef6                uxStreamBufferMidSpace
 .text.vStreamBufferClear
                0x0000000000004efe        0xc build//home/kj/FreeRTOS/FreeRTOS-Plus/Source/FreeRTOS-Plus-TCP/source/FreeRTOS_Stream_Buffer.o
                0x0000000000004efe                vStreamBufferClear
 .text.vStreamBufferMoveMid
                0x0000000000004f0a       0x20 build//home/kj/FreeRTOS/FreeRTOS-Plus/Source/FreeRTOS-Plus-TCP/source/FreeRTOS_Stream_Buffer.o
                0x0000000000004f0a                vStreamBufferMoveMid
 .text.uxStreamBufferAdd
                0x0000000000004f2a       0x94 build//home/kj/FreeRTOS/FreeRTOS-Plus/Source/FreeRTOS-Plus-TCP/source/FreeRTOS_Stream_Buffer.o
                0x0000000000004f2a                uxStreamBufferAdd
 .text.uxStreamBufferGet
                0x0000000000004fbe       0x82 build//home/kj/FreeRTOS/FreeRTOS-Plus/Source/FreeRTOS-Plus-TCP/source/FreeRTOS_Stream_Buffer.o
                0x0000000000004fbe                uxStreamBufferGet
 .text.vSocketCloseNextTime
                0x0000000000005040       0x1c build//home/kj/FreeRTOS/FreeRTOS-Plus/Source/FreeRTOS-Plus-TCP/source/FreeRTOS_TCP_IP.o
                0x0000000000005040                vSocketCloseNextTime
 .text.vSocketListenNextTime
                0x000000000000505c       0x20 build//home/kj/FreeRTOS/FreeRTOS-Plus/Source/FreeRTOS-Plus-TCP/source/FreeRTOS_TCP_IP.o
                0x000000000000505c                vSocketListenNextTime
 .text.prvTCPTouchSocket
                0x000000000000507c       0x28 build//home/kj/FreeRTOS/FreeRTOS-Plus/Source/FreeRTOS-Plus-TCP/source/FreeRTOS_TCP_IP.o
                0x000000000000507c                prvTCPTouchSocket
 .text.vTCPStateChange
                0x00000000000050a4      0x234 build//home/kj/FreeRTOS/FreeRTOS-Plus/Source/FreeRTOS-Plus-TCP/source/FreeRTOS_TCP_IP.o
                0x00000000000050a4                vTCPStateChange
 .text.prvTCPNextTimeout
                0x00000000000052d8       0x8a build//home/kj/FreeRTOS/FreeRTOS-Plus/Source/FreeRTOS-Plus-TCP/source/FreeRTOS_TCP_IP.o
                0x00000000000052d8                prvTCPNextTimeout
 .text.xTCPSocketCheck
                0x0000000000005362       0x8e build//home/kj/FreeRTOS/FreeRTOS-Plus/Source/FreeRTOS-Plus-TCP/source/FreeRTOS_TCP_IP.o
                0x0000000000005362                xTCPSocketCheck
 .text.xProcessReceivedTCPPacket
                0x00000000000053f0      0x1f6 build//home/kj/FreeRTOS/FreeRTOS-Plus/Source/FreeRTOS-Plus-TCP/source/FreeRTOS_TCP_IP.o
                0x00000000000053f0                xProcessReceivedTCPPacket
 *fill*         0x00000000000055e6        0x2 
 .text.xTCPCheckNewClient
                0x00000000000055e8       0x3c build//home/kj/FreeRTOS/FreeRTOS-Plus/Source/FreeRTOS-Plus-TCP/source/FreeRTOS_TCP_IP.o
                0x00000000000055e8                xTCPCheckNewClient
 .text.prvCheckOptions
                0x0000000000005624      0x17c build//home/kj/FreeRTOS/FreeRTOS-Plus/Source/FreeRTOS-Plus-TCP/source/FreeRTOS_TCP_Reception.o
                0x0000000000005624                prvCheckOptions
 .text.prvCheckRxData
                0x00000000000057a0       0x78 build//home/kj/FreeRTOS/FreeRTOS-Plus/Source/FreeRTOS-Plus-TCP/source/FreeRTOS_TCP_Reception.o
                0x00000000000057a0                prvCheckRxData
 .text.prvStoreRxData
                0x0000000000005818       0x9c build//home/kj/FreeRTOS/FreeRTOS-Plus/Source/FreeRTOS-Plus-TCP/source/FreeRTOS_TCP_Reception.o
                0x0000000000005818                prvStoreRxData
 .text.prvTCPHandleFin
                0x00000000000058b4       0xbc build//home/kj/FreeRTOS/FreeRTOS-Plus/Source/FreeRTOS-Plus-TCP/source/FreeRTOS_TCP_State_Handling.o
 .text.prvTCPSocketIsActive
                0x0000000000005970       0x1a build//home/kj/FreeRTOS/FreeRTOS-Plus/Source/FreeRTOS-Plus-TCP/source/FreeRTOS_TCP_State_Handling.o
                0x0000000000005970                prvTCPSocketIsActive
 .text.prvTCPStatusAgeCheck
                0x000000000000598a       0x48 build//home/kj/FreeRTOS/FreeRTOS-Plus/Source/FreeRTOS-Plus-TCP/source/FreeRTOS_TCP_State_Handling.o
                0x000000000000598a                prvTCPStatusAgeCheck
 .text.prvTCPHandleState
                0x00000000000059d2      0x3b6 build//home/kj/FreeRTOS/FreeRTOS-Plus/Source/FreeRTOS-Plus-TCP/source/FreeRTOS_TCP_State_Handling.o
                0x00000000000059d2                prvTCPHandleState
 .text.prvHandleListen
                0x0000000000005d88       0x20 build//home/kj/FreeRTOS/FreeRTOS-Plus/Source/FreeRTOS-Plus-TCP/source/FreeRTOS_TCP_State_Handling.o
                0x0000000000005d88                prvHandleListen
 .text.prvTCPSocketCopy
                0x0000000000005da8       0x9a build//home/kj/FreeRTOS/FreeRTOS-Plus/Source/FreeRTOS-Plus-TCP/source/FreeRTOS_TCP_State_Handling.o
                0x0000000000005da8                prvTCPSocketCopy
 *fill*         0x0000000000005e42        0x2 
 .text.FreeRTOS_GetTCPStateName
                0x0000000000005e44       0x14 build//home/kj/FreeRTOS/FreeRTOS-Plus/Source/FreeRTOS-Plus-TCP/source/FreeRTOS_TCP_State_Handling.o
                0x0000000000005e44                FreeRTOS_GetTCPStateName
 .text.prvHandleListen_IPV4
                0x0000000000005e58      0x140 build//home/kj/FreeRTOS/FreeRTOS-Plus/Source/FreeRTOS-Plus-TCP/source/FreeRTOS_TCP_State_Handling_IPv4.o
                0x0000000000005e58                prvHandleListen_IPV4
 .text.prvTCPReturnPacket
                0x0000000000005f98       0x24 build//home/kj/FreeRTOS/FreeRTOS-Plus/Source/FreeRTOS-Plus-TCP/source/FreeRTOS_TCP_Transmission.o
                0x0000000000005f98                prvTCPReturnPacket
 .text.prvTCPReturn_CheckTCPWindow
                0x0000000000005fbc       0x70 build//home/kj/FreeRTOS/FreeRTOS-Plus/Source/FreeRTOS-Plus-TCP/source/FreeRTOS_TCP_Transmission.o
                0x0000000000005fbc                prvTCPReturn_CheckTCPWindow
 .text.prvTCPReturn_SetSequenceNumber
                0x000000000000602c       0x5e build//home/kj/FreeRTOS/FreeRTOS-Plus/Source/FreeRTOS-Plus-TCP/source/FreeRTOS_TCP_Transmission.o
                0x000000000000602c                prvTCPReturn_SetSequenceNumber
 .text.prvTCPCreateWindow
                0x000000000000608a       0x2e build//home/kj/FreeRTOS/FreeRTOS-Plus/Source/FreeRTOS-Plus-TCP/source/FreeRTOS_TCP_Transmission.o
                0x000000000000608a                prvTCPCreateWindow
 .text.prvSetSynAckOptions
                0x00000000000060b8       0x4c build//home/kj/FreeRTOS/FreeRTOS-Plus/Source/FreeRTOS-Plus-TCP/source/FreeRTOS_TCP_Transmission.o
                0x00000000000060b8                prvSetSynAckOptions
 .text.prvTCPBufferResize
                0x0000000000006104       0x7c build//home/kj/FreeRTOS/FreeRTOS-Plus/Source/FreeRTOS-Plus-TCP/source/FreeRTOS_TCP_Transmission.o
                0x0000000000006104                prvTCPBufferResize
 .text.prvTCPReturn_SetEndPoint
                0x0000000000006180       0xa4 build//home/kj/FreeRTOS/FreeRTOS-Plus/Source/FreeRTOS-Plus-TCP/source/FreeRTOS_TCP_Transmission.o
                0x0000000000006180                prvTCPReturn_SetEndPoint
 .text.prvTCPPrepareSend
                0x0000000000006224      0x1da build//home/kj/FreeRTOS/FreeRTOS-Plus/Source/FreeRTOS-Plus-TCP/source/FreeRTOS_TCP_Transmission.o
                0x0000000000006224                prvTCPPrepareSend
 .text.prvTCPSendRepeated
                0x00000000000063fe       0x36 build//home/kj/FreeRTOS/FreeRTOS-Plus/Source/FreeRTOS-Plus-TCP/source/FreeRTOS_TCP_Transmission.o
                0x00000000000063fe                prvTCPSendRepeated
 .text.prvTCPSendPacket
                0x0000000000006434       0x90 build//home/kj/FreeRTOS/FreeRTOS-Plus/Source/FreeRTOS-Plus-TCP/source/FreeRTOS_TCP_Transmission.o
                0x0000000000006434                prvTCPSendPacket
 .text.prvTCPAddTxData
                0x00000000000064c4       0x32 build//home/kj/FreeRTOS/FreeRTOS-Plus/Source/FreeRTOS-Plus-TCP/source/FreeRTOS_TCP_Transmission.o
                0x00000000000064c4                prvTCPAddTxData
 .text.prvSetOptions
                0x00000000000064f6       0x5e build//home/kj/FreeRTOS/FreeRTOS-Plus/Source/FreeRTOS-Plus-TCP/source/FreeRTOS_TCP_Transmission.o
                0x00000000000064f6                prvSetOptions
 .text.prvSendData
                0x0000000000006554       0xa4 build//home/kj/FreeRTOS/FreeRTOS-Plus/Source/FreeRTOS-Plus-TCP/source/FreeRTOS_TCP_Transmission.o
                0x0000000000006554                prvSendData
 .text.prvTCPSendSpecialPacketHelper
                0x00000000000065f8       0x1e build//home/kj/FreeRTOS/FreeRTOS-Plus/Source/FreeRTOS-Plus-TCP/source/FreeRTOS_TCP_Transmission.o
                0x00000000000065f8                prvTCPSendSpecialPacketHelper
 .text.prvTCPSendChallengeAck
                0x0000000000006616        0x6 build//home/kj/FreeRTOS/FreeRTOS-Plus/Source/FreeRTOS-Plus-TCP/source/FreeRTOS_TCP_Transmission.o
                0x0000000000006616                prvTCPSendChallengeAck
 .text.prvTCPSendReset
                0x000000000000661c        0x6 build//home/kj/FreeRTOS/FreeRTOS-Plus/Source/FreeRTOS-Plus-TCP/source/FreeRTOS_TCP_Transmission.o
                0x000000000000661c                prvTCPSendReset
 *fill*         0x0000000000006622        0x2 
 .text.prvTCPReturnPacket_IPV4
                0x0000000000006624      0x16c build//home/kj/FreeRTOS/FreeRTOS-Plus/Source/FreeRTOS-Plus-TCP/source/FreeRTOS_TCP_Transmission_IPv4.o
                0x0000000000006624                prvTCPReturnPacket_IPV4
 .text.prvTCPPrepareConnect_IPV4
                0x0000000000006790       0xde build//home/kj/FreeRTOS/FreeRTOS-Plus/Source/FreeRTOS-Plus-TCP/source/FreeRTOS_TCP_Transmission_IPv4.o
                0x0000000000006790                prvTCPPrepareConnect_IPV4
 .text.prvTCPSendSpecialPktHelper_IPV4
                0x000000000000686e       0x34 build//home/kj/FreeRTOS/FreeRTOS-Plus/Source/FreeRTOS-Plus-TCP/source/FreeRTOS_TCP_Transmission_IPv4.o
                0x000000000000686e                prvTCPSendSpecialPktHelper_IPV4
 .text.prvSocketSetMSS
                0x00000000000068a2        0xc build//home/kj/FreeRTOS/FreeRTOS-Plus/Source/FreeRTOS-Plus-TCP/source/FreeRTOS_TCP_Utils.o
                0x00000000000068a2                prvSocketSetMSS
 .text.prvSocketSetMSS_IPV4
                0x00000000000068ae       0x2e build//home/kj/FreeRTOS/FreeRTOS-Plus/Source/FreeRTOS-Plus-TCP/source/FreeRTOS_TCP_Utils_IPv4.o
                0x00000000000068ae                prvSocketSetMSS_IPV4
 .text.vListInsertFifo
                0x00000000000068dc       0x18 build//home/kj/FreeRTOS/FreeRTOS-Plus/Source/FreeRTOS-Plus-TCP/source/FreeRTOS_TCP_WIN.o
 .text.xTCPWindowRxFind
                0x00000000000068f4       0x1e build//home/kj/FreeRTOS/FreeRTOS-Plus/Source/FreeRTOS-Plus-TCP/source/FreeRTOS_TCP_WIN.o
 *fill*         0x0000000000006912        0x2 
 .text.vTCPWindowFree
                0x0000000000006914       0x34 build//home/kj/FreeRTOS/FreeRTOS-Plus/Source/FreeRTOS-Plus-TCP/source/FreeRTOS_TCP_WIN.o
 .text.prvTCPWindowTxHasSpace
                0x0000000000006948       0x3e build//home/kj/FreeRTOS/FreeRTOS-Plus/Source/FreeRTOS-Plus-TCP/source/FreeRTOS_TCP_WIN.o
 .text.prvTCPWindowTxCheckAck
                0x0000000000006986       0xf8 build//home/kj/FreeRTOS/FreeRTOS-Plus/Source/FreeRTOS-Plus-TCP/source/FreeRTOS_TCP_WIN.o
 .text.xSequenceLessThan
                0x0000000000006a7e        0x6 build//home/kj/FreeRTOS/FreeRTOS-Plus/Source/FreeRTOS-Plus-TCP/source/FreeRTOS_TCP_WIN.o
                0x0000000000006a7e                xSequenceLessThan
 .text.xSequenceGreaterThan
                0x0000000000006a84        0x6 build//home/kj/FreeRTOS/FreeRTOS-Plus/Source/FreeRTOS-Plus-TCP/source/FreeRTOS_TCP_WIN.o
                0x0000000000006a84                xSequenceGreaterThan
 .text.xTCPWindowRxEmpty
                0x0000000000006a8a       0x18 build//home/kj/FreeRTOS/FreeRTOS-Plus/Source/FreeRTOS-Plus-TCP/source/FreeRTOS_TCP_WIN.o
                0x0000000000006a8a                xTCPWindowRxEmpty
 .text.vTCPWindowDestroy
                0x0000000000006aa2       0x3a build//home/kj/FreeRTOS/FreeRTOS-Plus/Source/FreeRTOS-Plus-TCP/source/FreeRTOS_TCP_WIN.o
                0x0000000000006aa2                vTCPWindowDestroy
 .text.vTCPWindowInit
                0x0000000000006adc       0x42 build//home/kj/FreeRTOS/FreeRTOS-Plus/Source/FreeRTOS-Plus-TCP/source/FreeRTOS_TCP_WIN.o
                0x0000000000006adc                vTCPWindowInit
 *fill*         0x0000000000006b1e        0x2 
 .text.xTCPWindowCreate
                0x0000000000006b20       0x9c build//home/kj/FreeRTOS/FreeRTOS-Plus/Source/FreeRTOS-Plus-TCP/source/FreeRTOS_TCP_WIN.o
                0x0000000000006b20                xTCPWindowCreate
 .text.lTCPWindowRxCheck
                0x0000000000006bbc      0x140 build//home/kj/FreeRTOS/FreeRTOS-Plus/Source/FreeRTOS-Plus-TCP/source/FreeRTOS_TCP_WIN.o
                0x0000000000006bbc                lTCPWindowRxCheck
 .text.lTCPWindowTxAdd
                0x0000000000006cfc       0xf4 build//home/kj/FreeRTOS/FreeRTOS-Plus/Source/FreeRTOS-Plus-TCP/source/FreeRTOS_TCP_WIN.o
                0x0000000000006cfc                lTCPWindowTxAdd
 .text.xTCPWindowTxDone
                0x0000000000006df0        0xc build//home/kj/FreeRTOS/FreeRTOS-Plus/Source/FreeRTOS-Plus-TCP/source/FreeRTOS_TCP_WIN.o
                0x0000000000006df0                xTCPWindowTxDone
 .text.xTCPWindowTxHasData
                0x0000000000006dfc       0x60 build//home/kj/FreeRTOS/FreeRTOS-Plus/Source/FreeRTOS-Plus-TCP/source/FreeRTOS_TCP_WIN.o
                0x0000000000006dfc                xTCPWindowTxHasData
 .text.ulTCPWindowTxGet
                0x0000000000006e5c       0xf4 build//home/kj/FreeRTOS/FreeRTOS-Plus/Source/FreeRTOS-Plus-TCP/source/FreeRTOS_TCP_WIN.o
                0x0000000000006e5c                ulTCPWindowTxGet
 .text.ulTCPWindowTxAck
                0x0000000000006f50       0x12 build//home/kj/FreeRTOS/FreeRTOS-Plus/Source/FreeRTOS-Plus-TCP/source/FreeRTOS_TCP_WIN.o
                0x0000000000006f50                ulTCPWindowTxAck
 .text.ulTCPWindowTxSack
                0x0000000000006f62       0x56 build//home/kj/FreeRTOS/FreeRTOS-Plus/Source/FreeRTOS-Plus-TCP/source/FreeRTOS_TCP_WIN.o
                0x0000000000006f62                ulTCPWindowTxSack
 .text.vProcessGeneratedUDPPacket
                0x0000000000006fb8       0x10 build//home/kj/FreeRTOS/FreeRTOS-Plus/Source/FreeRTOS-Plus-TCP/source/FreeRTOS_UDP_IP.o
                0x0000000000006fb8                vProcessGeneratedUDPPacket
 .text.xProcessReceivedUDPPacket
                0x0000000000006fc8       0x30 build//home/kj/FreeRTOS/FreeRTOS-Plus/Source/FreeRTOS-Plus-TCP/source/FreeRTOS_UDP_IP.o
                0x0000000000006fc8                xProcessReceivedUDPPacket
 .text.vProcessGeneratedUDPPacket_IPv4
                0x0000000000006ff8      0x118 build//home/kj/FreeRTOS/FreeRTOS-Plus/Source/FreeRTOS-Plus-TCP/source/FreeRTOS_UDP_IPv4.o
                0x0000000000006ff8                vProcessGeneratedUDPPacket_IPv4
 .text.xProcessReceivedUDPPacket_IPv4
                0x0000000000007110       0xd2 build//home/kj/FreeRTOS/FreeRTOS-Plus/Source/FreeRTOS-Plus-TCP/source/FreeRTOS_UDP_IPv4.o
                0x0000000000007110                xProcessReceivedUDPPacket_IPv4
 *fill*         0x00000000000071e2        0x2 
 .text.xNetworkBuffersInitialise
                0x00000000000071e4       0x70 build//home/kj/FreeRTOS/FreeRTOS-Plus/Source/FreeRTOS-Plus-TCP/source/portable/BufferManagement/BufferAllocation_2.o
                0x00000000000071e4                xNetworkBuffersInitialise
 .text.pucGetNetworkBuffer
                0x0000000000007254       0x44 build//home/kj/FreeRTOS/FreeRTOS-Plus/Source/FreeRTOS-Plus-TCP/source/portable/BufferManagement/BufferAllocation_2.o
                0x0000000000007254                pucGetNetworkBuffer
 .text.vReleaseNetworkBuffer
                0x0000000000007298        0xa build//home/kj/FreeRTOS/FreeRTOS-Plus/Source/FreeRTOS-Plus-TCP/source/portable/BufferManagement/BufferAllocation_2.o
                0x0000000000007298                vReleaseNetworkBuffer
 *fill*         0x00000000000072a2        0x2 
 .text.vReleaseNetworkBufferAndDescriptor
                0x00000000000072a4       0x48 build//home/kj/FreeRTOS/FreeRTOS-Plus/Source/FreeRTOS-Plus-TCP/source/portable/BufferManagement/BufferAllocation_2.o
                0x00000000000072a4                vReleaseNetworkBufferAndDescriptor
 .text.pxGetNetworkBufferWithDescriptor
                0x00000000000072ec       0xac build//home/kj/FreeRTOS/FreeRTOS-Plus/Source/FreeRTOS-Plus-TCP/source/portable/BufferManagement/BufferAllocation_2.o
                0x00000000000072ec                pxGetNetworkBufferWithDescriptor
 .text.uxGetNumberOfFreeNetworkBuffers
                0x0000000000007398        0xc build//home/kj/FreeRTOS/FreeRTOS-Plus/Source/FreeRTOS-Plus-TCP/source/portable/BufferManagement/BufferAllocation_2.o
                0x0000000000007398                uxGetNumberOfFreeNetworkBuffers
 .text.uxGetMinimumFreeNetworkBuffers
                0x00000000000073a4        0xc build//home/kj/FreeRTOS/FreeRTOS-Plus/Source/FreeRTOS-Plus-TCP/source/portable/BufferManagement/BufferAllocation_2.o
                0x00000000000073a4                uxGetMinimumFreeNetworkBuffers
 .text.pxResizeNetworkBufferWithDescriptor
                0x00000000000073b0       0x46 build//home/kj/FreeRTOS/FreeRTOS-Plus/Source/FreeRTOS-Plus-TCP/source/portable/BufferManagement/BufferAllocation_2.o
                0x00000000000073b0                pxResizeNetworkBufferWithDescriptor
 *fill*         0x00000000000073f6        0x2 
 .text.xMPS2_GetPhyLinkStatus
                0x00000000000073f8       0x1c build//home/kj/FreeRTOS/FreeRTOS-Plus/Source/FreeRTOS-Plus-TCP/source/portable/NetworkInterface/MPS2_AN385/NetworkInterface.o
 .text.xMPS2_NetworkInterfaceOutput
                0x0000000000007414       0x48 build//home/kj/FreeRTOS/FreeRTOS-Plus/Source/FreeRTOS-Plus-TCP/source/portable/NetworkInterface/MPS2_AN385/NetworkInterface.o
 .text.prvWait_ms
                0x000000000000745c       0x1c build//home/kj/FreeRTOS/FreeRTOS-Plus/Source/FreeRTOS-Plus-TCP/source/portable/NetworkInterface/MPS2_AN385/NetworkInterface.o
 .text.prvRxTask
                0x0000000000007478       0xa8 build//home/kj/FreeRTOS/FreeRTOS-Plus/Source/FreeRTOS-Plus-TCP/source/portable/NetworkInterface/MPS2_AN385/NetworkInterface.o
 .text.xMPS2_NetworkInterfaceInitialise
                0x0000000000007520      0x170 build//home/kj/FreeRTOS/FreeRTOS-Plus/Source/FreeRTOS-Plus-TCP/source/portable/NetworkInterface/MPS2_AN385/NetworkInterface.o
 .text.EthernetISR
                0x0000000000007690       0x60 build//home/kj/FreeRTOS/FreeRTOS-Plus/Source/FreeRTOS-Plus-TCP/source/portable/NetworkInterface/MPS2_AN385/NetworkInterface.o
                0x0000000000007690                EthernetISR
 .text.pxMPS2_FillInterfaceDescriptor
                0x00000000000076f0       0x54 build//home/kj/FreeRTOS/FreeRTOS-Plus/Source/FreeRTOS-Plus-TCP/source/portable/NetworkInterface/MPS2_AN385/NetworkInterface.o
                0x00000000000076f0                pxMPS2_FillInterfaceDescriptor
 .text.smsc9220_mac_regread
                0x0000000000007744       0x50 build//home/kj/FreeRTOS/FreeRTOS-Plus/Source/FreeRTOS-Plus-TCP/source/portable/NetworkInterface/MPS2_AN385/ether_lan9118/smsc9220_eth_drv.o
                0x0000000000007744                smsc9220_mac_regread
 .text.smsc9220_mac_regwrite
                0x0000000000007794       0x54 build//home/kj/FreeRTOS/FreeRTOS-Plus/Source/FreeRTOS-Plus-TCP/source/portable/NetworkInterface/MPS2_AN385/ether_lan9118/smsc9220_eth_drv.o
                0x0000000000007794                smsc9220_mac_regwrite
 .text.smsc9220_phy_regread
                0x00000000000077e8       0x72 build//home/kj/FreeRTOS/FreeRTOS-Plus/Source/FreeRTOS-Plus-TCP/source/portable/NetworkInterface/MPS2_AN385/ether_lan9118/smsc9220_eth_drv.o
                0x00000000000077e8                smsc9220_phy_regread
 .text.smsc9220_phy_regwrite
                0x000000000000785a       0x78 build//home/kj/FreeRTOS/FreeRTOS-Plus/Source/FreeRTOS-Plus-TCP/source/portable/NetworkInterface/MPS2_AN385/ether_lan9118/smsc9220_eth_drv.o
                0x000000000000785a                smsc9220_phy_regwrite
 .text.smsc9220_soft_reset
                0x00000000000078d2       0x2e build//home/kj/FreeRTOS/FreeRTOS-Plus/Source/FreeRTOS-Plus-TCP/source/portable/NetworkInterface/MPS2_AN385/ether_lan9118/smsc9220_eth_drv.o
                0x00000000000078d2                smsc9220_soft_reset
 .text.smsc9220_set_fifo_level_irq
                0x0000000000007900       0x26 build//home/kj/FreeRTOS/FreeRTOS-Plus/Source/FreeRTOS-Plus-TCP/source/portable/NetworkInterface/MPS2_AN385/ether_lan9118/smsc9220_eth_drv.o
                0x0000000000007900                smsc9220_set_fifo_level_irq
 .text.smsc9220_wait_eeprom
                0x0000000000007926       0x28 build//home/kj/FreeRTOS/FreeRTOS-Plus/Source/FreeRTOS-Plus-TCP/source/portable/NetworkInterface/MPS2_AN385/ether_lan9118/smsc9220_eth_drv.o
                0x0000000000007926                smsc9220_wait_eeprom
 .text.smsc9220_check_phy
                0x000000000000794e       0x40 build//home/kj/FreeRTOS/FreeRTOS-Plus/Source/FreeRTOS-Plus-TCP/source/portable/NetworkInterface/MPS2_AN385/ether_lan9118/smsc9220_eth_drv.o
                0x000000000000794e                smsc9220_check_phy
 .text.smsc9220_reset_phy
                0x000000000000798e       0x28 build//home/kj/FreeRTOS/FreeRTOS-Plus/Source/FreeRTOS-Plus-TCP/source/portable/NetworkInterface/MPS2_AN385/ether_lan9118/smsc9220_eth_drv.o
                0x000000000000798e                smsc9220_reset_phy
 .text.smsc9220_advertise_cap
                0x00000000000079b6       0x24 build//home/kj/FreeRTOS/FreeRTOS-Plus/Source/FreeRTOS-Plus-TCP/source/portable/NetworkInterface/MPS2_AN385/ether_lan9118/smsc9220_eth_drv.o
                0x00000000000079b6                smsc9220_advertise_cap
 .text.smsc9220_enable_xmit
                0x00000000000079da        0xe build//home/kj/FreeRTOS/FreeRTOS-Plus/Source/FreeRTOS-Plus-TCP/source/portable/NetworkInterface/MPS2_AN385/ether_lan9118/smsc9220_eth_drv.o
                0x00000000000079da                smsc9220_enable_xmit
 .text.smsc9220_enable_mac_xmit
                0x00000000000079e8       0x24 build//home/kj/FreeRTOS/FreeRTOS-Plus/Source/FreeRTOS-Plus-TCP/source/portable/NetworkInterface/MPS2_AN385/ether_lan9118/smsc9220_eth_drv.o
                0x00000000000079e8                smsc9220_enable_mac_xmit
 .text.smsc9220_enable_mac_recv
                0x0000000000007a0c       0x24 build//home/kj/FreeRTOS/FreeRTOS-Plus/Source/FreeRTOS-Plus-TCP/source/portable/NetworkInterface/MPS2_AN385/ether_lan9118/smsc9220_eth_drv.o
                0x0000000000007a0c                smsc9220_enable_mac_recv
 .text.smsc9220_check_id
                0x0000000000007a30       0x12 build//home/kj/FreeRTOS/FreeRTOS-Plus/Source/FreeRTOS-Plus-TCP/source/portable/NetworkInterface/MPS2_AN385/ether_lan9118/smsc9220_eth_drv.o
                0x0000000000007a30                smsc9220_check_id
 .text.smsc9220_enable_interrupt
                0x0000000000007a42       0x10 build//home/kj/FreeRTOS/FreeRTOS-Plus/Source/FreeRTOS-Plus-TCP/source/portable/NetworkInterface/MPS2_AN385/ether_lan9118/smsc9220_eth_drv.o
                0x0000000000007a42                smsc9220_enable_interrupt
 .text.smsc9220_disable_interrupt
                0x0000000000007a52       0x12 build//home/kj/FreeRTOS/FreeRTOS-Plus/Source/FreeRTOS-Plus-TCP/source/portable/NetworkInterface/MPS2_AN385/ether_lan9118/smsc9220_eth_drv.o
                0x0000000000007a52                smsc9220_disable_interrupt
 .text.smsc9220_disable_all_interrupts
                0x0000000000007a64        0xa build//home/kj/FreeRTOS/FreeRTOS-Plus/Source/FreeRTOS-Plus-TCP/source/portable/NetworkInterface/MPS2_AN385/ether_lan9118/smsc9220_eth_drv.o
                0x0000000000007a64                smsc9220_disable_all_interrupts
 .text.smsc9220_clear_interrupt
                0x0000000000007a6e       0x10 build//home/kj/FreeRTOS/FreeRTOS-Plus/Source/FreeRTOS-Plus-TCP/source/portable/NetworkInterface/MPS2_AN385/ether_lan9118/smsc9220_eth_drv.o
                0x0000000000007a6e                smsc9220_clear_interrupt
 .text.get_irq_status
                0x0000000000007a7e        0x8 build//home/kj/FreeRTOS/FreeRTOS-Plus/Source/FreeRTOS-Plus-TCP/source/portable/NetworkInterface/MPS2_AN385/ether_lan9118/smsc9220_eth_drv.o
                0x0000000000007a7e                get_irq_status
 .text.smsc9220_clear_all_interrupts
                0x0000000000007a86        0xc build//home/kj/FreeRTOS/FreeRTOS-Plus/Source/FreeRTOS-Plus-TCP/source/portable/NetworkInterface/MPS2_AN385/ether_lan9118/smsc9220_eth_drv.o
                0x0000000000007a86                smsc9220_clear_all_interrupts
 .text.smsc9220_init_irqs
                0x0000000000007a92       0x30 build//home/kj/FreeRTOS/FreeRTOS-Plus/Source/FreeRTOS-Plus-TCP/source/portable/NetworkInterface/MPS2_AN385/ether_lan9118/smsc9220_eth_drv.o
                0x0000000000007a92                smsc9220_init_irqs
 .text.smsc9220_establish_link
                0x0000000000007ac2       0x30 build//home/kj/FreeRTOS/FreeRTOS-Plus/Source/FreeRTOS-Plus-TCP/source/portable/NetworkInterface/MPS2_AN385/ether_lan9118/smsc9220_eth_drv.o
                0x0000000000007ac2                smsc9220_establish_link
 .text.smsc9220_init
                0x0000000000007af2      0x124 build//home/kj/FreeRTOS/FreeRTOS-Plus/Source/FreeRTOS-Plus-TCP/source/portable/NetworkInterface/MPS2_AN385/ether_lan9118/smsc9220_eth_drv.o
                0x0000000000007af2                smsc9220_init
 .text.smsc9220_send_by_chunks
                0x0000000000007c16       0xe8 build//home/kj/FreeRTOS/FreeRTOS-Plus/Source/FreeRTOS-Plus-TCP/source/portable/NetworkInterface/MPS2_AN385/ether_lan9118/smsc9220_eth_drv.o
                0x0000000000007c16                smsc9220_send_by_chunks
 .text.smsc9220_get_rxfifo_data_used_space
                0x0000000000007cfe        0xa build//home/kj/FreeRTOS/FreeRTOS-Plus/Source/FreeRTOS-Plus-TCP/source/portable/NetworkInterface/MPS2_AN385/ether_lan9118/smsc9220_eth_drv.o
                0x0000000000007cfe                smsc9220_get_rxfifo_data_used_space
 .text.smsc9220_receive_by_chunks
                0x0000000000007d08       0x56 build//home/kj/FreeRTOS/FreeRTOS-Plus/Source/FreeRTOS-Plus-TCP/source/portable/NetworkInterface/MPS2_AN385/ether_lan9118/smsc9220_eth_drv.o
                0x0000000000007d08                smsc9220_receive_by_chunks
 .text.smsc9220_peek_next_packet_size
                0x0000000000007d5e       0x2c build//home/kj/FreeRTOS/FreeRTOS-Plus/Source/FreeRTOS-Plus-TCP/source/portable/NetworkInterface/MPS2_AN385/ether_lan9118/smsc9220_eth_drv.o
                0x0000000000007d5e                smsc9220_peek_next_packet_size
 *fill*         0x0000000000007d8a        0x2 
 .text          0x0000000000007d8c       0x30 /usr/lib/gcc/arm-none-eabi/10.3.1/thumb/v7-m/nofp/libgcc.a(_aeabi_uldivmod.o)
                0x0000000000007d8c                __aeabi_uldivmod
 .text          0x0000000000007dbc      0x2d4 /usr/lib/gcc/arm-none-eabi/10.3.1/thumb/v7-m/nofp/libgcc.a(_udivmoddi4.o)
                0x0000000000007dbc                __udivmoddi4
 .text          0x0000000000008090        0x4 /usr/lib/gcc/arm-none-eabi/10.3.1/thumb/v7-m/nofp/libgcc.a(_dvmd_tls.o)
                0x0000000000008090                __aeabi_ldiv0
                0x0000000000008090                __aeabi_idiv0
 .text          0x0000000000008094       0x20 /usr/lib/gcc/arm-none-eabi/10.3.1/../../../arm-none-eabi/lib/thumb/v7-m/nofp/libc_nano.a(lib_a-malloc.o)
                0x0000000000008094                malloc
                0x00000000000080a4                free
 .text          0x00000000000080b4       0x68 /usr/lib/gcc/arm-none-eabi/10.3.1/../../../arm-none-eabi/lib/thumb/v7-m/nofp/libc_nano.a(lib_a-memcmp.o)
                0x00000000000080b4                memcmp
 .text          0x000000000000811c       0xec /usr/lib/gcc/arm-none-eabi/10.3.1/../../../arm-none-eabi/lib/thumb/v7-m/nofp/libc_nano.a(lib_a-memcpy.o)
                0x000000000000811c                memcpy
 .text          0x0000000000008208       0xf8 /usr/lib/gcc/arm-none-eabi/10.3.1/../../../arm-none-eabi/lib/thumb/v7-m/nofp/libc_nano.a(lib_a-memmove.o)
                0x0000000000008208                memmove
 .text          0x0000000000008300       0xa4 /usr/lib/gcc/arm-none-eabi/10.3.1/../../../arm-none-eabi/lib/thumb/v7-m/nofp/libc_nano.a(lib_a-memset.o)
                0x0000000000008300                memset
 .text          0x00000000000083a4       0xcc /usr/lib/gcc/arm-none-eabi/10.3.1/../../../arm-none-eabi/lib/thumb/v7-m/nofp/libc_nano.a(lib_a-nano-freer.o)
                0x00000000000083a4                _free_r
 .text          0x0000000000008470       0xb8 /usr/lib/gcc/arm-none-eabi/10.3.1/../../../arm-none-eabi/lib/thumb/v7-m/nofp/libc_nano.a(lib_a-nano-mallocr.o)
                0x0000000000008470                _malloc_r
 .text          0x0000000000008528       0x60 /usr/lib/gcc/arm-none-eabi/10.3.1/../../../arm-none-eabi/lib/thumb/v7-m/nofp/libc_nano.a(lib_a-printf.o)
                0x0000000000008528                _printf_r
                0x0000000000008528                _iprintf_r
                0x0000000000008554                printf
                0x0000000000008554                iprintf
 .text          0x0000000000008588       0x24 /usr/lib/gcc/arm-none-eabi/10.3.1/../../../arm-none-eabi/lib/thumb/v7-m/nofp/libc_nano.a(lib_a-sbrkr.o)
                0x0000000000008588                _sbrk_r
 .text          0x00000000000085ac      0x100 /usr/lib/gcc/arm-none-eabi/10.3.1/../../../arm-none-eabi/lib/thumb/v7-m/nofp/libc_nano.a(lib_a-snprintf.o)
                0x00000000000085ac                _sniprintf_r
                0x00000000000085ac                _snprintf_r
                0x0000000000008628                snprintf
                0x0000000000008628                sniprintf
 .text          0x00000000000086ac      0x1bc /usr/lib/gcc/arm-none-eabi/10.3.1/../../../arm-none-eabi/lib/thumb/v7-m/nofp/libc_nano.a(lib_a-strcmp.o)
                0x00000000000086ac                strcmp
 .text          0x0000000000008868       0x5c /usr/lib/gcc/arm-none-eabi/10.3.1/../../../arm-none-eabi/lib/thumb/v7-m/nofp/libc_nano.a(lib_a-strlen-stub.o)
                0x0000000000008868                strlen
 .text          0x00000000000088c4       0x68 /usr/lib/gcc/arm-none-eabi/10.3.1/../../../arm-none-eabi/lib/thumb/v7-m/nofp/libc_nano.a(lib_a-strncpy.o)
                0x00000000000088c4                strncpy
 .text          0x000000000000892c       0x34 /usr/lib/gcc/arm-none-eabi/10.3.1/../../../arm-none-eabi/lib/thumb/v7-m/nofp/libc_nano.a(lib_a-time.o)
                0x000000000000892c                time
 .text          0x0000000000008960       0x50 /usr/lib/gcc/arm-none-eabi/10.3.1/../../../arm-none-eabi/lib/thumb/v7-m/nofp/libc_nano.a(lib_a-vprintf.o)
                0x0000000000008960                vprintf
                0x0000000000008960                viprintf
                0x000000000000898c                _viprintf_r
                0x000000000000898c                _vprintf_r
 .text          0x00000000000089b0       0xc4 /usr/lib/gcc/arm-none-eabi/10.3.1/../../../arm-none-eabi/lib/thumb/v7-m/nofp/libc_nano.a(lib_a-wbuf.o)
                0x00000000000089b0                __swbuf_r
                0x0000000000008a60                __swbuf
 .text          0x0000000000008a74      0x104 /usr/lib/gcc/arm-none-eabi/10.3.1/../../../arm-none-eabi/lib/thumb/v7-m/nofp/libc_nano.a(lib_a-wsetup.o)
                0x0000000000008a74                __swsetup_r
 .text          0x0000000000008b78      0x1dc /usr/lib/gcc/arm-none-eabi/10.3.1/../../../arm-none-eabi/lib/thumb/v7-m/nofp/libc_nano.a(lib_a-fflush.o)
                0x0000000000008b78                __sflush_r
                0x0000000000008c80                _fflush_r
                0x0000000000008cd4                fflush
 .text          0x0000000000008d54      0x230 /usr/lib/gcc/arm-none-eabi/10.3.1/../../../arm-none-eabi/lib/thumb/v7-m/nofp/libc_nano.a(lib_a-findfp.o)
                0x0000000000008d58                _cleanup_r
                0x0000000000008d68                __sfmoreglue
                0x0000000000008d98                __sfp
                0x0000000000008f30                _cleanup
                0x0000000000008f44                __sinit
                0x0000000000008f4c                __sfp_lock_acquire
                0x0000000000008f50                __sfp_lock_release
                0x0000000000008f54                __sinit_lock_acquire
                0x0000000000008f58                __sinit_lock_release
                0x0000000000008f5c                __fp_lock_all
                0x0000000000008f70                __fp_unlock_all
 .text          0x0000000000008f84       0x88 /usr/lib/gcc/arm-none-eabi/10.3.1/../../../arm-none-eabi/lib/thumb/v7-m/nofp/libc_nano.a(lib_a-fwalk.o)
                0x0000000000008f84                _fwalk
                0x0000000000008fc4                _fwalk_reent
 .text          0x000000000000900c       0x28 /usr/lib/gcc/arm-none-eabi/10.3.1/../../../arm-none-eabi/lib/thumb/v7-m/nofp/libc_nano.a(lib_a-gettimeofdayr.o)
                0x000000000000900c                _gettimeofday_r
 .text          0x0000000000009034      0x11c /usr/lib/gcc/arm-none-eabi/10.3.1/../../../arm-none-eabi/lib/thumb/v7-m/nofp/libc_nano.a(lib_a-makebuf.o)
                0x0000000000009034                __smakebuf_r
                0x00000000000090f4                __swhatbuf_r
 .text          0x0000000000009150        0x8 /usr/lib/gcc/arm-none-eabi/10.3.1/../../../arm-none-eabi/lib/thumb/v7-m/nofp/libc_nano.a(lib_a-mlock.o)
                0x0000000000009150                __malloc_lock
                0x0000000000009154                __malloc_unlock
 .text          0x0000000000009158      0x3f4 /usr/lib/gcc/arm-none-eabi/10.3.1/../../../arm-none-eabi/lib/thumb/v7-m/nofp/libc_nano.a(lib_a-nano-svfprintf.o)
                0x0000000000009158                __ssputs_r
                0x000000000000921c                __ssprint_r
                0x0000000000009318                _svfprintf_r
                0x0000000000009318                _svfiprintf_r
 .text          0x000000000000954c      0x320 /usr/lib/gcc/arm-none-eabi/10.3.1/../../../arm-none-eabi/lib/thumb/v7-m/nofp/libc_nano.a(lib_a-nano-vfprintf.o)
                0x0000000000009574                __sfputs_r
                0x00000000000095a4                __sprint_r
                0x00000000000095c0                _vfiprintf_r
                0x00000000000095c0                _vfprintf_r
                0x0000000000009850                vfiprintf
                0x0000000000009850                vfprintf
 .text          0x000000000000986c      0x3d8 /usr/lib/gcc/arm-none-eabi/10.3.1/../../../arm-none-eabi/lib/thumb/v7-m/nofp/libc_nano.a(lib_a-nano-vfprintf_i.o)
                0x000000000000986c                _printf_common
                0x0000000000009998                _printf_i
 .text          0x0000000000009c44       0x90 /usr/lib/gcc/arm-none-eabi/10.3.1/../../../arm-none-eabi/lib/thumb/v7-m/nofp/libc_nano.a(lib_a-stdio.o)
                0x0000000000009c44                __sread
                0x0000000000009c68                __seofread
                0x0000000000009c6c                __swrite
                0x0000000000009cac                __sseek
                0x0000000000009ccc                __sclose
 .text          0x0000000000009cd4       0x2c /usr/lib/gcc/arm-none-eabi/10.3.1/../../../arm-none-eabi/lib/thumb/v7-m/nofp/libc_nano.a(lib_a-writer.o)
                0x0000000000009cd4                _write_r
 .text          0x0000000000009d00       0x24 /usr/lib/gcc/arm-none-eabi/10.3.1/../../../arm-none-eabi/lib/thumb/v7-m/nofp/libc_nano.a(lib_a-closer.o)
                0x0000000000009d00                _close_r
 .text          0x0000000000009d24       0x28 /usr/lib/gcc/arm-none-eabi/10.3.1/../../../arm-none-eabi/lib/thumb/v7-m/nofp/libc_nano.a(lib_a-fstatr.o)
                0x0000000000009d24                _fstat_r
 .text          0x0000000000009d4c      0x2f0 /usr/lib/gcc/arm-none-eabi/10.3.1/../../../arm-none-eabi/lib/thumb/v7-m/nofp/libc_nano.a(lib_a-fvwrite.o)
                0x0000000000009d4c                __sfvwrite_r
 .text          0x000000000000a03c       0x24 /usr/lib/gcc/arm-none-eabi/10.3.1/../../../arm-none-eabi/lib/thumb/v7-m/nofp/libc_nano.a(lib_a-isattyr.o)
                0x000000000000a03c                _isatty_r
 .text          0x000000000000a060       0x2c /usr/lib/gcc/arm-none-eabi/10.3.1/../../../arm-none-eabi/lib/thumb/v7-m/nofp/libc_nano.a(lib_a-lseekr.o)
                0x000000000000a060                _lseek_r
 .text          0x000000000000a08c       0x90 /usr/lib/gcc/arm-none-eabi/10.3.1/../../../arm-none-eabi/lib/thumb/v7-m/nofp/libc_nano.a(lib_a-memchr-stub.o)
                0x000000000000a08c                memchr
 .text          0x000000000000a11c       0x50 /usr/lib/gcc/arm-none-eabi/10.3.1/../../../arm-none-eabi/lib/thumb/v7-m/nofp/libc_nano.a(lib_a-nano-reallocr.o)
                0x000000000000a11c                _realloc_r
 .text          0x000000000000a16c       0x2c /usr/lib/gcc/arm-none-eabi/10.3.1/../../../arm-none-eabi/lib/thumb/v7-m/nofp/libc_nano.a(lib_a-readr.o)
                0x000000000000a16c                _read_r
 .text          0x000000000000a198       0x14 /usr/lib/gcc/arm-none-eabi/10.3.1/../../../arm-none-eabi/lib/thumb/v7-m/nofp/libc_nano.a(lib_a-nano-msizer.o)
                0x000000000000a198                _malloc_usable_size_r
 .text          0x000000000000a1ac      0xa10 /usr/lib/gcc/arm-none-eabi/10.3.1/../../../arm-none-eabi/lib/thumb/v7-m/nofp/librdimon_nano.a(rdimon-syscalls.o)
                0x000000000000a1ac                _swiread
                0x000000000000a278                _swilseek
                0x000000000000a35c                _lseek
                0x000000000000a360                _swiwrite
                0x000000000000a458                _swiclose
                0x000000000000a490                _close
                0x000000000000a528                _getpid
                0x000000000000a580                _swistat
                0x000000000000a61c                _stat
                0x000000000000a658                _swiopen
                0x000000000000a724                _open
                0x000000000000a738                _get_semihosting_exts
                0x000000000000a848                _has_ext_exit_extended
                0x000000000000a888                _has_ext_stdout_stderr
                0x000000000000a8c8                initialise_monitor_handles
                0x000000000000a9f4                _link
                0x000000000000aa08                _unlink
                0x000000000000aa48                _gettimeofday
                0x000000000000aa70                _clock
                0x000000000000aa84                _times
                0x000000000000aaa4                _isatty
                0x000000000000ab0c                _system
                0x000000000000ab68                _rename
 .text          0x000000000000abbc        0xc /usr/lib/gcc/arm-none-eabi/10.3.1/../../../arm-none-eabi/lib/thumb/v7-m/nofp/libc_nano.a(lib_a-errno.o)
                0x000000000000abbc                __errno
 *(.init)
 *(.fini)
 *(.eh_frame)
 *(.rodata*)
 .rodata.vApplicationIPNetworkEventHook_Multi.str1.1
                0x000000000000abc8       0x38 build/main_networking.o
 .rodata.__FUNCTION__.0
                0x000000000000ac00       0x25 build/main_networking.o
 .rodata.ucDNSServerAddress
                0x000000000000ac25        0x4 build/main_networking.o
 .rodata.ucGatewayAddress
                0x000000000000ac29        0x4 build/main_networking.o
 .rodata.ucIPAddress
                0x000000000000ac2d        0x4 build/main_networking.o
 .rodata.ucMACAddress
                0x000000000000ac31        0x6 build/main_networking.o
                0x000000000000ac31                ucMACAddress
 .rodata.ucNetMask
                0x000000000000ac37        0x4 build/main_networking.o
 .rodata.prvTCPHeartbeatTask.str1.1
                0x000000000000ac3b       0x78 build/tcp_heartbeat_demo.o
                                         0x84 (size before relaxing)
 .rodata.vStartTCPHeartbeatDemo.str1.1
                0x000000000000acb3        0x7 build/tcp_heartbeat_demo.o
 .rodata.__FUNCTION__.0
                0x000000000000acba       0x14 build/tcp_heartbeat_demo.o
 .rodata.vTaskStartScheduler.str1.1
                0x000000000000acce        0x5 build//home/kj/FreeRTOS/FreeRTOS/Source/tasks.o
 .rodata        0x000000000000acd3       0x2c build//home/kj/FreeRTOS/FreeRTOS-Plus/Source/FreeRTOS-Plus-TCP/source/FreeRTOS_ARP.o
 .rodata.parseDNSAnswer.str1.1
                0x000000000000acff       0x5f build//home/kj/FreeRTOS/FreeRTOS-Plus/Source/FreeRTOS-Plus-TCP/source/FreeRTOS_DNS_Parser.o
                                         0x6c (size before relaxing)
 .rodata.DNS_ParseDNSReply.str1.1
                0x000000000000ad5e       0x34 build//home/kj/FreeRTOS/FreeRTOS-Plus/Source/FreeRTOS-Plus-TCP/source/FreeRTOS_DNS_Parser.o
 .rodata.__FUNCTION__.0
                0x000000000000ad92        0xf build//home/kj/FreeRTOS/FreeRTOS-Plus/Source/FreeRTOS-Plus-TCP/source/FreeRTOS_DNS_Parser.o
 .rodata.__FUNCTION__.1
                0x000000000000ada1       0x12 build//home/kj/FreeRTOS/FreeRTOS-Plus/Source/FreeRTOS-Plus-TCP/source/FreeRTOS_DNS_Parser.o
 .rodata.FreeRTOS_IPInit_Multi.str1.1
                0x000000000000adb3        0x8 build//home/kj/FreeRTOS/FreeRTOS-Plus/Source/FreeRTOS-Plus-TCP/source/FreeRTOS_IP.o
 .rodata.vReturnEthernetFrame.str1.1
                0x000000000000adbb       0x34 build//home/kj/FreeRTOS/FreeRTOS-Plus/Source/FreeRTOS-Plus-TCP/source/FreeRTOS_IP.o
                                         0x40 (size before relaxing)
 .rodata.__FUNCTION__.0
                0x000000000000adef       0x15 build//home/kj/FreeRTOS/FreeRTOS-Plus/Source/FreeRTOS-Plus-TCP/source/FreeRTOS_IP.o
 .rodata.xBroadcastMACAddress
                0x000000000000ae04        0x6 build//home/kj/FreeRTOS/FreeRTOS-Plus/Source/FreeRTOS-Plus-TCP/source/FreeRTOS_IP.o
                0x000000000000ae04                xBroadcastMACAddress
 .rodata.usGenerateProtocolChecksum.str1.1
                0x000000000000ae0a       0x1e build//home/kj/FreeRTOS/FreeRTOS-Plus/Source/FreeRTOS-Plus-TCP/source/FreeRTOS_IP_Utils.o
                                         0x2a (size before relaxing)
 .rodata.__FUNCTION__.1
                0x000000000000ae28       0x1b build//home/kj/FreeRTOS/FreeRTOS-Plus/Source/FreeRTOS-Plus-TCP/source/FreeRTOS_IP_Utils.o
 .rodata.prvAllowIPPacketIPv4.str1.1
                0x000000000000ae43       0x60 build//home/kj/FreeRTOS/FreeRTOS-Plus/Source/FreeRTOS-Plus-TCP/source/FreeRTOS_IPv4.o
                                         0x6c (size before relaxing)
 .rodata.__FUNCTION__.0