Archive member included to satisfy reference by file (symbol)

/usr/lib/gcc/arm-none-eabi/10.3.1/thumb/v7-m/nofp/libgcc.a(_aeabi_ldivmod.o)
                              build//home/kj/FreeRTOS/FreeRTOS-Plus/Source/FreeRTOS-Plus-TCP/source/FreeRTOS_TCP_IP.o (__aeabi_ldivmod)
/usr/lib/gcc/arm-none-eabi/10.3.1/thumb/v7-m/nofp/libgcc.a(_aeabi_uldivmod.o)
                              build//home/kj/FreeRTOS/FreeRTOS-Plus/Source/FreeRTOS-Plus-TCP/source/FreeRTOS_TCP_IP.o (__aeabi_uldivmod)
/usr/lib/gcc/arm-none-eabi/10.3.1/thumb/v7-m/nofp/libgcc.a(_udivmoddi4.o)
                              /usr/lib/gcc/arm-none-eabi/10.3.1/thumb/v7-m/nofp/libgcc.a(_aeabi_ldivmod.o) (__udivmoddi4)
/usr/lib/gcc/arm-none-eabi/10.3.1/thumb/v7-m/nofp/libgcc.a(_dvmd_tls.o)
                              /usr/lib/gcc/arm-none-eabi/10.3.1/thumb/v7-m/nofp/libgcc.a(_aeabi_ldivmod.o) (__aeabi_ldiv0)
/usr/lib/gcc/arm-none-eabi/10.3.1/../../../arm-none-eabi/lib/thumb/v7-m/nofp/libc_nano.a(lib_a-malloc.o)
                              build//home/kj/FreeRTOS/FreeRTOS/Source/portable/MemMang/heap_3.o (malloc)
/usr/lib/gcc/arm-none-eabi/10.3.1/../../../arm-none-eabi/lib/thumb/v7-m/nofp/libc_nano.a(lib_a-memcmp.o)
                              build//home/kj/FreeRTOS/FreeRTOS-Plus/Source/FreeRTOS-Plus-TCP/source/FreeRTOS_ARP.o (memcmp)
/usr/lib/gcc/arm-none-eabi/10.3.1/../../../arm-none-eabi/lib/thumb/v7-m/nofp/libc_nano.a(lib_a-memcpy.o)
                              build//home/kj/FreeRTOS/FreeRTOS/Source/queue.o (memcpy)
/usr/lib/gcc/arm-none-eabi/10.3.1/../../../arm-none-eabi/lib/thumb/v7-m/nofp/libc_nano.a(lib_a-memmove.o)
                              build//home/kj/FreeRTOS/FreeRTOS-Plus/Source/FreeRTOS-Plus-TCP/source/FreeRTOS_IPv4.o (memmove)
/usr/lib/gcc/arm-none-eabi/10.3.1/../../../arm-none-eabi/lib/thumb/v7-m/nofp/libc_nano.a(lib_a-memset.o)
                              build/app/demos/demo_echo_server.o (memset)
/usr/lib/gcc/arm-none-eabi/10.3.1/../../../arm-none-eabi/lib/thumb/v7-m/nofp/libc_nano.a(lib_a-nano-freer.o)
                              /usr/lib/gcc/arm-none-eabi/10.3.1/../../../arm-none-eabi/lib/thumb/v7-m/nofp/libc_nano.a(lib_a-malloc.o) (_free_r)
/usr/lib/gcc/arm-none-eabi/10.3.1/../../../arm-none-eabi/lib/thumb/v7-m/nofp/libc_nano.a(lib_a-nano-mallocr.o)
                              /usr/lib/gcc/arm-none-eabi/10.3.1/../../../arm-none-eabi/lib/thumb/v7-m/nofp/libc_nano.a(lib_a-malloc.o) (_malloc_r)
/usr/lib/gcc/arm-none-eabi/10.3.1/../../../arm-none-eabi/lib/thumb/v7-m/nofp/libc_nano.a(lib_a-printf.o)
                              build/platform/main_networking.o (printf)
/usr/lib/gcc/arm-none-eabi/10.3.1/../../../arm-none-eabi/lib/thumb/v7-m/nofp/libc_nano.a(lib_a-puts.o)
                              build/TCPEchoClient_SingleTasks.o (puts)
/usr/lib/gcc/arm-none-eabi/10.3.1/../../../arm-none-eabi/lib/thumb/v7-m/nofp/libc_nano.a(lib_a-sbrkr.o)
                              /usr/lib/gcc/arm-none-eabi/10.3.1/../../../arm-none-eabi/lib/thumb/v7-m/nofp/libc_nano.a(lib_a-nano-mallocr.o) (_sbrk_r)
/usr/lib/gcc/arm-none-eabi/10.3.1/../../../arm-none-eabi/lib/thumb/v7-m/nofp/libc_nano.a(lib_a-snprintf.o)
                              build/tcp_heartbeat_demo.o (snprintf)
/usr/lib/gcc/arm-none-eabi/10.3.1/../../../arm-none-eabi/lib/thumb/v7-m/nofp/libc_nano.a(lib_a-sprintf.o)
                              build/TCPEchoClient_SingleTasks.o (sprintf)
/usr/lib/gcc/arm-none-eabi/10.3.1/../../../arm-none-eabi/lib/thumb/v7-m/nofp/libc_nano.a(lib_a-strchr.o)
                              build//home/kj/FreeRTOS/FreeRTOS-Plus/Source/FreeRTOS-Plus-TCP/source/FreeRTOS_DNS.o (strchr)
/usr/lib/gcc/arm-none-eabi/10.3.1/../../../arm-none-eabi/lib/thumb/v7-m/nofp/libc_nano.a(lib_a-strcmp.o)
                              build//home/kj/FreeRTOS/FreeRTOS-Plus/Source/FreeRTOS-Plus-TCP/source/FreeRTOS_DNS.o (strcmp)
/usr/lib/gcc/arm-none-eabi/10.3.1/../../../arm-none-eabi/lib/thumb/v7-m/nofp/libc_nano.a(lib_a-strlen-stub.o)
                              build//home/kj/FreeRTOS/FreeRTOS-Plus/Source/FreeRTOS-Plus-TCP/source/FreeRTOS_DNS.o (strlen)
/usr/lib/gcc/arm-none-eabi/10.3.1/../../../arm-none-eabi/lib/thumb/v7-m/nofp/libc_nano.a(lib_a-strncmp.o)
                              build/TCPEchoClient_SingleTasks.o (strncmp)
/usr/lib/gcc/arm-none-eabi/10.3.1/../../../arm-none-eabi/lib/thumb/v7-m/nofp/libc_nano.a(lib_a-strncpy.o)
                              build//home/kj/FreeRTOS/FreeRTOS-Plus/Source/FreeRTOS-Plus-TCP/source/FreeRTOS_DNS.o (strncpy)
/usr/lib/gcc/arm-none-eabi/10.3.1/../../../arm-none-eabi/lib/thumb/v7-m/nofp/libc_nano.a(lib_a-time.o)
                              build/platform/main_networking.o (time)
/usr/lib/gcc/arm-none-eabi/10.3.1/../../../arm-none-eabi/lib/thumb/v7-m/nofp/libc_nano.a(lib_a-vprintf.o)
                              build/platform/main.o (vprintf)
/usr/lib/gcc/arm-none-eabi/10.3.1/../../../arm-none-eabi/lib/thumb/v7-m/nofp/libc_nano.a(lib_a-wbuf.o)
[...]
Memory Configuration

Name             Origin             Length             Attributes
FLASH            0x0000000000000000 0x0000000000400000 xr
RAM              0x0000000020000000 0x0000000000400000 xrw
*default*        0x0000000000000000 0xffffffffffffffff

Linker script and memory map

LOAD build/startup.o
LOAD build/syscalls.o
LOAD build/platform/main.o
LOAD build/platform/main_networking.o
LOAD build/app/app_main.o
LOAD build/app/network_role.o
LOAD build/app/demo_selector.o
LOAD build/app/demos/demo_echo.o
LOAD build/app/demos/demo_echo_server.o
LOAD build/app/demos/demo_heartbeat.o
LOAD build/TCPEchoClient_SingleTasks.o
LOAD build/tcp_heartbeat_demo.o
LOAD build//home/kj/FreeRTOS/FreeRTOS/Source/tasks.o
LOAD build//home/kj/FreeRTOS/FreeRTOS/Source/list.o
LOAD build//home/kj/FreeRTOS/FreeRTOS/Source/queue.o
LOAD build//home/kj/FreeRTOS/FreeRTOS/Source/event_groups.o
LOAD build//home/kj/FreeRTOS/FreeRTOS/Source/portable/GCC/ARM_CM3/port.o
LOAD build//home/kj/FreeRTOS/FreeRTOS/Source/portable/MemMang/heap_3.o
LOAD build//home/kj/FreeRTOS/FreeRTOS-Plus/Source/FreeRTOS-Plus-TCP/source/FreeRTOS_ARP.o
LOAD build//home/kj/FreeRTOS/FreeRTOS-Plus/Source/FreeRTOS-Plus-TCP/source/FreeRTOS_BitConfig.o
LOAD build//home/kj/FreeRTOS/FreeRTOS-Plus/Source/FreeRTOS-Plus-TCP/source/FreeRTOS_DHCP.o
LOAD build//home/kj/FreeRTOS/FreeRTOS-Plus/Source/FreeRTOS-Plus-TCP/source/FreeRTOS_DHCPv6.o
LOAD build//home/kj/FreeRTOS/FreeRTOS-Plus/Source/FreeRTOS-Plus-TCP/source/FreeRTOS_DNS.o
LOAD build//home/kj/FreeRTOS/FreeRTOS-Plus/Source/FreeRTOS-Plus-TCP/source/FreeRTOS_DNS_Cache.o
LOAD build//home/kj/FreeRTOS/FreeRTOS-Plus/Source/FreeRTOS-Plus-TCP/source/FreeRTOS_DNS_Callback.o
LOAD build//home/kj/FreeRTOS/FreeRTOS-Plus/Source/FreeRTOS-Plus-TCP/source/FreeRTOS_DNS_Networking.o
LOAD build//home/kj/FreeRTOS/FreeRTOS-Plus/Source/FreeRTOS-Plus-TCP/source/FreeRTOS_DNS_Parser.o
LOAD build//home/kj/FreeRTOS/FreeRTOS-Plus/Source/FreeRTOS-Plus-TCP/source/FreeRTOS_ICMP.o
LOAD build//home/kj/FreeRTOS/FreeRTOS-Plus/Source/FreeRTOS-Plus-TCP/source/FreeRTOS_IP.o
LOAD build//home/kj/FreeRTOS/FreeRTOS-Plus/Source/FreeRTOS-Plus-TCP/source/FreeRTOS_IP_Timers.o
LOAD build//home/kj/FreeRTOS/FreeRTOS-Plus/Source/FreeRTOS-Plus-TCP/source/FreeRTOS_IP_Utils.o
LOAD build//home/kj/FreeRTOS/FreeRTOS-Plus/Source/FreeRTOS-Plus-TCP/source/FreeRTOS_IPv4.o
LOAD build//home/kj/FreeRTOS/FreeRTOS-Plus/Source/FreeRTOS-Plus-TCP/source/FreeRTOS_IPv4_Sockets.o
LOAD build//home/kj/FreeRTOS/FreeRTOS-Plus/Source/FreeRTOS-Plus-TCP/source/FreeRTOS_IPv4_Utils.o
LOAD build//home/kj/FreeRTOS/FreeRTOS-Plus/Source/FreeRTOS-Plus-TCP/source/FreeRTOS_IPv6.o
LOAD build//home/kj/FreeRTOS/FreeRTOS-Plus/Source/FreeRTOS-Plus-TCP/source/FreeRTOS_IPv6_Sockets.o
LOAD build//home/kj/FreeRTOS/FreeRTOS-Plus/Source/FreeRTOS-Plus-TCP/source/FreeRTOS_IPv6_Utils.o
LOAD build//home/kj/FreeRTOS/FreeRTOS-Plus/Source/FreeRTOS-Plus-TCP/source/FreeRTOS_ND.o
LOAD build//home/kj/FreeRTOS/FreeRTOS-Plus/Source/FreeRTOS-Plus-TCP/source/FreeRTOS_RA.o
LOAD build//home/kj/FreeRTOS/FreeRTOS-Plus/Source/FreeRTOS-Plus-TCP/source/FreeRTOS_Routing.o
LOAD build//home/kj/FreeRTOS/FreeRTOS-Plus/Source/FreeRTOS-Plus-TCP/source/FreeRTOS_Sockets.o
LOAD build//home/kj/FreeRTOS/FreeRTOS-Plus/Source/FreeRTOS-Plus-TCP/source/FreeRTOS_Stream_Buffer.o
LOAD build//home/kj/FreeRTOS/FreeRTOS-Plus/Source/FreeRTOS-Plus-TCP/source/FreeRTOS_TCP_IP.o
LOAD build//home/kj/FreeRTOS/FreeRTOS-Plus/Source/FreeRTOS-Plus-TCP/source/FreeRTOS_TCP_IP_IPv4.o
LOAD build//home/kj/FreeRTOS/FreeRTOS-Plus/Source/FreeRTOS-Plus-TCP/source/FreeRTOS_TCP_IP_IPv6.o
LOAD build//home/kj/FreeRTOS/FreeRTOS-Plus/Source/FreeRTOS-Plus-TCP/source/FreeRTOS_TCP_Reception.o
LOAD build//home/kj/FreeRTOS/FreeRTOS-Plus/Source/FreeRTOS-Plus-TCP/source/FreeRTOS_TCP_State_Handling.o
LOAD build//home/kj/FreeRTOS/FreeRTOS-Plus/Source/FreeRTOS-Plus-TCP/source/FreeRTOS_TCP_State_Handling_IPv4.o
LOAD build//home/kj/FreeRTOS/FreeRTOS-Plus/Source/FreeRTOS-Plus-TCP/source/FreeRTOS_TCP_State_Handling_IPv6.o
LOAD build//home/kj/FreeRTOS/FreeRTOS-Plus/Source/FreeRTOS-Plus-TCP/source/FreeRTOS_TCP_Transmission.o
LOAD build//home/kj/FreeRTOS/FreeRTOS-Plus/Source/FreeRTOS-Plus-TCP/source/FreeRTOS_TCP_Transmission_IPv4.o
LOAD build//home/kj/FreeRTOS/FreeRTOS-Plus/Source/FreeRTOS-Plus-TCP/source/FreeRTOS_TCP_Transmission_IPv6.o
LOAD build//home/kj/FreeRTOS/FreeRTOS-Plus/Source/FreeRTOS-Plus-TCP/source/FreeRTOS_TCP_Utils.o
LOAD build//home/kj/FreeRTOS/FreeRTOS-Plus/Source/FreeRTOS-Plus-TCP/source/FreeRTOS_TCP_Utils_IPv4.o
LOAD build//home/kj/FreeRTOS/FreeRTOS-Plus/Source/FreeRTOS-Plus-TCP/source/FreeRTOS_TCP_Utils_IPv6.o
LOAD build//home/kj/FreeRTOS/FreeRTOS-Plus/Source/FreeRTOS-Plus-TCP/source/FreeRTOS_TCP_WIN.o
LOAD build//home/kj/FreeRTOS/FreeRTOS-Plus/Source/FreeRTOS-Plus-TCP/source/FreeRTOS_Tiny_TCP.o
LOAD build//home/kj/FreeRTOS/FreeRTOS-Plus/Source/FreeRTOS-Plus-TCP/source/FreeRTOS_UDP_IP.o
LOAD build//home/kj/FreeRTOS/FreeRTOS-Plus/Source/FreeRTOS-Plus-TCP/source/FreeRTOS_UDP_IPv4.o
LOAD build//home/kj/FreeRTOS/FreeRTOS-Plus/Source/FreeRTOS-Plus-TCP/source/FreeRTOS_UDP_IPv6.o
LOAD build//home/kj/FreeRTOS/FreeRTOS-Plus/Source/FreeRTOS-Plus-TCP/source/portable/BufferManagement/BufferAllocation_2.o
LOAD build//home/kj/FreeRTOS/FreeRTOS-Plus/Source/FreeRTOS-Plus-TCP/source/portable/NetworkInterface/MPS2_AN385/NetworkInterface.o
LOAD build//home/kj/FreeRTOS/FreeRTOS-Plus/Source/FreeRTOS-Plus-TCP/source/portable/NetworkInterface/MPS2_AN385/ether_lan9118/smsc9220_eth_drv.o
START GROUP
LOAD /usr/lib/gcc/arm-none-eabi/10.3.1/thumb/v7-m/nofp/libgcc.a
LOAD /usr/lib/gcc/arm-none-eabi/10.3.1/../../../arm-none-eabi/lib/thumb/v7-m/nofp/libc_nano.a
END GROUP
START GROUP
LOAD /usr/lib/gcc/arm-none-eabi/10.3.1/thumb/v7-m/nofp/libgcc.a
LOAD /usr/lib/gcc/arm-none-eabi/10.3.1/../../../arm-none-eabi/lib/thumb/v7-m/nofp/libc_nano.a
LOAD /usr/lib/gcc/arm-none-eabi/10.3.1/../../../arm-none-eabi/lib/thumb/v7-m/nofp/librdimon_nano.a
LOAD /usr/lib/gcc/arm-none-eabi/10.3.1/../../../arm-none-eabi/lib/thumb/v7-m/nofp/libnosys.a
END GROUP
START GROUP
LOAD /usr/lib/gcc/arm-none-eabi/10.3.1/thumb/v7-m/nofp/libgcc.a
LOAD /usr/lib/gcc/arm-none-eabi/10.3.1/../../../arm-none-eabi/lib/thumb/v7-m/nofp/libc_nano.a
LOAD /usr/lib/gcc/arm-none-eabi/10.3.1/../../../arm-none-eabi/lib/thumb/v7-m/nofp/libnosys.a
END GROUP
START GROUP
LOAD /usr/lib/gcc/arm-none-eabi/10.3.1/thumb/v7-m/nofp/libgcc.a
LOAD /usr/lib/gcc/arm-none-eabi/10.3.1/../../../arm-none-eabi/lib/thumb/v7-m/nofp/libc_nano.a
LOAD /usr/lib/gcc/arm-none-eabi/10.3.1/../../../arm-none-eabi/lib/thumb/v7-m/nofp/librdimon_nano.a
END GROUP
                0x0000000000040000                _Min_Heap_Size = 0x40000
                0x0000000000004000                _Min_Stack_Size = 0x4000
                0x0000000000000100                M_VECTOR_RAM_SIZE = 0x100
                0x0000000020400000                _estack = (ORIGIN (RAM) + LENGTH (RAM))

.isr_vector     0x0000000000000000       0x78
                0x0000000000000000                __vector_table = .
 *(.isr_vector)
 .isr_vector    0x0000000000000000       0x78 build/startup.o
                0x0000000000000000                isr_vector
                0x0000000000000078                . = ALIGN (0x4)

.text           0x0000000000000078     0xb4f0
                0x0000000000000078                . = ALIGN (0x4)
 *(.text*)
 .text.Reset_Handler
                0x0000000000000078       0x4c build/startup.o
                0x0000000000000078                Reset_Handler
 .text.Default_Handler
                0x00000000000000c4        0xc build/startup.o
 .text.Default_Handler2
                0x00000000000000d0       0x18 build/startup.o
 .text.Default_Handler3
                0x00000000000000e8        0x2 build/startup.o
 .text.Default_Handler4
                0x00000000000000ea        0x2 build/startup.o
 .text.Default_Handler5
                0x00000000000000ec        0x2 build/startup.o
 .text.Default_Handler6
                0x00000000000000ee        0x2 build/startup.o
 .text.prvGetRegistersFromStack
                0x00000000000000f0       0x24 build/startup.o
 .text.exit     0x0000000000000114       0x14 build/startup.o
                0x0000000000000114                exit
 .text._start   0x0000000000000128       0x10 build/startup.o
                0x0000000000000128                _start
 .text.uart_init
                0x0000000000000138        0xe build/syscalls.o
                0x0000000000000138                uart_init
 .text._fstat   0x0000000000000146        0x4 build/syscalls.o
                0x0000000000000146                _fstat
 .text._read    0x000000000000014a        0x6 build/syscalls.o
                0x000000000000014a                _read
 .text._write   0x0000000000000150       0x1a build/syscalls.o
                0x0000000000000150                _write
 *fill*         0x000000000000016a        0x2 
 .text._sbrk    0x000000000000016c       0x20 build/syscalls.o
                0x000000000000016c                _sbrk
 .text.startup.main
                0x000000000000018c        0x8 build/platform/main.o
                0x000000000000018c                main
 .text.vApplicationMallocFailedHook
                0x0000000000000194       0x12 build/platform/main.o
                0x0000000000000194                vApplicationMallocFailedHook
 .text.vAssertCalled
                0x00000000000001a6       0x1a build/platform/main.o
                0x00000000000001a6                vAssertCalled
 .text.vLoggingPrintf
                0x00000000000001c0       0x1a build/platform/main.o
                0x00000000000001c0                vLoggingPrintf
 *fill*         0x00000000000001da        0x2 
 .text.main_tcp_network_init
                0x00000000000001dc       0x6c build/platform/main_networking.o
                0x00000000000001dc                main_tcp_network_init
 .text.vApplicationIPNetworkEventHook_Multi
                0x0000000000000248       0x78 build/platform/main_networking.o
                0x0000000000000248                vApplicationIPNetworkEventHook_Multi
 .text.xApplicationDNSQueryHook_Multi
                0x00000000000002c0        0x4 build/platform/main_networking.o
                0x00000000000002c0                xApplicationDNSQueryHook_Multi
 .text.ulApplicationGetNextSequenceNumber
                0x00000000000002c4       0x1c build/platform/main_networking.o
                0x00000000000002c4                ulApplicationGetNextSequenceNumber
 .text.xApplicationGetRandomNumber
                0x00000000000002e0       0x20 build/platform/main_networking.o
                0x00000000000002e0                xApplicationGetRandomNumber
 .text.vApplicationStart
                0x0000000000000300        0x4 build/app/app_main.o
                0x0000000000000300                vApplicationStart
 .text.prvTCPHeartbeatTask
                0x0000000000000304      0x12c build/tcp_heartbeat_demo.o
 .text.vStartTCPHeartbeatDemo
                0x0000000000000430       0x24 build/tcp_heartbeat_demo.o
                0x0000000000000430                vStartTCPHeartbeatDemo
 .text.prvIdleTask
                0x0000000000000454        0x2 build//home/kj/FreeRTOS/FreeRTOS/Source/tasks.o
 *fill*         0x0000000000000456        0x2 
 .text.prvResetNextTaskUnblockTime
                0x0000000000000458       0x24 build//home/kj/FreeRTOS/FreeRTOS/Source/tasks.o
 .text.prvAddCurrentTaskToDelayedList.constprop.0
                0x000000000000047c       0x78 build//home/kj/FreeRTOS/FreeRTOS/Source/tasks.o
 .text.xTaskCreate
                0x00000000000004f4      0x1b4 build//home/kj/FreeRTOS/FreeRTOS/Source/tasks.o
                0x00000000000004f4                xTaskCreate
 .text.vTaskStartScheduler
                0x00000000000006a8       0x88 build//home/kj/FreeRTOS/FreeRTOS/Source/tasks.o
                0x00000000000006a8                vTaskStartScheduler
 .text.vTaskSuspendAll
                0x0000000000000730       0x10 build//home/kj/FreeRTOS/FreeRTOS/Source/tasks.o
                0x0000000000000730                vTaskSuspendAll
 .text.xTaskGetTickCount
                0x0000000000000740        0xc build//home/kj/FreeRTOS/FreeRTOS/Source/tasks.o
                0x0000000000000740                xTaskGetTickCount
 .text.xTaskIncrementTick
                0x000000000000074c      0x17c build//home/kj/FreeRTOS/FreeRTOS/Source/tasks.o
                0x000000000000074c                xTaskIncrementTick
 .text.xTaskResumeAll
                0x00000000000008c8      0x154 build//home/kj/FreeRTOS/FreeRTOS/Source/tasks.o
                0x00000000000008c8                xTaskResumeAll
 .text.vTaskDelay
                0x0000000000000a1c       0x40 build//home/kj/FreeRTOS/FreeRTOS/Source/tasks.o
                0x0000000000000a1c                vTaskDelay
 .text.vTaskSwitchContext
                0x0000000000000a5c       0x6c build//home/kj/FreeRTOS/FreeRTOS/Source/tasks.o
                0x0000000000000a5c                vTaskSwitchContext
 .text.vTaskPlaceOnEventList
                0x0000000000000ac8       0x28 build//home/kj/FreeRTOS/FreeRTOS/Source/tasks.o
                0x0000000000000ac8                vTaskPlaceOnEventList
 .text.vTaskPlaceOnUnorderedEventList
                0x0000000000000af0       0x58 build//home/kj/FreeRTOS/FreeRTOS/Source/tasks.o
                0x0000000000000af0                vTaskPlaceOnUnorderedEventList
 .text.xTaskRemoveFromEventList
                0x0000000000000b48       0xc4 build//home/kj/FreeRTOS/FreeRTOS/Source/tasks.o
                0x0000000000000b48                xTaskRemoveFromEventList
 .text.vTaskRemoveFromUnorderedEventList
                0x0000000000000c0c       0xb0 build//home/kj/FreeRTOS/FreeRTOS/Source/tasks.o
                0x0000000000000c0c                vTaskRemoveFromUnorderedEventList
 .text.vTaskSetTimeOutState
                0x0000000000000cbc       0x2c build//home/kj/FreeRTOS/FreeRTOS/Source/tasks.o
                0x0000000000000cbc                vTaskSetTimeOutState
 .text.vTaskInternalSetTimeOutState
                0x0000000000000ce8       0x18 build//home/kj/FreeRTOS/FreeRTOS/Source/tasks.o
                0x0000000000000ce8                vTaskInternalSetTimeOutState
 .text.xTaskCheckForTimeOut
                0x0000000000000d00       0x58 build//home/kj/FreeRTOS/FreeRTOS/Source/tasks.o
                0x0000000000000d00                xTaskCheckForTimeOut
 .text.vTaskMissedYield
                0x0000000000000d58        0xc build//home/kj/FreeRTOS/FreeRTOS/Source/tasks.o
                0x0000000000000d58                vTaskMissedYield
 .text.xTaskGetCurrentTaskHandle
                0x0000000000000d64        0xc build//home/kj/FreeRTOS/FreeRTOS/Source/tasks.o
                0x0000000000000d64                xTaskGetCurrentTaskHandle
 .text.xTaskPriorityInherit
                0x0000000000000d70       0xa4 build//home/kj/FreeRTOS/FreeRTOS/Source/tasks.o
                0x0000000000000d70                xTaskPriorityInherit
 .text.xTaskPriorityDisinherit
                0x0000000000000e14       0x8c build//home/kj/FreeRTOS/FreeRTOS/Source/tasks.o
                0x0000000000000e14                xTaskPriorityDisinherit
 .text.vTaskPriorityDisinheritAfterTimeout
                0x0000000000000ea0       0xa0 build//home/kj/FreeRTOS/FreeRTOS/Source/tasks.o
                0x0000000000000ea0                vTaskPriorityDisinheritAfterTimeout
 .text.uxTaskResetEventItemValue
                0x0000000000000f40       0x18 build//home/kj/FreeRTOS/FreeRTOS/Source/tasks.o
                0x0000000000000f40                uxTaskResetEventItemValue
 .text.pvTaskIncrementMutexHeldCount
                0x0000000000000f58       0x14 build//home/kj/FreeRTOS/FreeRTOS/Source/tasks.o
                0x0000000000000f58                pvTaskIncrementMutexHeldCount
 .text.ulTaskGenericNotifyTake
                0x0000000000000f6c       0xa0 build//home/kj/FreeRTOS/FreeRTOS/Source/tasks.o
                0x0000000000000f6c                ulTaskGenericNotifyTake
 .text.vTaskGenericNotifyGiveFromISR
                0x000000000000100c       0xfc build//home/kj/FreeRTOS/FreeRTOS/Source/tasks.o
                0x000000000000100c                vTaskGenericNotifyGiveFromISR
 .text.vListInitialise
                0x0000000000001108       0x16 build//home/kj/FreeRTOS/FreeRTOS/Source/list.o
                0x0000000000001108                vListInitialise
 .text.vListInitialiseItem
                0x000000000000111e        0x6 build//home/kj/FreeRTOS/FreeRTOS/Source/list.o
                0x000000000000111e                vListInitialiseItem
 .text.vListInsertEnd
                0x0000000000001124       0x18 build//home/kj/FreeRTOS/FreeRTOS/Source/list.o
                0x0000000000001124                vListInsertEnd
 .text.vListInsert
                0x000000000000113c       0x2e build//home/kj/FreeRTOS/FreeRTOS/Source/list.o
                0x000000000000113c                vListInsert
 .text.uxListRemove
                0x000000000000116a       0x1e build//home/kj/FreeRTOS/FreeRTOS/Source/list.o
                0x000000000000116a                uxListRemove
 .text.prvIsQueueEmpty
                0x0000000000001188       0x16 build//home/kj/FreeRTOS/FreeRTOS/Source/queue.o
 .text.prvCopyDataToQueue
                0x000000000000119e       0x6a build//home/kj/FreeRTOS/FreeRTOS/Source/queue.o
 .text.prvCopyDataFromQueue
                0x0000000000001208       0x28 build//home/kj/FreeRTOS/FreeRTOS/Source/queue.o
 .text.prvUnlockQueue
                0x0000000000001230       0x70 build//home/kj/FreeRTOS/FreeRTOS/Source/queue.o
 .text.xQueueGenericReset
                0x00000000000012a0       0x88 build//home/kj/FreeRTOS/FreeRTOS/Source/queue.o
                0x00000000000012a0                xQueueGenericReset
 .text.xQueueGenericCreate
                0x0000000000001328       0x44 build//home/kj/FreeRTOS/FreeRTOS/Source/queue.o
                0x0000000000001328                xQueueGenericCreate
 .text.xQueueCreateCountingSemaphore
                0x000000000000136c       0x20 build//home/kj/FreeRTOS/FreeRTOS/Source/queue.o
                0x000000000000136c                xQueueCreateCountingSemaphore
 .text.xQueueGenericSend
                0x000000000000138c      0x122 build//home/kj/FreeRTOS/FreeRTOS/Source/queue.o
                0x000000000000138c                xQueueGenericSend
 .text.xQueueReceive
                0x00000000000014ae       0xfe build//home/kj/FreeRTOS/FreeRTOS/Source/queue.o
                0x00000000000014ae                xQueueReceive
 .text.xQueueSemaphoreTake
                0x00000000000015ac      0x134 build//home/kj/FreeRTOS/FreeRTOS/Source/queue.o
                0x00000000000015ac                xQueueSemaphoreTake
 .text.uxQueueMessagesWaiting
                0x00000000000016e0       0x18 build//home/kj/FreeRTOS/FreeRTOS/Source/queue.o
                0x00000000000016e0                uxQueueMessagesWaiting
 .text.vQueueDelete
                0x00000000000016f8       0x14 build//home/kj/FreeRTOS/FreeRTOS/Source/queue.o
                0x00000000000016f8                vQueueDelete
 .text.xEventGroupCreate
                0x000000000000170c       0x1a build//home/kj/FreeRTOS/FreeRTOS/Source/event_groups.o
                0x000000000000170c                xEventGroupCreate
 .text.xEventGroupWaitBits
                0x0000000000001726       0xce build//home/kj/FreeRTOS/FreeRTOS/Source/event_groups.o
                0x0000000000001726                xEventGroupWaitBits
 .text.xEventGroupClearBits
                0x00000000000017f4       0x2a build//home/kj/FreeRTOS/FreeRTOS/Source/event_groups.o
                0x00000000000017f4                xEventGroupClearBits
 .text.xEventGroupSetBits
                0x000000000000181e       0x6c build//home/kj/FreeRTOS/FreeRTOS/Source/event_groups.o
                0x000000000000181e                xEventGroupSetBits
 .text.vEventGroupDelete
                0x000000000000188a       0x3a build//home/kj/FreeRTOS/FreeRTOS/Source/event_groups.o
                0x000000000000188a                vEventGroupDelete
 .text.vPortSVCHandler
                0x00000000000018c4       0x24 build//home/kj/FreeRTOS/FreeRTOS/Source/portable/GCC/ARM_CM3/port.o
                0x00000000000018c4                vPortSVCHandler
 .text.prvPortStartFirstTask
                0x00000000000018e8       0x20 build//home/kj/FreeRTOS/FreeRTOS/Source/portable/GCC/ARM_CM3/port.o
 .text.xPortPendSVHandler
                0x0000000000001908       0x44 build//home/kj/FreeRTOS/FreeRTOS/Source/portable/GCC/ARM_CM3/port.o
                0x0000000000001908                xPortPendSVHandler
 .text.prvTaskExitError
                0x000000000000194c       0x34 build//home/kj/FreeRTOS/FreeRTOS/Source/portable/GCC/ARM_CM3/port.o
 .text.pxPortInitialiseStack
                0x0000000000001980       0x24 build//home/kj/FreeRTOS/FreeRTOS/Source/portable/GCC/ARM_CM3/port.o
                0x0000000000001980                pxPortInitialiseStack
 .text.vPortEnterCritical
                0x00000000000019a4       0x34 build//home/kj/FreeRTOS/FreeRTOS/Source/portable/GCC/ARM_CM3/port.o
                0x00000000000019a4                vPortEnterCritical
 .text.vPortExitCritical
                0x00000000000019d8       0x20 build//home/kj/FreeRTOS/FreeRTOS/Source/portable/GCC/ARM_CM3/port.o
                0x00000000000019d8                vPortExitCritical
 .text.xPortSysTickHandler
                0x00000000000019f8       0x2c build//home/kj/FreeRTOS/FreeRTOS/Source/portable/GCC/ARM_CM3/port.o
                0x00000000000019f8                xPortSysTickHandler
 .text.vPortSetupTimerInterrupt
                0x0000000000001a24       0x16 build//home/kj/FreeRTOS/FreeRTOS/Source/portable/GCC/ARM_CM3/port.o
                0x0000000000001a24                vPortSetupTimerInterrupt
 *fill*         0x0000000000001a3a        0x2 
 .text.xPortStartScheduler
                0x0000000000001a3c       0xf0 build//home/kj/FreeRTOS/FreeRTOS/Source/portable/GCC/ARM_CM3/port.o
                0x0000000000001a3c                xPortStartScheduler
 .text.vPortValidateInterruptPriority
                0x0000000000001b2c       0x44 build//home/kj/FreeRTOS/FreeRTOS/Source/portable/GCC/ARM_CM3/port.o
                0x0000000000001b2c                vPortValidateInterruptPriority
 .text.pvPortMalloc
                0x0000000000001b70       0x1e build//home/kj/FreeRTOS/FreeRTOS/Source/portable/MemMang/heap_3.o
                0x0000000000001b70                pvPortMalloc
 .text.vPortFree
                0x0000000000001b8e       0x1a build//home/kj/FreeRTOS/FreeRTOS/Source/portable/MemMang/heap_3.o
                0x0000000000001b8e                vPortFree
 .text.xIsIPInARPCache
                0x0000000000001ba8       0x28 build//home/kj/FreeRTOS/FreeRTOS-Plus/Source/FreeRTOS-Plus-TCP/source/FreeRTOS_ARP.o
                0x0000000000001ba8                xIsIPInARPCache
 .text.vARPRefreshCacheEntryAge
                0x0000000000001bd0       0x40 build//home/kj/FreeRTOS/FreeRTOS-Plus/Source/FreeRTOS-Plus-TCP/source/FreeRTOS_ARP.o
                0x0000000000001bd0                vARPRefreshCacheEntryAge
 .text.vARPRefreshCacheEntry
                0x0000000000001c10       0xe8 build//home/kj/FreeRTOS/FreeRTOS-Plus/Source/FreeRTOS-Plus-TCP/source/FreeRTOS_ARP.o
                0x0000000000001c10                vARPRefreshCacheEntry
 .text.eARPGetCacheEntry
                0x0000000000001cf8      0x100 build//home/kj/FreeRTOS/FreeRTOS-Plus/Source/FreeRTOS-Plus-TCP/source/FreeRTOS_ARP.o
                0x0000000000001cf8                eARPGetCacheEntry
 .text.vARPGenerateRequestPacket
                0x0000000000001df8       0x64 build//home/kj/FreeRTOS/FreeRTOS-Plus/Source/FreeRTOS-Plus-TCP/source/FreeRTOS_ARP.o
                0x0000000000001df8                vARPGenerateRequestPacket
 .text.FreeRTOS_OutputARPRequest_Multi
                0x0000000000001e5c       0x60 build//home/kj/FreeRTOS/FreeRTOS-Plus/Source/FreeRTOS-Plus-TCP/source/FreeRTOS_ARP.o
                0x0000000000001e5c                FreeRTOS_OutputARPRequest_Multi
 .text.eARPProcessPacket
                0x0000000000001ebc      0x1f8 build//home/kj/FreeRTOS/FreeRTOS-Plus/Source/FreeRTOS-Plus-TCP/source/FreeRTOS_ARP.o
                0x0000000000001ebc                eARPProcessPacket
 .text.xCheckRequiresARPResolution
                0x00000000000020b4       0x42 build//home/kj/FreeRTOS/FreeRTOS-Plus/Source/FreeRTOS-Plus-TCP/source/FreeRTOS_ARP.o
                0x00000000000020b4                xCheckRequiresARPResolution
 .text.FreeRTOS_OutputARPRequest
                0x00000000000020f6       0x16 build//home/kj/FreeRTOS/FreeRTOS-Plus/Source/FreeRTOS-Plus-TCP/source/FreeRTOS_ARP.o
                0x00000000000020f6                FreeRTOS_OutputARPRequest
 .text.vARPAgeCache
                0x000000000000210c       0x74 build//home/kj/FreeRTOS/FreeRTOS-Plus/Source/FreeRTOS-Plus-TCP/source/FreeRTOS_ARP.o
                0x000000000000210c                vARPAgeCache
 .text.FreeRTOS_ClearARP
                0x0000000000002180       0x38 build//home/kj/FreeRTOS/FreeRTOS-Plus/Source/FreeRTOS-Plus-TCP/source/FreeRTOS_ARP.o
                0x0000000000002180                FreeRTOS_ClearARP
 .text.pxNew_AddrInfo
                0x00000000000021b8       0x52 build//home/kj/FreeRTOS/FreeRTOS-Plus/Source/FreeRTOS-Plus-TCP/source/FreeRTOS_DNS.o
                0x00000000000021b8                pxNew_AddrInfo
 .text.FreeRTOS_freeaddrinfo
                0x000000000000220a       0x12 build//home/kj/FreeRTOS/FreeRTOS-Plus/Source/FreeRTOS-Plus-TCP/source/FreeRTOS_DNS.o
                0x000000000000220a                FreeRTOS_freeaddrinfo
 .text.ulDNSHandlePacket
                0x000000000000221c       0x3e build//home/kj/FreeRTOS/FreeRTOS-Plus/Source/FreeRTOS-Plus-TCP/source/FreeRTOS_DNS.o
                0x000000000000221c                ulDNSHandlePacket
 .text.ulNBNSHandlePacket
                0x000000000000225a       0x18 build//home/kj/FreeRTOS/FreeRTOS-Plus/Source/FreeRTOS-Plus-TCP/source/FreeRTOS_DNS.o
                0x000000000000225a                ulNBNSHandlePacket
 *fill*         0x0000000000002272        0x2 
 .text.FreeRTOS_dnsclear
                0x0000000000002274       0x1c build//home/kj/FreeRTOS/FreeRTOS-Plus/Source/FreeRTOS-Plus-TCP/source/FreeRTOS_DNS_Cache.o
                0x0000000000002274                FreeRTOS_dnsclear
 .text.FreeRTOS_ProcessDNSCache
                0x0000000000002290      0x164 build//home/kj/FreeRTOS/FreeRTOS-Plus/Source/FreeRTOS-Plus-TCP/source/FreeRTOS_DNS_Cache.o
                0x0000000000002290                FreeRTOS_ProcessDNSCache
 .text.FreeRTOS_dns_update
                0x00000000000023f4       0x14 build//home/kj/FreeRTOS/FreeRTOS-Plus/Source/FreeRTOS-Plus-TCP/source/FreeRTOS_DNS_Cache.o
                0x00000000000023f4                FreeRTOS_dns_update
 .text.DNS_ReadNameField
                0x0000000000002408       0x7a build//home/kj/FreeRTOS/FreeRTOS-Plus/Source/FreeRTOS-Plus-TCP/source/FreeRTOS_DNS_Parser.o
                0x0000000000002408                DNS_ReadNameField
 .text.DNS_SkipNameField
                0x0000000000002482       0x42 build//home/kj/FreeRTOS/FreeRTOS-Plus/Source/FreeRTOS-Plus-TCP/source/FreeRTOS_DNS_Parser.o
                0x0000000000002482                DNS_SkipNameField
 .text.parseDNSAnswer
                0x00000000000024c4      0x200 build//home/kj/FreeRTOS/FreeRTOS-Plus/Source/FreeRTOS-Plus-TCP/source/FreeRTOS_DNS_Parser.o
                0x00000000000024c4                parseDNSAnswer
 .text.prepareReplyDNSMessage
                0x00000000000026c4       0xa8 build//home/kj/FreeRTOS/FreeRTOS-Plus/Source/FreeRTOS-Plus-TCP/source/FreeRTOS_DNS_Parser.o
                0x00000000000026c4                prepareReplyDNSMessage
 .text.DNS_ParseDNSReply
                0x000000000000276c      0x254 build//home/kj/FreeRTOS/FreeRTOS-Plus/Source/FreeRTOS-Plus-TCP/source/FreeRTOS_DNS_Parser.o
                0x000000000000276c                DNS_ParseDNSReply
 .text.DNS_TreatNBNS
                0x00000000000029c0      0x174 build//home/kj/FreeRTOS/FreeRTOS-Plus/Source/FreeRTOS-Plus-TCP/source/FreeRTOS_DNS_Parser.o
                0x00000000000029c0                DNS_TreatNBNS
 .text.ProcessICMPPacket
                0x0000000000002b34       0x6a build//home/kj/FreeRTOS/FreeRTOS-Plus/Source/FreeRTOS-Plus-TCP/source/FreeRTOS_ICMP.o
                0x0000000000002b34                ProcessICMPPacket
 *fill*         0x0000000000002b9e        0x2 
 .text.FreeRTOS_GetIPTaskHandle
                0x0000000000002ba0        0xc build//home/kj/FreeRTOS/FreeRTOS-Plus/Source/FreeRTOS-Plus-TCP/source/FreeRTOS_IP.o
                0x0000000000002ba0                FreeRTOS_GetIPTaskHandle
 .text.vIPNetworkUpCalls
                0x0000000000002bac       0x2e build//home/kj/FreeRTOS/FreeRTOS-Plus/Source/FreeRTOS-Plus-TCP/source/FreeRTOS_IP.o
                0x0000000000002bac                vIPNetworkUpCalls
 *fill*         0x0000000000002bda        0x2 
 .text.FreeRTOS_IPInit_Multi
                0x0000000000002bdc       0x70 build//home/kj/FreeRTOS/FreeRTOS-Plus/Source/FreeRTOS-Plus-TCP/source/FreeRTOS_IP.o
                0x0000000000002bdc                FreeRTOS_IPInit_Multi
 .text.FreeRTOS_GetEndPointConfiguration
                0x0000000000002c4c       0x28 build//home/kj/FreeRTOS/FreeRTOS-Plus/Source/FreeRTOS-Plus-TCP/source/FreeRTOS_IP.o
                0x0000000000002c4c                FreeRTOS_GetEndPointConfiguration
 .text.xSendEventStructToIPTask
                0x0000000000002c74       0x54 build//home/kj/FreeRTOS/FreeRTOS-Plus/Source/FreeRTOS-Plus-TCP/source/FreeRTOS_IP.o
                0x0000000000002c74                xSendEventStructToIPTask
 .text.FreeRTOS_NetworkDown
                0x0000000000002cc8       0x40 build//home/kj/FreeRTOS/FreeRTOS-Plus/Source/FreeRTOS-Plus-TCP/source/FreeRTOS_IP.o
                0x0000000000002cc8                FreeRTOS_NetworkDown
 .text.xSendEventToIPTask
                0x0000000000002d08       0x16 build//home/kj/FreeRTOS/FreeRTOS-Plus/Source/FreeRTOS-Plus-TCP/source/FreeRTOS_IP.o
                0x0000000000002d08                xSendEventToIPTask
 *fill*         0x0000000000002d1e        0x2 
 .text.vReturnEthernetFrame
                0x0000000000002d20       0xd8 build//home/kj/FreeRTOS/FreeRTOS-Plus/Source/FreeRTOS-Plus-TCP/source/FreeRTOS_IP.o
                0x0000000000002d20                vReturnEthernetFrame
 .text.xIPIsNetworkTaskReady
                0x0000000000002df8        0xc build//home/kj/FreeRTOS/FreeRTOS-Plus/Source/FreeRTOS-Plus-TCP/source/FreeRTOS_IP.o
                0x0000000000002df8                xIPIsNetworkTaskReady
 .text.uxIPHeaderSizePacket
                0x0000000000002e04       0x12 build//home/kj/FreeRTOS/FreeRTOS-Plus/Source/FreeRTOS-Plus-TCP/source/FreeRTOS_IP.o
                0x0000000000002e04                uxIPHeaderSizePacket
 *fill*         0x0000000000002e16        0x2 
 .text.prvIPTask
                0x0000000000002e18      0x348 build//home/kj/FreeRTOS/FreeRTOS-Plus/Source/FreeRTOS-Plus-TCP/source/FreeRTOS_IP.o
 .text.uxIPHeaderSizeSocket
                0x0000000000003160       0x14 build//home/kj/FreeRTOS/FreeRTOS-Plus/Source/FreeRTOS-Plus-TCP/source/FreeRTOS_IP.o
                0x0000000000003160                uxIPHeaderSizeSocket
 .text.prvIPTimerStart
                0x0000000000003174       0x26 build//home/kj/FreeRTOS/FreeRTOS-Plus/Source/FreeRTOS-Plus-TCP/source/FreeRTOS_IP_Timers.o
 .text.prvIPTimerCheck
                0x000000000000319a       0x3a build//home/kj/FreeRTOS/FreeRTOS-Plus/Source/FreeRTOS-Plus-TCP/source/FreeRTOS_IP_Timers.o
 .text.xCalculateSleepTime
                0x00000000000031d4       0x58 build//home/kj/FreeRTOS/FreeRTOS-Plus/Source/FreeRTOS-Plus-TCP/source/FreeRTOS_IP_Timers.o
                0x00000000000031d4                xCalculateSleepTime
 .text.vCheckNetworkTimers
                0x000000000000322c       0xc8 build//home/kj/FreeRTOS/FreeRTOS-Plus/Source/FreeRTOS-Plus-TCP/source/FreeRTOS_IP_Timers.o
                0x000000000000322c                vCheckNetworkTimers
 .text.vIPTimerStartARPResolution
                0x00000000000032f4        0xc build//home/kj/FreeRTOS/FreeRTOS-Plus/Source/FreeRTOS-Plus-TCP/source/FreeRTOS_IP_Timers.o
                0x00000000000032f4                vIPTimerStartARPResolution
 .text.vTCPTimerReload
                0x0000000000003300       0x10 build//home/kj/FreeRTOS/FreeRTOS-Plus/Source/FreeRTOS-Plus-TCP/source/FreeRTOS_IP_Timers.o
                0x0000000000003300                vTCPTimerReload
 .text.vARPTimerReload
                0x0000000000003310       0x10 build//home/kj/FreeRTOS/FreeRTOS-Plus/Source/FreeRTOS-Plus-TCP/source/FreeRTOS_IP_Timers.o
                0x0000000000003310                vARPTimerReload
 .text.vNetworkTimerReload
                0x0000000000003320       0x10 build//home/kj/FreeRTOS/FreeRTOS-Plus/Source/FreeRTOS-Plus-TCP/source/FreeRTOS_IP_Timers.o
                0x0000000000003320                vNetworkTimerReload
 .text.vIPSetTCPTimerExpiredState
                0x0000000000003330       0x20 build//home/kj/FreeRTOS/FreeRTOS-Plus/Source/FreeRTOS-Plus-TCP/source/FreeRTOS_IP_Timers.o
                0x0000000000003330                vIPSetTCPTimerExpiredState
 .text.vIPSetARPTimerEnableState
                0x0000000000003350       0x18 build//home/kj/FreeRTOS/FreeRTOS-Plus/Source/FreeRTOS-Plus-TCP/source/FreeRTOS_IP_Timers.o
                0x0000000000003350                vIPSetARPTimerEnableState
 .text.vIPSetARPResolutionTimerEnableState
                0x0000000000003368       0x18 build//home/kj/FreeRTOS/FreeRTOS-Plus/Source/FreeRTOS-Plus-TCP/source/FreeRTOS_IP_Timers.o
                0x0000000000003368                vIPSetARPResolutionTimerEnableState
 .text.vSetAllNetworksUp
                0x0000000000003380        0xc build//home/kj/FreeRTOS/FreeRTOS-Plus/Source/FreeRTOS-Plus-TCP/source/FreeRTOS_IP_Timers.o
                0x0000000000003380                vSetAllNetworksUp
 .text.prvSetChecksumInPacket
                0x000000000000338c       0x2c build//home/kj/FreeRTOS/FreeRTOS-Plus/Source/FreeRTOS-Plus-TCP/source/FreeRTOS_IP_Utils.o
 .text.pxDuplicateNetworkBufferWithDescriptor
                0x00000000000033b8       0x44 build//home/kj/FreeRTOS/FreeRTOS-Plus/Source/FreeRTOS-Plus-TCP/source/FreeRTOS_IP_Utils.o
                0x00000000000033b8                pxDuplicateNetworkBufferWithDescriptor
 .text.pxUDPPayloadBuffer_to_NetworkBuffer
                0x00000000000033fc       0x24 build//home/kj/FreeRTOS/FreeRTOS-Plus/Source/FreeRTOS-Plus-TCP/source/FreeRTOS_IP_Utils.o
                0x00000000000033fc                pxUDPPayloadBuffer_to_NetworkBuffer
 .text.xIsCallingFromIPTask
                0x0000000000003420       0x14 build//home/kj/FreeRTOS/FreeRTOS-Plus/Source/FreeRTOS-Plus-TCP/source/FreeRTOS_IP_Utils.o
                0x0000000000003420                xIsCallingFromIPTask
 .text.prvProcessNetworkDownEvent
                0x0000000000003434       0xac build//home/kj/FreeRTOS/FreeRTOS-Plus/Source/FreeRTOS-Plus-TCP/source/FreeRTOS_IP_Utils.o
                0x0000000000003434                prvProcessNetworkDownEvent
 .text.vPreCheckConfigs
                0x00000000000034e0       0x2c build//home/kj/FreeRTOS/FreeRTOS-Plus/Source/FreeRTOS-Plus-TCP/source/FreeRTOS_IP_Utils.o
                0x00000000000034e0                vPreCheckConfigs
 .text.usGenerateChecksum
                0x000000000000350c       0xea build//home/kj/FreeRTOS/FreeRTOS-Plus/Source/FreeRTOS-Plus-TCP/source/FreeRTOS_IP_Utils.o
                0x000000000000350c                usGenerateChecksum
 *fill*         0x00000000000035f6        0x2 
 .text.usGenerateProtocolChecksum
                0x00000000000035f8      0x1d8 build//home/kj/FreeRTOS/FreeRTOS-Plus/Source/FreeRTOS-Plus-TCP/source/FreeRTOS_IP_Utils.o
                0x00000000000035f8                usGenerateProtocolChecksum
 .text.FreeRTOS_max_size_t
                0x00000000000037d0        0x8 build//home/kj/FreeRTOS/FreeRTOS-Plus/Source/FreeRTOS-Plus-TCP/source/FreeRTOS_IP_Utils.o
                0x00000000000037d0                FreeRTOS_max_size_t
 .text.FreeRTOS_min_int32
                0x00000000000037d8        0x8 build//home/kj/FreeRTOS/FreeRTOS-Plus/Source/FreeRTOS-Plus-TCP/source/FreeRTOS_IP_Utils.o
                0x00000000000037d8                FreeRTOS_min_int32
 .text.FreeRTOS_min_uint32
                0x00000000000037e0        0x8 build//home/kj/FreeRTOS/FreeRTOS-Plus/Source/FreeRTOS-Plus-TCP/source/FreeRTOS_IP_Utils.o
                0x00000000000037e0                FreeRTOS_min_uint32
 .text.FreeRTOS_min_size_t
                0x00000000000037e8        0x8 build//home/kj/FreeRTOS/FreeRTOS-Plus/Source/FreeRTOS-Plus-TCP/source/FreeRTOS_IP_Utils.o
                0x00000000000037e8                FreeRTOS_min_size_t
 .text.FreeRTOS_add_int32
                0x00000000000037f0       0x24 build//home/kj/FreeRTOS/FreeRTOS-Plus/Source/FreeRTOS-Plus-TCP/source/FreeRTOS_IP_Utils.o
                0x00000000000037f0                FreeRTOS_add_int32
 .text.FreeRTOS_multiply_int32
                0x0000000000003814       0x4c build//home/kj/FreeRTOS/FreeRTOS-Plus/Source/FreeRTOS-Plus-TCP/source/FreeRTOS_IP_Utils.o
                0x0000000000003814                FreeRTOS_multiply_int32
 .text.FreeRTOS_round_up
                0x0000000000003860       0x1a build//home/kj/FreeRTOS/FreeRTOS-Plus/Source/FreeRTOS-Plus-TCP/source/FreeRTOS_IP_Utils.o
                0x0000000000003860                FreeRTOS_round_up
 .text.ulChar2u32
                0x000000000000387a        0x6 build//home/kj/FreeRTOS/FreeRTOS-Plus/Source/FreeRTOS-Plus-TCP/source/FreeRTOS_IP_Utils.o
                0x000000000000387a                ulChar2u32
 .text.usChar2u16
                0x0000000000003880        0x8 build//home/kj/FreeRTOS/FreeRTOS-Plus/Source/FreeRTOS-Plus-TCP/source/FreeRTOS_IP_Utils.o
                0x0000000000003880                usChar2u16
 .text.xIsIPv4Multicast
                0x0000000000003888       0x12 build//home/kj/FreeRTOS/FreeRTOS-Plus/Source/FreeRTOS-Plus-TCP/source/FreeRTOS_IPv4.o
                0x0000000000003888                xIsIPv4Multicast
 .text.xIsIPv4Loopback
                0x000000000000389a       0x12 build//home/kj/FreeRTOS/FreeRTOS-Plus/Source/FreeRTOS-Plus-TCP/source/FreeRTOS_IPv4.o
                0x000000000000389a                xIsIPv4Loopback
 .text.xBadIPv4Loopback
                0x00000000000038ac       0x24 build//home/kj/FreeRTOS/FreeRTOS-Plus/Source/FreeRTOS-Plus-TCP/source/FreeRTOS_IPv4.o
                0x00000000000038ac                xBadIPv4Loopback
 .text.prvAllowIPPacketIPv4
                0x00000000000038d0      0x180 build//home/kj/FreeRTOS/FreeRTOS-Plus/Source/FreeRTOS-Plus-TCP/source/FreeRTOS_IPv4.o
                0x00000000000038d0                prvAllowIPPacketIPv4
 .text.prvCheckIP4HeaderOptions
                0x0000000000003a50       0x48 build//home/kj/FreeRTOS/FreeRTOS-Plus/Source/FreeRTOS-Plus-TCP/source/FreeRTOS_IPv4.o
                0x0000000000003a50                prvCheckIP4HeaderOptions
 .text.FreeRTOS_inet_pton4
                0x0000000000003a98       0xa4 build//home/kj/FreeRTOS/FreeRTOS-Plus/Source/FreeRTOS-Plus-TCP/source/FreeRTOS_IPv4_Sockets.o
                0x0000000000003a98                FreeRTOS_inet_pton4
 .text.FreeRTOS_inet_ntop4
                0x0000000000003b3c       0x16 build//home/kj/FreeRTOS/FreeRTOS-Plus/Source/FreeRTOS-Plus-TCP/source/FreeRTOS_IPv4_Sockets.o
                0x0000000000003b3c                FreeRTOS_inet_ntop4
 .text.vSetMultiCastIPv4MacAddress
                0x0000000000003b52       0x1c build//home/kj/FreeRTOS/FreeRTOS-Plus/Source/FreeRTOS-Plus-TCP/source/FreeRTOS_IPv4_Utils.o
                0x0000000000003b52                vSetMultiCastIPv4MacAddress
 .text.prvChecksumIPv4Checks
                0x0000000000003b6e       0x6a build//home/kj/FreeRTOS/FreeRTOS-Plus/Source/FreeRTOS-Plus-TCP/source/FreeRTOS_IPv4_Utils.o
                0x0000000000003b6e                prvChecksumIPv4Checks
 .text.FreeRTOS_FillEndPoint
                0x0000000000003bd8       0xec build//home/kj/FreeRTOS/FreeRTOS-Plus/Source/FreeRTOS-Plus-TCP/source/FreeRTOS_Routing.o
                0x0000000000003bd8                FreeRTOS_FillEndPoint
 .text.FreeRTOS_AddNetworkInterface
                0x0000000000003cc4       0x24 build//home/kj/FreeRTOS/FreeRTOS-Plus/Source/FreeRTOS-Plus-TCP/source/FreeRTOS_Routing.o
                0x0000000000003cc4                FreeRTOS_AddNetworkInterface
 .text.FreeRTOS_FirstNetworkInterface
                0x0000000000003ce8        0xc build//home/kj/FreeRTOS/FreeRTOS-Plus/Source/FreeRTOS-Plus-TCP/source/FreeRTOS_Routing.o
                0x0000000000003ce8                FreeRTOS_FirstNetworkInterface
 .text.FreeRTOS_NextNetworkInterface
                0x0000000000003cf4        0x6 build//home/kj/FreeRTOS/FreeRTOS-Plus/Source/FreeRTOS-Plus-TCP/source/FreeRTOS_Routing.o
                0x0000000000003cf4                FreeRTOS_NextNetworkInterface
 *fill*         0x0000000000003cfa        0x2 
 .text.FreeRTOS_FirstEndPoint
                0x0000000000003cfc       0x1c build//home/kj/FreeRTOS/FreeRTOS-Plus/Source/FreeRTOS-Plus-TCP/source/FreeRTOS_Routing.o
                0x0000000000003cfc                FreeRTOS_FirstEndPoint
 .text.FreeRTOS_NextEndPoint
                0x0000000000003d18       0x1c build//home/kj/FreeRTOS/FreeRTOS-Plus/Source/FreeRTOS-Plus-TCP/source/FreeRTOS_Routing.o
                0x0000000000003d18                FreeRTOS_NextEndPoint
 .text.FreeRTOS_FindEndPointOnIP_IPv4
                0x0000000000003d34       0x1c build//home/kj/FreeRTOS/FreeRTOS-Plus/Source/FreeRTOS-Plus-TCP/source/FreeRTOS_Routing.o
                0x0000000000003d34                FreeRTOS_FindEndPointOnIP_IPv4
 .text.FreeRTOS_InterfaceEndPointOnNetMask
                0x0000000000003d50       0x2c build//home/kj/FreeRTOS/FreeRTOS-Plus/Source/FreeRTOS-Plus-TCP/source/FreeRTOS_Routing.o
                0x0000000000003d50                FreeRTOS_InterfaceEndPointOnNetMask
 .text.FreeRTOS_FindEndPointOnNetMask
                0x0000000000003d7c        0x8 build//home/kj/FreeRTOS/FreeRTOS-Plus/Source/FreeRTOS-Plus-TCP/source/FreeRTOS_Routing.o
                0x0000000000003d7c                FreeRTOS_FindEndPointOnNetMask
 .text.pxEasyFit
                0x0000000000003d84       0x9e build//home/kj/FreeRTOS/FreeRTOS-Plus/Source/FreeRTOS-Plus-TCP/source/FreeRTOS_Routing.o
                0x0000000000003d84                pxEasyFit
 .text.FreeRTOS_MatchingEndpoint
                0x0000000000003e22       0x8e build//home/kj/FreeRTOS/FreeRTOS-Plus/Source/FreeRTOS-Plus-TCP/source/FreeRTOS_Routing.o
                0x0000000000003e22                FreeRTOS_MatchingEndpoint
 .text.FreeRTOS_FindGateWay
                0x0000000000003eb0       0x18 build//home/kj/FreeRTOS/FreeRTOS-Plus/Source/FreeRTOS-Plus-TCP/source/FreeRTOS_Routing.o
                0x0000000000003eb0                FreeRTOS_FindGateWay
 .text.xCheckRequiresResolution
                0x0000000000003ec8       0x1a build//home/kj/FreeRTOS/FreeRTOS-Plus/Source/FreeRTOS-Plus-TCP/source/FreeRTOS_Routing.o
                0x0000000000003ec8                xCheckRequiresResolution
 *fill*         0x0000000000003ee2        0x2 
 .text.prvTCPCreateStream
                0x0000000000003ee4       0xa0 build//home/kj/FreeRTOS/FreeRTOS-Plus/Source/FreeRTOS-Plus-TCP/source/FreeRTOS_Sockets.o
 .text.pxListFindListItemWithValue
                0x0000000000003f84       0x24 build//home/kj/FreeRTOS/FreeRTOS-Plus/Source/FreeRTOS-Plus-TCP/source/FreeRTOS_Sockets.o
 .text.prvValidSocket
                0x0000000000003fa8       0x20 build//home/kj/FreeRTOS/FreeRTOS-Plus/Source/FreeRTOS-Plus-TCP/source/FreeRTOS_Sockets.o
 .text.prvTCPSendCheck
                0x0000000000003fc8       0x5e build//home/kj/FreeRTOS/FreeRTOS-Plus/Source/FreeRTOS-Plus-TCP/source/FreeRTOS_Sockets.o
 *fill*         0x0000000000004026        0x2 
 .text.vNetworkSocketsInit
                0x0000000000004028       0x1c build//home/kj/FreeRTOS/FreeRTOS-Plus/Source/FreeRTOS-Plus-TCP/source/FreeRTOS_Sockets.o
                0x0000000000004028                vNetworkSocketsInit
 .text.FreeRTOS_socket
                0x0000000000004044      0x130 build//home/kj/FreeRTOS/FreeRTOS-Plus/Source/FreeRTOS-Plus-TCP/source/FreeRTOS_Sockets.o
                0x0000000000004044                FreeRTOS_socket
 .text.FreeRTOS_bind
                0x0000000000004174       0x8c build//home/kj/FreeRTOS/FreeRTOS-Plus/Source/FreeRTOS-Plus-TCP/source/FreeRTOS_Sockets.o
                0x0000000000004174                FreeRTOS_bind
 .text.vSocketBind
                0x0000000000004200       0xf0 build//home/kj/FreeRTOS/FreeRTOS-Plus/Source/FreeRTOS-Plus-TCP/source/FreeRTOS_Sockets.o
                0x0000000000004200                vSocketBind
 .text.FreeRTOS_closesocket
                0x00000000000042f0       0x2e build//home/kj/FreeRTOS/FreeRTOS-Plus/Source/FreeRTOS-Plus-TCP/source/FreeRTOS_Sockets.o
                0x00000000000042f0                FreeRTOS_closesocket
 *fill*         0x000000000000431e        0x2 
 .text.vSocketClose
                0x0000000000004320       0xd8 build//home/kj/FreeRTOS/FreeRTOS-Plus/Source/FreeRTOS-Plus-TCP/source/FreeRTOS_Sockets.o
                0x0000000000004320                vSocketClose
 .text.pxUDPSocketLookup
                0x00000000000043f8       0x20 build//home/kj/FreeRTOS/FreeRTOS-Plus/Source/FreeRTOS-Plus-TCP/source/FreeRTOS_Sockets.o
                0x00000000000043f8                pxUDPSocketLookup
 .text.FreeRTOS_inet_ntoa
                0x0000000000004418       0x8a build//home/kj/FreeRTOS/FreeRTOS-Plus/Source/FreeRTOS-Plus-TCP/source/FreeRTOS_Sockets.o
                0x0000000000004418                FreeRTOS_inet_ntoa
 .text.FreeRTOS_inet_ntop
                0x00000000000044a2       0x1a build//home/kj/FreeRTOS/FreeRTOS-Plus/Source/FreeRTOS-Plus-TCP/source/FreeRTOS_Sockets.o
                0x00000000000044a2                FreeRTOS_inet_ntop
 .text.FreeRTOS_inet_addr
                0x00000000000044bc       0x18 build//home/kj/FreeRTOS/FreeRTOS-Plus/Source/FreeRTOS-Plus-TCP/source/FreeRTOS_Sockets.o
                0x00000000000044bc                FreeRTOS_inet_addr
 .text.FreeRTOS_GetLocalAddress
                0x00000000000044d4       0x1c build//home/kj/FreeRTOS/FreeRTOS-Plus/Source/FreeRTOS-Plus-TCP/source/FreeRTOS_Sockets.o
                0x00000000000044d4                FreeRTOS_GetLocalAddress
 .text.vSocketWakeUpUser
                0x00000000000044f0       0x38 build//home/kj/FreeRTOS/FreeRTOS-Plus/Source/FreeRTOS-Plus-TCP/source/FreeRTOS_Sockets.o
                0x00000000000044f0                vSocketWakeUpUser
 .text.FreeRTOS_send
                0x0000000000004528      0x108 build//home/kj/FreeRTOS/FreeRTOS-Plus/Source/FreeRTOS-Plus-TCP/source/FreeRTOS_Sockets.o
                0x0000000000004528                FreeRTOS_send
 .text.FreeRTOS_listen
                0x0000000000004630       0x7e build//home/kj/FreeRTOS/FreeRTOS-Plus/Source/FreeRTOS-Plus-TCP/source/FreeRTOS_Sockets.o
                0x0000000000004630                FreeRTOS_listen
 *fill*         0x00000000000046ae        0x2 
 .text.xTCPTimerCheck
                0x00000000000046b0       0x88 build//home/kj/FreeRTOS/FreeRTOS-Plus/Source/FreeRTOS-Plus-TCP/source/FreeRTOS_Sockets.o
                0x00000000000046b0                xTCPTimerCheck
 .text.pxTCPSocketLookup
                0x0000000000004738       0x54 build//home/kj/FreeRTOS/FreeRTOS-Plus/Source/FreeRTOS-Plus-TCP/source/FreeRTOS_Sockets.o
                0x0000000000004738                pxTCPSocketLookup
 .text.lTCPAddRxdata
                0x000000000000478c       0x80 build//home/kj/FreeRTOS/FreeRTOS-Plus/Source/FreeRTOS-Plus-TCP/source/FreeRTOS_Sockets.o
                0x000000000000478c                lTCPAddRxdata
 .text.FreeRTOS_tx_space
                0x000000000000480c       0x20 build//home/kj/FreeRTOS/FreeRTOS-Plus/Source/FreeRTOS-Plus-TCP/source/FreeRTOS_Sockets.o
                0x000000000000480c                FreeRTOS_tx_space
 .text.FreeRTOS_tx_size
                0x000000000000482c       0x18 build//home/kj/FreeRTOS/FreeRTOS-Plus/Source/FreeRTOS-Plus-TCP/source/FreeRTOS_Sockets.o
                0x000000000000482c                FreeRTOS_tx_size
 .text.FreeRTOS_issocketconnected
                0x0000000000004844       0x1e build//home/kj/FreeRTOS/FreeRTOS-Plus/Source/FreeRTOS-Plus-TCP/source/FreeRTOS_Sockets.o
                0x0000000000004844                FreeRTOS_issocketconnected
 *fill*         0x0000000000004862        0x2 
 .text.prvSockopt_so_buffer
                0x0000000000004864       0xc4 build//home/kj/FreeRTOS/FreeRTOS-Plus/Source/FreeRTOS-Plus-TCP/source/FreeRTOS_Sockets.o
 .text.FreeRTOS_setsockopt
                0x0000000000004928      0x192 build//home/kj/FreeRTOS/FreeRTOS-Plus/Source/FreeRTOS-Plus-TCP/source/FreeRTOS_Sockets.o
                0x0000000000004928                FreeRTOS_setsockopt
 *fill*         0x0000000000004aba        0x2 
 .text.FreeRTOS_connect
                0x0000000000004abc      0x128 build//home/kj/FreeRTOS/FreeRTOS-Plus/Source/FreeRTOS-Plus-TCP/source/FreeRTOS_Sockets.o
                0x0000000000004abc                FreeRTOS_connect
 .text.FreeRTOS_rx_size
                0x0000000000004be4       0x18 build//home/kj/FreeRTOS/FreeRTOS-Plus/Source/FreeRTOS-Plus-TCP/source/FreeRTOS_Sockets.o
                0x0000000000004be4                FreeRTOS_rx_size
 .text.vTCPNetStat
                0x0000000000004bfc      0x1b8 build//home/kj/FreeRTOS/FreeRTOS-Plus/Source/FreeRTOS-Plus-TCP/source/FreeRTOS_Sockets.o
                0x0000000000004bfc                vTCPNetStat
 .text.vSocketSelect
                0x0000000000004db4      0x110 build//home/kj/FreeRTOS/FreeRTOS-Plus/Source/FreeRTOS-Plus-TCP/source/FreeRTOS_Sockets.o
                0x0000000000004db4                vSocketSelect
 .text.uxStreamBufferSpace
                0x0000000000004ec4       0x10 build//home/kj/FreeRTOS/FreeRTOS-Plus/Source/FreeRTOS-Plus-TCP/source/FreeRTOS_Stream_Buffer.o
                0x0000000000004ec4                uxStreamBufferSpace
 .text.uxStreamBufferDistance
                0x0000000000004ed4        0xe build//home/kj/FreeRTOS/FreeRTOS-Plus/Source/FreeRTOS-Plus-TCP/source/FreeRTOS_Stream_Buffer.o
                0x0000000000004ed4                uxStreamBufferDistance
 .text.uxStreamBufferGetSpace
                0x0000000000004ee2        0x8 build//home/kj/FreeRTOS/FreeRTOS-Plus/Source/FreeRTOS-Plus-TCP/source/FreeRTOS_Stream_Buffer.o
                0x0000000000004ee2                uxStreamBufferGetSpace
 .text.uxStreamBufferFrontSpace
                0x0000000000004eea        0x8 build//home/kj/FreeRTOS/FreeRTOS-Plus/Source/FreeRTOS-Plus-TCP/source/FreeRTOS_Stream_Buffer.o
                0x0000000000004eea                uxStreamBufferFrontSpace
 .text.uxStreamBufferGetSize
                0x0000000000004ef2        0x8 build//home/kj/FreeRTOS/FreeRTOS-Plus/Source/FreeRTOS-Plus-TCP/source/FreeRTOS_Stream_Buffer.o
                0x0000000000004ef2                uxStreamBufferGetSize
 .text.uxStreamBufferMidSpace
                0x0000000000004efa        0x8 build//home/kj/FreeRTOS/FreeRTOS-Plus/Source/FreeRTOS-Plus-TCP/source/FreeRTOS_Stream_Buffer.o
                0x0000000000004efa                uxStreamBufferMidSpace
 .text.vStreamBufferClear
                0x0000000000004f02        0xc build//home/kj/FreeRTOS/FreeRTOS-Plus/Source/FreeRTOS-Plus-TCP/source/FreeRTOS_Stream_Buffer.o
                0x0000000000004f02                vStreamBufferClear
 .text.vStreamBufferMoveMid
                0x0000000000004f0e       0x20 build//home/kj/FreeRTOS/FreeRTOS-Plus/Source/FreeRTOS-Plus-TCP/source/FreeRTOS_Stream_Buffer.o
                0x0000000000004f0e                vStreamBufferMoveMid
 .text.uxStreamBufferAdd
                0x0000000000004f2e       0x94 build//home/kj/FreeRTOS/FreeRTOS-Plus/Source/FreeRTOS-Plus-TCP/source/FreeRTOS_Stream_Buffer.o
                0x0000000000004f2e                uxStreamBufferAdd
 .text.uxStreamBufferGet
                0x0000000000004fc2       0x82 build//home/kj/FreeRTOS/FreeRTOS-Plus/Source/FreeRTOS-Plus-TCP/source/FreeRTOS_Stream_Buffer.o
                0x0000000000004fc2                uxStreamBufferGet
 .text.vSocketCloseNextTime
                0x0000000000005044       0x1c build//home/kj/FreeRTOS/FreeRTOS-Plus/Source/FreeRTOS-Plus-TCP/source/FreeRTOS_TCP_IP.o
                0x0000000000005044                vSocketCloseNextTime
 .text.vSocketListenNextTime
                0x0000000000005060       0x20 build//home/kj/FreeRTOS/FreeRTOS-Plus/Source/FreeRTOS-Plus-TCP/source/FreeRTOS_TCP_IP.o
                0x0000000000005060                vSocketListenNextTime
 .text.prvTCPTouchSocket
                0x0000000000005080       0x28 build//home/kj/FreeRTOS/FreeRTOS-Plus/Source/FreeRTOS-Plus-TCP/source/FreeRTOS_TCP_IP.o
                0x0000000000005080                prvTCPTouchSocket
 .text.vTCPStateChange
                0x00000000000050a8      0x234 build//home/kj/FreeRTOS/FreeRTOS-Plus/Source/FreeRTOS-Plus-TCP/source/FreeRTOS_TCP_IP.o
                0x00000000000050a8                vTCPStateChange
 .text.prvTCPNextTimeout
                0x00000000000052dc       0x8a build//home/kj/FreeRTOS/FreeRTOS-Plus/Source/FreeRTOS-Plus-TCP/source/FreeRTOS_TCP_IP.o
                0x00000000000052dc                prvTCPNextTimeout
 .text.xTCPSocketCheck
                0x0000000000005366       0x8e build//home/kj/FreeRTOS/FreeRTOS-Plus/Source/FreeRTOS-Plus-TCP/source/FreeRTOS_TCP_IP.o
                0x0000000000005366                xTCPSocketCheck
 .text.xProcessReceivedTCPPacket
                0x00000000000053f4      0x1f6 build//home/kj/FreeRTOS/FreeRTOS-Plus/Source/FreeRTOS-Plus-TCP/source/FreeRTOS_TCP_IP.o
                0x00000000000053f4                xProcessReceivedTCPPacket
 *fill*         0x00000000000055ea        0x2 
 .text.xTCPCheckNewClient
                0x00000000000055ec       0x3c build//home/kj/FreeRTOS/FreeRTOS-Plus/Source/FreeRTOS-Plus-TCP/source/FreeRTOS_TCP_IP.o
                0x00000000000055ec                xTCPCheckNewClient
 .text.prvCheckOptions
                0x0000000000005628      0x17c build//home/kj/FreeRTOS/FreeRTOS-Plus/Source/FreeRTOS-Plus-TCP/source/FreeRTOS_TCP_Reception.o
                0x0000000000005628                prvCheckOptions
 .text.prvCheckRxData
                0x00000000000057a4       0x78 build//home/kj/FreeRTOS/FreeRTOS-Plus/Source/FreeRTOS-Plus-TCP/source/FreeRTOS_TCP_Reception.o
                0x00000000000057a4                prvCheckRxData
 .text.prvStoreRxData
                0x000000000000581c       0x9c build//home/kj/FreeRTOS/FreeRTOS-Plus/Source/FreeRTOS-Plus-TCP/source/FreeRTOS_TCP_Reception.o
                0x000000000000581c                prvStoreRxData
 .text.prvTCPHandleFin
                0x00000000000058b8       0xbc build//home/kj/FreeRTOS/FreeRTOS-Plus/Source/FreeRTOS-Plus-TCP/source/FreeRTOS_TCP_State_Handling.o
 .text.prvTCPSocketIsActive
                0x0000000000005974       0x1a build//home/kj/FreeRTOS/FreeRTOS-Plus/Source/FreeRTOS-Plus-TCP/source/FreeRTOS_TCP_State_Handling.o
                0x0000000000005974                prvTCPSocketIsActive
 .text.prvTCPStatusAgeCheck
                0x000000000000598e       0x48 build//home/kj/FreeRTOS/FreeRTOS-Plus/Source/FreeRTOS-Plus-TCP/source/FreeRTOS_TCP_State_Handling.o
                0x000000000000598e                prvTCPStatusAgeCheck
 .text.prvTCPHandleState
                0x00000000000059d6      0x3b6 build//home/kj/FreeRTOS/FreeRTOS-Plus/Source/FreeRTOS-Plus-TCP/source/FreeRTOS_TCP_State_Handling.o
                0x00000000000059d6                prvTCPHandleState
 .text.prvHandleListen
                0x0000000000005d8c       0x20 build//home/kj/FreeRTOS/FreeRTOS-Plus/Source/FreeRTOS-Plus-TCP/source/FreeRTOS_TCP_State_Handling.o
                0x0000000000005d8c                prvHandleListen
 .text.prvTCPSocketCopy
                0x0000000000005dac       0x9a build//home/kj/FreeRTOS/FreeRTOS-Plus/Source/FreeRTOS-Plus-TCP/source/FreeRTOS_TCP_State_Handling.o
                0x0000000000005dac                prvTCPSocketCopy
 *fill*         0x0000000000005e46        0x2 
 .text.FreeRTOS_GetTCPStateName
                0x0000000000005e48       0x14 build//home/kj/FreeRTOS/FreeRTOS-Plus/Source/FreeRTOS-Plus-TCP/source/FreeRTOS_TCP_State_Handling.o
                0x0000000000005e48                FreeRTOS_GetTCPStateName
 .text.prvHandleListen_IPV4
                0x0000000000005e5c      0x140 build//home/kj/FreeRTOS/FreeRTOS-Plus/Source/FreeRTOS-Plus-TCP/source/FreeRTOS_TCP_State_Handling_IPv4.o
                0x0000000000005e5c                prvHandleListen_IPV4
 .text.prvTCPReturnPacket
                0x0000000000005f9c       0x24 build//home/kj/FreeRTOS/FreeRTOS-Plus/Source/FreeRTOS-Plus-TCP/source/FreeRTOS_TCP_Transmission.o
                0x0000000000005f9c                prvTCPReturnPacket
 .text.prvTCPReturn_CheckTCPWindow
                0x0000000000005fc0       0x70 build//home/kj/FreeRTOS/FreeRTOS-Plus/Source/FreeRTOS-Plus-TCP/source/FreeRTOS_TCP_Transmission.o
                0x0000000000005fc0                prvTCPReturn_CheckTCPWindow
 .text.prvTCPReturn_SetSequenceNumber
                0x0000000000006030       0x5e build//home/kj/FreeRTOS/FreeRTOS-Plus/Source/FreeRTOS-Plus-TCP/source/FreeRTOS_TCP_Transmission.o
                0x0000000000006030                prvTCPReturn_SetSequenceNumber
 .text.prvTCPCreateWindow
                0x000000000000608e       0x2e build//home/kj/FreeRTOS/FreeRTOS-Plus/Source/FreeRTOS-Plus-TCP/source/FreeRTOS_TCP_Transmission.o
                0x000000000000608e                prvTCPCreateWindow
 .text.prvSetSynAckOptions
                0x00000000000060bc       0x4c build//home/kj/FreeRTOS/FreeRTOS-Plus/Source/FreeRTOS-Plus-TCP/source/FreeRTOS_TCP_Transmission.o
                0x00000000000060bc                prvSetSynAckOptions
 .text.prvTCPBufferResize
                0x0000000000006108       0x7c build//home/kj/FreeRTOS/FreeRTOS-Plus/Source/FreeRTOS-Plus-TCP/source/FreeRTOS_TCP_Transmission.o
                0x0000000000006108                prvTCPBufferResize
 .text.prvTCPReturn_SetEndPoint
                0x0000000000006184       0xa4 build//home/kj/FreeRTOS/FreeRTOS-Plus/Source/FreeRTOS-Plus-TCP/source/FreeRTOS_TCP_Transmission.o
                0x0000000000006184                prvTCPReturn_SetEndPoint
 .text.prvTCPPrepareSend
                0x0000000000006228      0x1da build//home/kj/FreeRTOS/FreeRTOS-Plus/Source/FreeRTOS-Plus-TCP/source/FreeRTOS_TCP_Transmission.o
                0x0000000000006228                prvTCPPrepareSend
 .text.prvTCPSendRepeated
                0x0000000000006402       0x36 build//home/kj/FreeRTOS/FreeRTOS-Plus/Source/FreeRTOS-Plus-TCP/source/FreeRTOS_TCP_Transmission.o
                0x0000000000006402                prvTCPSendRepeated
 .text.prvTCPSendPacket
                0x0000000000006438       0x90 build//home/kj/FreeRTOS/FreeRTOS-Plus/Source/FreeRTOS-Plus-TCP/source/FreeRTOS_TCP_Transmission.o
                0x0000000000006438                prvTCPSendPacket
 .text.prvTCPAddTxData
                0x00000000000064c8       0x32 build//home/kj/FreeRTOS/FreeRTOS-Plus/Source/FreeRTOS-Plus-TCP/source/FreeRTOS_TCP_Transmission.o
                0x00000000000064c8                prvTCPAddTxData
 .text.prvSetOptions
                0x00000000000064fa       0x5e build//home/kj/FreeRTOS/FreeRTOS-Plus/Source/FreeRTOS-Plus-TCP/source/FreeRTOS_TCP_Transmission.o
                0x00000000000064fa                prvSetOptions
 .text.prvSendData
                0x0000000000006558       0xa4 build//home/kj/FreeRTOS/FreeRTOS-Plus/Source/FreeRTOS-Plus-TCP/source/FreeRTOS_TCP_Transmission.o
                0x0000000000006558                prvSendData
 .text.prvTCPSendSpecialPacketHelper
                0x00000000000065fc       0x1e build//home/kj/FreeRTOS/FreeRTOS-Plus/Source/FreeRTOS-Plus-TCP/source/FreeRTOS_TCP_Transmission.o
                0x00000000000065fc                prvTCPSendSpecialPacketHelper
 .text.prvTCPSendChallengeAck
                0x000000000000661a        0x6 build//home/kj/FreeRTOS/FreeRTOS-Plus/Source/FreeRTOS-Plus-TCP/source/FreeRTOS_TCP_Transmission.o
                0x000000000000661a                prvTCPSendChallengeAck
 .text.prvTCPSendReset
                0x0000000000006620        0x6 build//home/kj/FreeRTOS/FreeRTOS-Plus/Source/FreeRTOS-Plus-TCP/source/FreeRTOS_TCP_Transmission.o
                0x0000000000006620                prvTCPSendReset
 *fill*         0x0000000000006626        0x2 
 .text.prvTCPReturnPacket_IPV4
                0x0000000000006628      0x16c build//home/kj/FreeRTOS/FreeRTOS-Plus/Source/FreeRTOS-Plus-TCP/source/FreeRTOS_TCP_Transmission_IPv4.o
                0x0000000000006628                prvTCPReturnPacket_IPV4
 .text.prvTCPPrepareConnect_IPV4
                0x0000000000006794       0xde build//home/kj/FreeRTOS/FreeRTOS-Plus/Source/FreeRTOS-Plus-TCP/source/FreeRTOS_TCP_Transmission_IPv4.o
                0x0000000000006794                prvTCPPrepareConnect_IPV4
 .text.prvTCPSendSpecialPktHelper_IPV4
                0x0000000000006872       0x34 build//home/kj/FreeRTOS/FreeRTOS-Plus/Source/FreeRTOS-Plus-TCP/source/FreeRTOS_TCP_Transmission_IPv4.o
                0x0000000000006872                prvTCPSendSpecialPktHelper_IPV4
 .text.prvSocketSetMSS
                0x00000000000068a6        0xc build//home/kj/FreeRTOS/FreeRTOS-Plus/Source/FreeRTOS-Plus-TCP/source/FreeRTOS_TCP_Utils.o
                0x00000000000068a6                prvSocketSetMSS
 .text.prvSocketSetMSS_IPV4
                0x00000000000068b2       0x2e build//home/kj/FreeRTOS/FreeRTOS-Plus/Source/FreeRTOS-Plus-TCP/source/FreeRTOS_TCP_Utils_IPv4.o
                0x00000000000068b2                prvSocketSetMSS_IPV4
 .text.vListInsertFifo
                0x00000000000068e0       0x18 build//home/kj/FreeRTOS/FreeRTOS-Plus/Source/FreeRTOS-Plus-TCP/source/FreeRTOS_TCP_WIN.o
 .text.xTCPWindowRxFind
                0x00000000000068f8       0x1e build//home/kj/FreeRTOS/FreeRTOS-Plus/Source/FreeRTOS-Plus-TCP/source/FreeRTOS_TCP_WIN.o
 *fill*         0x0000000000006916        0x2 
 .text.vTCPWindowFree
                0x0000000000006918       0x34 build//home/kj/FreeRTOS/FreeRTOS-Plus/Source/FreeRTOS-Plus-TCP/source/FreeRTOS_TCP_WIN.o
 .text.prvTCPWindowTxHasSpace
                0x000000000000694c       0x3e build//home/kj/FreeRTOS/FreeRTOS-Plus/Source/FreeRTOS-Plus-TCP/source/FreeRTOS_TCP_WIN.o
 .text.prvTCPWindowTxCheckAck
                0x000000000000698a       0xf8 build//home/kj/FreeRTOS/FreeRTOS-Plus/Source/FreeRTOS-Plus-TCP/source/FreeRTOS_TCP_WIN.o
 .text.xSequenceLessThan
                0x0000000000006a82        0x6 build//home/kj/FreeRTOS/FreeRTOS-Plus/Source/FreeRTOS-Plus-TCP/source/FreeRTOS_TCP_WIN.o
                0x0000000000006a82                xSequenceLessThan
 .text.xSequenceGreaterThan
                0x0000000000006a88        0x6 build//home/kj/FreeRTOS/FreeRTOS-Plus/Source/FreeRTOS-Plus-TCP/source/FreeRTOS_TCP_WIN.o
                0x0000000000006a88                xSequenceGreaterThan
 .text.xTCPWindowRxEmpty
                0x0000000000006a8e       0x18 build//home/kj/FreeRTOS/FreeRTOS-Plus/Source/FreeRTOS-Plus-TCP/source/FreeRTOS_TCP_WIN.o
                0x0000000000006a8e                xTCPWindowRxEmpty
 .text.vTCPWindowDestroy
                0x0000000000006aa6       0x3a build//home/kj/FreeRTOS/FreeRTOS-Plus/Source/FreeRTOS-Plus-TCP/source/FreeRTOS_TCP_WIN.o
                0x0000000000006aa6                vTCPWindowDestroy
 .text.vTCPWindowInit
                0x0000000000006ae0       0x42 build//home/kj/FreeRTOS/FreeRTOS-Plus/Source/FreeRTOS-Plus-TCP/source/FreeRTOS_TCP_WIN.o
                0x0000000000006ae0                vTCPWindowInit
 *fill*         0x0000000000006b22        0x2 
 .text.xTCPWindowCreate
                0x0000000000006b24       0x9c build//home/kj/FreeRTOS/FreeRTOS-Plus/Source/FreeRTOS-Plus-TCP/source/FreeRTOS_TCP_WIN.o
                0x0000000000006b24                xTCPWindowCreate
 .text.lTCPWindowRxCheck
                0x0000000000006bc0      0x140 build//home/kj/FreeRTOS/FreeRTOS-Plus/Source/FreeRTOS-Plus-TCP/source/FreeRTOS_TCP_WIN.o
                0x0000000000006bc0                lTCPWindowRxCheck
 .text.lTCPWindowTxAdd
                0x0000000000006d00       0xf4 build//home/kj/FreeRTOS/FreeRTOS-Plus/Source/FreeRTOS-Plus-TCP/source/FreeRTOS_TCP_WIN.o
                0x0000000000006d00                lTCPWindowTxAdd
 .text.xTCPWindowTxDone
                0x0000000000006df4        0xc build//home/kj/FreeRTOS/FreeRTOS-Plus/Source/FreeRTOS-Plus-TCP/source/FreeRTOS_TCP_WIN.o
                0x0000000000006df4                xTCPWindowTxDone
 .text.xTCPWindowTxHasData
                0x0000000000006e00       0x60 build//home/kj/FreeRTOS/FreeRTOS-Plus/Source/FreeRTOS-Plus-TCP/source/FreeRTOS_TCP_WIN.o
                0x0000000000006e00                xTCPWindowTxHasData
 .text.ulTCPWindowTxGet
                0x0000000000006e60       0xf4 build//home/kj/FreeRTOS/FreeRTOS-Plus/Source/FreeRTOS-Plus-TCP/source/FreeRTOS_TCP_WIN.o
                0x0000000000006e60                ulTCPWindowTxGet
 .text.ulTCPWindowTxAck
                0x0000000000006f54       0x12 build//home/kj/FreeRTOS/FreeRTOS-Plus/Source/FreeRTOS-Plus-TCP/source/FreeRTOS_TCP_WIN.o
                0x0000000000006f54                ulTCPWindowTxAck
 .text.ulTCPWindowTxSack
                0x0000000000006f66       0x56 build//home/kj/FreeRTOS/FreeRTOS-Plus/Source/FreeRTOS-Plus-TCP/source/FreeRTOS_TCP_WIN.o
                0x0000000000006f66                ulTCPWindowTxSack
 .text.vProcessGeneratedUDPPacket
                0x0000000000006fbc       0x10 build//home/kj/FreeRTOS/FreeRTOS-Plus/Source/FreeRTOS-Plus-TCP/source/FreeRTOS_UDP_IP.o
                0x0000000000006fbc                vProcessGeneratedUDPPacket
 .text.xProcessReceivedUDPPacket
                0x0000000000006fcc       0x30 build//home/kj/FreeRTOS/FreeRTOS-Plus/Source/FreeRTOS-Plus-TCP/source/FreeRTOS_UDP_IP.o
                0x0000000000006fcc                xProcessReceivedUDPPacket
 .text.vProcessGeneratedUDPPacket_IPv4
                0x0000000000006ffc      0x118 build//home/kj/FreeRTOS/FreeRTOS-Plus/Source/FreeRTOS-Plus-TCP/source/FreeRTOS_UDP_IPv4.o
                0x0000000000006ffc                vProcessGeneratedUDPPacket_IPv4
 .text.xProcessReceivedUDPPacket_IPv4
                0x0000000000007114       0xd2 build//home/kj/FreeRTOS/FreeRTOS-Plus/Source/FreeRTOS-Plus-TCP/source/FreeRTOS_UDP_IPv4.o
                0x0000000000007114                xProcessReceivedUDPPacket_IPv4
 *fill*         0x00000000000071e6        0x2 
 .text.xNetworkBuffersInitialise
                0x00000000000071e8       0x70 build//home/kj/FreeRTOS/FreeRTOS-Plus/Source/FreeRTOS-Plus-TCP/source/portable/BufferManagement/BufferAllocation_2.o
                0x00000000000071e8                xNetworkBuffersInitialise
 .text.pucGetNetworkBuffer
                0x0000000000007258       0x44 build//home/kj/FreeRTOS/FreeRTOS-Plus/Source/FreeRTOS-Plus-TCP/source/portable/BufferManagement/BufferAllocation_2.o
                0x0000000000007258                pucGetNetworkBuffer
 .text.vReleaseNetworkBuffer
                0x000000000000729c        0xa build//home/kj/FreeRTOS/FreeRTOS-Plus/Source/FreeRTOS-Plus-TCP/source/portable/BufferManagement/BufferAllocation_2.o
                0x000000000000729c                vReleaseNetworkBuffer
 *fill*         0x00000000000072a6        0x2 
 .text.vReleaseNetworkBufferAndDescriptor
                0x00000000000072a8       0x48 build//home/kj/FreeRTOS/FreeRTOS-Plus/Source/FreeRTOS-Plus-TCP/source/portable/BufferManagement/BufferAllocation_2.o
                0x00000000000072a8                vReleaseNetworkBufferAndDescriptor
 .text.pxGetNetworkBufferWithDescriptor
                0x00000000000072f0       0xac build//home/kj/FreeRTOS/FreeRTOS-Plus/Source/FreeRTOS-Plus-TCP/source/portable/BufferManagement/BufferAllocation_2.o
                0x00000000000072f0                pxGetNetworkBufferWithDescriptor
 .text.uxGetNumberOfFreeNetworkBuffers
                0x000000000000739c        0xc build//home/kj/FreeRTOS/FreeRTOS-Plus/Source/FreeRTOS-Plus-TCP/source/portable/BufferManagement/BufferAllocation_2.o
                0x000000000000739c                uxGetNumberOfFreeNetworkBuffers
 .text.uxGetMinimumFreeNetworkBuffers
                0x00000000000073a8        0xc build//home/kj/FreeRTOS/FreeRTOS-Plus/Source/FreeRTOS-Plus-TCP/source/portable/BufferManagement/BufferAllocation_2.o
                0x00000000000073a8                uxGetMinimumFreeNetworkBuffers
 .text.pxResizeNetworkBufferWithDescriptor
                0x00000000000073b4       0x46 build//home/kj/FreeRTOS/FreeRTOS-Plus/Source/FreeRTOS-Plus-TCP/source/portable/BufferManagement/BufferAllocation_2.o
                0x00000000000073b4                pxResizeNetworkBufferWithDescriptor
 *fill*         0x00000000000073fa        0x2 
 .text.xMPS2_GetPhyLinkStatus
                0x00000000000073fc       0x1c build//home/kj/FreeRTOS/FreeRTOS-Plus/Source/FreeRTOS-Plus-TCP/source/portable/NetworkInterface/MPS2_AN385/NetworkInterface.o
 .text.xMPS2_NetworkInterfaceOutput
                0x0000000000007418       0x48 build//home/kj/FreeRTOS/FreeRTOS-Plus/Source/FreeRTOS-Plus-TCP/source/portable/NetworkInterface/MPS2_AN385/NetworkInterface.o
 .text.prvWait_ms
                0x0000000000007460       0x1c build//home/kj/FreeRTOS/FreeRTOS-Plus/Source/FreeRTOS-Plus-TCP/source/portable/NetworkInterface/MPS2_AN385/NetworkInterface.o
 .text.prvRxTask
                0x000000000000747c       0xa8 build//home/kj/FreeRTOS/FreeRTOS-Plus/Source/FreeRTOS-Plus-TCP/source/portable/NetworkInterface/MPS2_AN385/NetworkInterface.o
 .text.xMPS2_NetworkInterfaceInitialise
                0x0000000000007524      0x170 build//home/kj/FreeRTOS/FreeRTOS-Plus/Source/FreeRTOS-Plus-TCP/source/portable/NetworkInterface/MPS2_AN385/NetworkInterface.o
 .text.EthernetISR
                0x0000000000007694       0x60 build//home/kj/FreeRTOS/FreeRTOS-Plus/Source/FreeRTOS-Plus-TCP/source/portable/NetworkInterface/MPS2_AN385/NetworkInterface.o
                0x0000000000007694                EthernetISR
 .text.pxMPS2_FillInterfaceDescriptor
                0x00000000000076f4       0x54 build//home/kj/FreeRTOS/FreeRTOS-Plus/Source/FreeRTOS-Plus-TCP/source/portable/NetworkInterface/MPS2_AN385/NetworkInterface.o
                0x00000000000076f4                pxMPS2_FillInterfaceDescriptor
 .text.smsc9220_mac_regread
                0x0000000000007748       0x50 build//home/kj/FreeRTOS/FreeRTOS-Plus/Source/FreeRTOS-Plus-TCP/source/portable/NetworkInterface/MPS2_AN385/ether_lan9118/smsc9220_eth_drv.o
                0x0000000000007748                smsc9220_mac_regread
 .text.smsc9220_mac_regwrite
                0x0000000000007798       0x54 build//home/kj/FreeRTOS/FreeRTOS-Plus/Source/FreeRTOS-Plus-TCP/source/portable/NetworkInterface/MPS2_AN385/ether_lan9118/smsc9220_eth_drv.o
                0x0000000000007798                smsc9220_mac_regwrite
 .text.smsc9220_phy_regread
                0x00000000000077ec       0x72 build//home/kj/FreeRTOS/FreeRTOS-Plus/Source/FreeRTOS-Plus-TCP/source/portable/NetworkInterface/MPS2_AN385/ether_lan9118/smsc9220_eth_drv.o
                0x00000000000077ec                smsc9220_phy_regread
 .text.smsc9220_phy_regwrite
                0x000000000000785e       0x78 build//home/kj/FreeRTOS/FreeRTOS-Plus/Source/FreeRTOS-Plus-TCP/source/portable/NetworkInterface/MPS2_AN385/ether_lan9118/smsc9220_eth_drv.o
                0x000000000000785e                smsc9220_phy_regwrite
 .text.smsc9220_soft_reset
                0x00000000000078d6       0x2e build//home/kj/FreeRTOS/FreeRTOS-Plus/Source/FreeRTOS-Plus-TCP/source/portable/NetworkInterface/MPS2_AN385/ether_lan9118/smsc9220_eth_drv.o
                0x00000000000078d6                smsc9220_soft_reset
 .text.smsc9220_set_fifo_level_irq
                0x0000000000007904       0x26 build//home/kj/FreeRTOS/FreeRTOS-Plus/Source/FreeRTOS-Plus-TCP/source/portable/NetworkInterface/MPS2_AN385/ether_lan9118/smsc9220_eth_drv.o
                0x0000000000007904                smsc9220_set_fifo_level_irq
 .text.smsc9220_wait_eeprom
                0x000000000000792a       0x28 build//home/kj/FreeRTOS/FreeRTOS-Plus/Source/FreeRTOS-Plus-TCP/source/portable/NetworkInterface/MPS2_AN385/ether_lan9118/smsc9220_eth_drv.o
                0x000000000000792a                smsc9220_wait_eeprom
 .text.smsc9220_check_phy
                0x0000000000007952       0x40 build//home/kj/FreeRTOS/FreeRTOS-Plus/Source/FreeRTOS-Plus-TCP/source/portable/NetworkInterface/MPS2_AN385/ether_lan9118/smsc9220_eth_drv.o
                0x0000000000007952                smsc9220_check_phy
 .text.smsc9220_reset_phy
                0x0000000000007992       0x28 build//home/kj/FreeRTOS/FreeRTOS-Plus/Source/FreeRTOS-Plus-TCP/source/portable/NetworkInterface/MPS2_AN385/ether_lan9118/smsc9220_eth_drv.o
                0x0000000000007992                smsc9220_reset_phy
 .text.smsc9220_advertise_cap
                0x00000000000079ba       0x24 build//home/kj/FreeRTOS/FreeRTOS-Plus/Source/FreeRTOS-Plus-TCP/source/portable/NetworkInterface/MPS2_AN385/ether_lan9118/smsc9220_eth_drv.o
                0x00000000000079ba                smsc9220_advertise_cap
 .text.smsc9220_enable_xmit
                0x00000000000079de        0xe build//home/kj/FreeRTOS/FreeRTOS-Plus/Source/FreeRTOS-Plus-TCP/source/portable/NetworkInterface/MPS2_AN385/ether_lan9118/smsc9220_eth_drv.o
                0x00000000000079de                smsc9220_enable_xmit
 .text.smsc9220_enable_mac_xmit
                0x00000000000079ec       0x24 build//home/kj/FreeRTOS/FreeRTOS-Plus/Source/FreeRTOS-Plus-TCP/source/portable/NetworkInterface/MPS2_AN385/ether_lan9118/smsc9220_eth_drv.o
                0x00000000000079ec                smsc9220_enable_mac_xmit
 .text.smsc9220_enable_mac_recv
                0x0000000000007a10       0x24 build//home/kj/FreeRTOS/FreeRTOS-Plus/Source/FreeRTOS-Plus-TCP/source/portable/NetworkInterface/MPS2_AN385/ether_lan9118/smsc9220_eth_drv.o
                0x0000000000007a10                smsc9220_enable_mac_recv
 .text.smsc9220_check_id
                0x0000000000007a34       0x12 build//home/kj/FreeRTOS/FreeRTOS-Plus/Source/FreeRTOS-Plus-TCP/source/portable/NetworkInterface/MPS2_AN385/ether_lan9118/smsc9220_eth_drv.o
                0x0000000000007a34                smsc9220_check_id
 .text.smsc9220_enable_interrupt
                0x0000000000007a46       0x10 build//home/kj/FreeRTOS/FreeRTOS-Plus/Source/FreeRTOS-Plus-TCP/source/portable/NetworkInterface/MPS2_AN385/ether_lan9118/smsc9220_eth_drv.o
                0x0000000000007a46                smsc9220_enable_interrupt
 .text.smsc9220_disable_interrupt
                0x0000000000007a56       0x12 build//home/kj/FreeRTOS/FreeRTOS-Plus/Source/FreeRTOS-Plus-TCP/source/portable/NetworkInterface/MPS2_AN385/ether_lan9118/smsc9220_eth_drv.o
                0x0000000000007a56                smsc9220_disable_interrupt
 .text.smsc9220_disable_all_interrupts
                0x0000000000007a68        0xa build//home/kj/FreeRTOS/FreeRTOS-Plus/Source/FreeRTOS-Plus-TCP/source/portable/NetworkInterface/MPS2_AN385/ether_lan9118/smsc9220_eth_drv.o
                0x0000000000007a68                smsc9220_disable_all_interrupts
 .text.smsc9220_clear_interrupt
                0x0000000000007a72       0x10 build//home/kj/FreeRTOS/FreeRTOS-Plus/Source/FreeRTOS-Plus-TCP/source/portable/NetworkInterface/MPS2_AN385/ether_lan9118/smsc9220_eth_drv.o
                0x0000000000007a72                smsc9220_clear_interrupt
 .text.get_irq_status
                0x0000000000007a82        0x8 build//home/kj/FreeRTOS/FreeRTOS-Plus/Source/FreeRTOS-Plus-TCP/source/portable/NetworkInterface/MPS2_AN385/ether_lan9118/smsc9220_eth_drv.o
                0x0000000000007a82                get_irq_status
 .text.smsc9220_clear_all_interrupts
                0x0000000000007a8a        0xc build//home/kj/FreeRTOS/FreeRTOS-Plus/Source/FreeRTOS-Plus-TCP/source/portable/NetworkInterface/MPS2_AN385/ether_lan9118/smsc9220_eth_drv.o
                0x0000000000007a8a                smsc9220_clear_all_interrupts
 .text.smsc9220_init_irqs
                0x0000000000007a96       0x30 build//home/kj/FreeRTOS/FreeRTOS-Plus/Source/FreeRTOS-Plus-TCP/source/portable/NetworkInterface/MPS2_AN385/ether_lan9118/smsc9220_eth_drv.o
                0x0000000000007a96                smsc9220_init_irqs
 .text.smsc9220_establish_link
                0x0000000000007ac6       0x30 build//home/kj/FreeRTOS/FreeRTOS-Plus/Source/FreeRTOS-Plus-TCP/source/portable/NetworkInterface/MPS2_AN385/ether_lan9118/smsc9220_eth_drv.o
                0x0000000000007ac6                smsc9220_establish_link
 .text.smsc9220_init
                0x0000000000007af6      0x124 build//home/kj/FreeRTOS/FreeRTOS-Plus/Source/FreeRTOS-Plus-TCP/source/portable/NetworkInterface/MPS2_AN385/ether_lan9118/smsc9220_eth_drv.o
                0x0000000000007af6                smsc9220_init
 .text.smsc9220_send_by_chunks
                0x0000000000007c1a       0xe8 build//home/kj/FreeRTOS/FreeRTOS-Plus/Source/FreeRTOS-Plus-TCP/source/portable/NetworkInterface/MPS2_AN385/ether_lan9118/smsc9220_eth_drv.o
                0x0000000000007c1a                smsc9220_send_by_chunks
 .text.smsc9220_get_rxfifo_data_used_space
                0x0000000000007d02        0xa build//home/kj/FreeRTOS/FreeRTOS-Plus/Source/FreeRTOS-Plus-TCP/source/portable/NetworkInterface/MPS2_AN385/ether_lan9118/smsc9220_eth_drv.o
                0x0000000000007d02                smsc9220_get_rxfifo_data_used_space
 .text.smsc9220_receive_by_chunks
                0x0000000000007d0c       0x56 build//home/kj/FreeRTOS/FreeRTOS-Plus/Source/FreeRTOS-Plus-TCP/source/portable/NetworkInterface/MPS2_AN385/ether_lan9118/smsc9220_eth_drv.o
                0x0000000000007d0c                smsc9220_receive_by_chunks
 .text.smsc9220_peek_next_packet_size
                0x0000000000007d62       0x2c build//home/kj/FreeRTOS/FreeRTOS-Plus/Source/FreeRTOS-Plus-TCP/source/portable/NetworkInterface/MPS2_AN385/ether_lan9118/smsc9220_eth_drv.o
                0x0000000000007d62                smsc9220_peek_next_packet_size
 *fill*         0x0000000000007d8e        0x2 
 .text          0x0000000000007d90       0x30 /usr/lib/gcc/arm-none-eabi/10.3.1/thumb/v7-m/nofp/libgcc.a(_aeabi_uldivmod.o)
                0x0000000000007d90                __aeabi_uldivmod
 .text          0x0000000000007dc0      0x2d4 /usr/lib/gcc/arm-none-eabi/10.3.1/thumb/v7-m/nofp/libgcc.a(_udivmoddi4.o)
                0x0000000000007dc0                __udivmoddi4
 .text          0x0000000000008094        0x4 /usr/lib/gcc/arm-none-eabi/10.3.1/thumb/v7-m/nofp/libgcc.a(_dvmd_tls.o)
                0x0000000000008094                __aeabi_ldiv0
                0x0000000000008094                __aeabi_idiv0
 .text          0x0000000000008098       0x20 /usr/lib/gcc/arm-none-eabi/10.3.1/../../../arm-none-eabi/lib/thumb/v7-m/nofp/libc_nano.a(lib_a-malloc.o)
                0x0000000000008098                malloc
                0x00000000000080a8                free
 .text          0x00000000000080b8       0x68 /usr/lib/gcc/arm-none-eabi/10.3.1/../../../arm-none-eabi/lib/thumb/v7-m/nofp/libc_nano.a(lib_a-memcmp.o)
                0x00000000000080b8                memcmp
 .text          0x0000000000008120       0xec /usr/lib/gcc/arm-none-eabi/10.3.1/../../../arm-none-eabi/lib/thumb/v7-m/nofp/libc_nano.a(lib_a-memcpy.o)
                0x0000000000008120                memcpy
 .text          0x000000000000820c       0xf8 /usr/lib/gcc/arm-none-eabi/10.3.1/../../../arm-none-eabi/lib/thumb/v7-m/nofp/libc_nano.a(lib_a-memmove.o)
                0x000000000000820c                memmove
 .text          0x0000000000008304       0xa4 /usr/lib/gcc/arm-none-eabi/10.3.1/../../../arm-none-eabi/lib/thumb/v7-m/nofp/libc_nano.a(lib_a-memset.o)
                0x0000000000008304                memset
 .text          0x00000000000083a8       0xcc /usr/lib/gcc/arm-none-eabi/10.3.1/../../../arm-none-eabi/lib/thumb/v7-m/nofp/libc_nano.a(lib_a-nano-freer.o)
                0x00000000000083a8                _free_r
 .text          0x0000000000008474       0xb8 /usr/lib/gcc/arm-none-eabi/10.3.1/../../../arm-none-eabi/lib/thumb/v7-m/nofp/libc_nano.a(lib_a-nano-mallocr.o)
                0x0000000000008474                _malloc_r
 .text          0x000000000000852c       0x60 /usr/lib/gcc/arm-none-eabi/10.3.1/../../../arm-none-eabi/lib/thumb/v7-m/nofp/libc_nano.a(lib_a-printf.o)
                0x000000000000852c                _printf_r
                0x000000000000852c                _iprintf_r
                0x0000000000008558                printf
                0x0000000000008558                iprintf
 .text          0x000000000000858c       0x24 /usr/lib/gcc/arm-none-eabi/10.3.1/../../../arm-none-eabi/lib/thumb/v7-m/nofp/libc_nano.a(lib_a-sbrkr.o)
                0x000000000000858c                _sbrk_r
 .text          0x00000000000085b0      0x100 /usr/lib/gcc/arm-none-eabi/10.3.1/../../../arm-none-eabi/lib/thumb/v7-m/nofp/libc_nano.a(lib_a-snprintf.o)
                0x00000000000085b0                _sniprintf_r
                0x00000000000085b0                _snprintf_r
                0x000000000000862c                snprintf
                0x000000000000862c                sniprintf
 .text          0x00000000000086b0      0x1bc /usr/lib/gcc/arm-none-eabi/10.3.1/../../../arm-none-eabi/lib/thumb/v7-m/nofp/libc_nano.a(lib_a-strcmp.o)
                0x00000000000086b0                strcmp
 .text          0x000000000000886c       0x5c /usr/lib/gcc/arm-none-eabi/10.3.1/../../../arm-none-eabi/lib/thumb/v7-m/nofp/libc_nano.a(lib_a-strlen-stub.o)
                0x000000000000886c                strlen
 .text          0x00000000000088c8       0x68 /usr/lib/gcc/arm-none-eabi/10.3.1/../../../arm-none-eabi/lib/thumb/v7-m/nofp/libc_nano.a(lib_a-strncpy.o)
                0x00000000000088c8                strncpy
 .text          0x0000000000008930       0x34 /usr/lib/gcc/arm-none-eabi/10.3.1/../../../arm-none-eabi/lib/thumb/v7-m/nofp/libc_nano.a(lib_a-time.o)
                0x0000000000008930                time
 .text          0x0000000000008964       0x50 /usr/lib/gcc/arm-none-eabi/10.3.1/../../../arm-none-eabi/lib/thumb/v7-m/nofp/libc_nano.a(lib_a-vprintf.o)
                0x0000000000008964                vprintf
                0x0000000000008964                viprintf
                0x0000000000008990                _viprintf_r
                0x0000000000008990                _vprintf_r
 .text          0x00000000000089b4       0xc4 /usr/lib/gcc/arm-none-eabi/10.3.1/../../../arm-none-eabi/lib/thumb/v7-m/nofp/libc_nano.a(lib_a-wbuf.o)
                0x00000000000089b4                __swbuf_r
                0x0000000000008a64                __swbuf
 .text          0x0000000000008a78      0x104 /usr/lib/gcc/arm-none-eabi/10.3.1/../../../arm-none-eabi/lib/thumb/v7-m/nofp/libc_nano.a(lib_a-wsetup.o)
                0x0000000000008a78                __swsetup_r
 .text          0x0000000000008b7c      0x1dc /usr/lib/gcc/arm-none-eabi/10.3.1/../../../arm-none-eabi/lib/thumb/v7-m/nofp/libc_nano.a(lib_a-fflush.o)
                0x0000000000008b7c                __sflush_r
                0x0000000000008c84                _fflush_r
                0x0000000000008cd8                fflush
 .text          0x0000000000008d58      0x230 /usr/lib/gcc/arm-none-eabi/10.3.1/../../../arm-none-eabi/lib/thumb/v7-m/nofp/libc_nano.a(lib_a-findfp.o)
                0x0000000000008d5c                _cleanup_r
                0x0000000000008d6c                __sfmoreglue
                0x0000000000008d9c                __sfp
                0x0000000000008f34                _cleanup
                0x0000000000008f48                __sinit
                0x0000000000008f50                __sfp_lock_acquire
                0x0000000000008f54                __sfp_lock_release
                0x0000000000008f58                __sinit_lock_acquire
                0x0000000000008f5c                __sinit_lock_release
                0x0000000000008f60                __fp_lock_all
                0x0000000000008f74                __fp_unlock_all
 .text          0x0000000000008f88       0x88 /usr/lib/gcc/arm-none-eabi/10.3.1/../../../arm-none-eabi/lib/thumb/v7-m/nofp/libc_nano.a(lib_a-fwalk.o)
                0x0000000000008f88                _fwalk
                0x0000000000008fc8                _fwalk_reent
 .text          0x0000000000009010       0x28 /usr/lib/gcc/arm-none-eabi/10.3.1/../../../arm-none-eabi/lib/thumb/v7-m/nofp/libc_nano.a(lib_a-gettimeofdayr.o)
                0x0000000000009010                _gettimeofday_r
 .text          0x0000000000009038      0x11c /usr/lib/gcc/arm-none-eabi/10.3.1/../../../arm-none-eabi/lib/thumb/v7-m/nofp/libc_nano.a(lib_a-makebuf.o)
                0x0000000000009038                __smakebuf_r
                0x00000000000090f8                __swhatbuf_r
 .text          0x0000000000009154        0x8 /usr/lib/gcc/arm-none-eabi/10.3.1/../../../arm-none-eabi/lib/thumb/v7-m/nofp/libc_nano.a(lib_a-mlock.o)
                0x0000000000009154                __malloc_lock
                0x0000000000009158                __malloc_unlock
 .text          0x000000000000915c      0x3f4 /usr/lib/gcc/arm-none-eabi/10.3.1/../../../arm-none-eabi/lib/thumb/v7-m/nofp/libc_nano.a(lib_a-nano-svfprintf.o)
                0x000000000000915c                __ssputs_r
                0x0000000000009220                __ssprint_r
                0x000000000000931c                _svfprintf_r
                0x000000000000931c                _svfiprintf_r
 .text          0x0000000000009550      0x320 /usr/lib/gcc/arm-none-eabi/10.3.1/../../../arm-none-eabi/lib/thumb/v7-m/nofp/libc_nano.a(lib_a-nano-vfprintf.o)
                0x0000000000009578                __sfputs_r
                0x00000000000095a8                __sprint_r
                0x00000000000095c4                _vfiprintf_r
                0x00000000000095c4                _vfprintf_r
                0x0000000000009854                vfiprintf
                0x0000000000009854                vfprintf
 .text          0x0000000000009870      0x3d8 /usr/lib/gcc/arm-none-eabi/10.3.1/../../../arm-none-eabi/lib/thumb/v7-m/nofp/libc_nano.a(lib_a-nano-vfprintf_i.o)
                0x0000000000009870                _printf_common
                0x000000000000999c                _printf_i
 .text          0x0000000000009c48       0x90 /usr/lib/gcc/arm-none-eabi/10.3.1/../../../arm-none-eabi/lib/thumb/v7-m/nofp/libc_nano.a(lib_a-stdio.o)
                0x0000000000009c48                __sread
                0x0000000000009c6c                __seofread
                0x0000000000009c70                __swrite
                0x0000000000009cb0                __sseek
                0x0000000000009cd0                __sclose
 .text          0x0000000000009cd8       0x2c /usr/lib/gcc/arm-none-eabi/10.3.1/../../../arm-none-eabi/lib/thumb/v7-m/nofp/libc_nano.a(lib_a-writer.o)
                0x0000000000009cd8                _write_r
 .text          0x0000000000009d04       0x24 /usr/lib/gcc/arm-none-eabi/10.3.1/../../../arm-none-eabi/lib/thumb/v7-m/nofp/libc_nano.a(lib_a-closer.o)
                0x0000000000009d04                _close_r
 .text          0x0000000000009d28       0x28 /usr/lib/gcc/arm-none-eabi/10.3.1/../../../arm-none-eabi/lib/thumb/v7-m/nofp/libc_nano.a(lib_a-fstatr.o)
                0x0000000000009d28                _fstat_r
 .text          0x0000000000009d50      0x2f0 /usr/lib/gcc/arm-none-eabi/10.3.1/../../../arm-none-eabi/lib/thumb/v7-m/nofp/libc_nano.a(lib_a-fvwrite.o)
                0x0000000000009d50                __sfvwrite_r
 .text          0x000000000000a040       0x24 /usr/lib/gcc/arm-none-eabi/10.3.1/../../../arm-none-eabi/lib/thumb/v7-m/nofp/libc_nano.a(lib_a-isattyr.o)
                0x000000000000a040                _isatty_r
 .text          0x000000000000a064       0x2c /usr/lib/gcc/arm-none-eabi/10.3.1/../../../arm-none-eabi/lib/thumb/v7-m/nofp/libc_nano.a(lib_a-lseekr.o)
                0x000000000000a064                _lseek_r
 .text          0x000000000000a090       0x90 /usr/lib/gcc/arm-none-eabi/10.3.1/../../../arm-none-eabi/lib/thumb/v7-m/nofp/libc_nano.a(lib_a-memchr-stub.o)
                0x000000000000a090                memchr
 .text          0x000000000000a120       0x50 /usr/lib/gcc/arm-none-eabi/10.3.1/../../../arm-none-eabi/lib/thumb/v7-m/nofp/libc_nano.a(lib_a-nano-reallocr.o)
                0x000000000000a120                _realloc_r
 .text          0x000000000000a170       0x2c /usr/lib/gcc/arm-none-eabi/10.3.1/../../../arm-none-eabi/lib/thumb/v7-m/nofp/libc_nano.a(lib_a-readr.o)
                0x000000000000a170                _read_r
 .text          0x000000000000a19c       0x14 /usr/lib/gcc/arm-none-eabi/10.3.1/../../../arm-none-eabi/lib/thumb/v7-m/nofp/libc_nano.a(lib_a-nano-msizer.o)
                0x000000000000a19c                _malloc_usable_size_r
 .text          0x000000000000a1b0      0xa10 /usr/lib/gcc/arm-none-eabi/10.3.1/../../../arm-none-eabi/lib/thumb/v7-m/nofp/librdimon_nano.a(rdimon-syscalls.o)
                0x000000000000a1b0                _swiread
                0x000000000000a27c                _swilseek
                0x000000000000a360                _lseek
                0x000000000000a364                _swiwrite
                0x000000000000a45c                _swiclose
                0x000000000000a494                _close
                0x000000000000a52c                _getpid
                0x000000000000a584                _swistat
                0x000000000000a620                _stat
                0x000000000000a65c                _swiopen
                0x000000000000a728                _open
                0x000000000000a73c                _get_semihosting_exts
                0x000000000000a84c                _has_ext_exit_extended
                0x000000000000a88c                _has_ext_stdout_stderr
                0x000000000000a8cc                initialise_monitor_handles
                0x000000000000a9f8                _link
                0x000000000000aa0c                _unlink
                0x000000000000aa4c                _gettimeofday
                0x000000000000aa74                _clock
                0x000000000000aa88                _times
                0x000000000000aaa8                _isatty
                0x000000000000ab10                _system
                0x000000000000ab6c                _rename
 .text          0x000000000000abc0        0xc /usr/lib/gcc/arm-none-eabi/10.3.1/../../../arm-none-eabi/lib/thumb/v7-m/nofp/libc_nano.a(lib_a-errno.o)
                0x000000000000abc0                __errno
 *(.init)
 *(.fini)
 *(.eh_frame)
 *(.rodata*)
 .rodata.vApplicationIPNetworkEventHook_Multi.str1.1
                0x000000000000abcc       0x38 build/platform/main_networking.o
 .rodata.__FUNCTION__.0
                0x000000000000ac04       0x25 build/platform/main_networking.o
 .rodata.ucDNSServerAddress
                0x000000000000ac29        0x4 build/platform/main_networking.o
 .rodata.ucGatewayAddress
                0x000000000000ac2d        0x4 build/platform/main_networking.o
 .rodata.ucIPAddress
                0x000000000000ac31        0x4 build/platform/main_networking.o
 .rodata.ucMACAddress
                0x000000000000ac35        0x6 build/platform/main_networking.o
                0x000000000000ac35                ucMACAddress
 .rodata.ucNetMask
                0x000000000000ac3b        0x4 build/platform/main_networking.o
 .rodata.prvTCPHeartbeatTask.str1.1
                0x000000000000ac3f       0x78 build/tcp_heartbeat_demo.o
                                         0x84 (size before relaxing)
 .rodata.vStartTCPHeartbeatDemo.str1.1
                0x000000000000acb7        0x7 build/tcp_heartbeat_demo.o
 .rodata.__FUNCTION__.0
                0x000000000000acbe       0x14 build/tcp_heartbeat_demo.o
 .rodata.vTaskStartScheduler.str1.1
                0x000000000000acd2        0x5 build//home/kj/FreeRTOS/FreeRTOS/Source/tasks.o
 .rodata        0x000000000000acd7       0x2c build//home/kj/FreeRTOS/FreeRTOS-Plus/Source/FreeRTOS-Plus-TCP/source/FreeRTOS_ARP.o
 .rodata.parseDNSAnswer.str1.1
                0x000000000000ad03       0x5f build//home/kj/FreeRTOS/FreeRTOS-Plus/Source/FreeRTOS-Plus-TCP/source/FreeRTOS_DNS_Parser.o
                                         0x6c (size before relaxing)
 .rodata.DNS_ParseDNSReply.str1.1
                0x000000000000ad62       0x34 build//home/kj/FreeRTOS/FreeRTOS-Plus/Source/FreeRTOS-Plus-TCP/source/FreeRTOS_DNS_Parser.o
 .rodata.__FUNCTION__.0
                0x000000000000ad96        0xf build//home/kj/FreeRTOS/FreeRTOS-Plus/Source/FreeRTOS-Plus-TCP/source/FreeRTOS_DNS_Parser.o
 .rodata.__FUNCTION__.1
                0x000000000000ada5       0x12 build//home/kj/FreeRTOS/FreeRTOS-Plus/Source/FreeRTOS-Plus-TCP/source/FreeRTOS_DNS_Parser.o
 .rodata.FreeRTOS_IPInit_Multi.str1.1
                0x000000000000adb7        0x8 build//home/kj/FreeRTOS/FreeRTOS-Plus/Source/FreeRTOS-Plus-TCP/source/FreeRTOS_IP.o
 .rodata.vReturnEthernetFrame.str1.1
                0x000000000000adbf       0x34 build//home/kj/FreeRTOS/FreeRTOS-Plus/Source/FreeRTOS-Plus-TCP/source/FreeRTOS_IP.o
                                         0x40 (size before relaxing)
 .rodata.__FUNCTION__.0
                0x000000000000adf3       0x15 build//home/kj/FreeRTOS/FreeRTOS-Plus/Source/FreeRTOS-Plus-TCP/source/FreeRTOS_IP.o
 .rodata.xBroadcastMACAddress
                0x000000000000ae08        0x6 build//home/kj/FreeRTOS/FreeRTOS-Plus/Source/FreeRTOS-Plus-TCP/source/FreeRTOS_IP.o
                0x000000000000ae08                xBroadcastMACAddress
 .rodata.usGenerateProtocolChecksum.str1.1
                0x000000000000ae0e       0x1e build//home/kj/FreeRTOS/FreeRTOS-Plus/Source/FreeRTOS-Plus-TCP/source/FreeRTOS_IP_Utils.o
                                         0x2a (size before relaxing)
 .rodata.__FUNCTION__.1